Component: ARM Compiler 5.05 update 1 (build 106) Tool: armlink [4d0efa]

==============================================================================

Section Cross References

    main.o(i.App_TaskCreate) refers to uctsk_osmeasure.o(i.App_OSViewTaskCreate) for App_OSViewTaskCreate
    main.o(i.App_TaskCreate) refers to uctsk_task.o(i.App_UCGUI_TaskCreate) for App_UCGUI_TaskCreate
    main.o(i.App_TaskStart) refers to os_cpu_c.o(i.OS_CPU_SysTickInit) for OS_CPU_SysTickInit
    main.o(i.App_TaskStart) refers to os_core.o(i.OSStatInit) for OSStatInit
    main.o(i.App_TaskStart) refers to main.o(i.App_TaskCreate) for App_TaskCreate
    main.o(i.App_TaskStart) refers to os_task.o(i.OSTaskSuspend) for OSTaskSuspend
    main.o(i.BEEP_RING) refers to stm32f10x_gpio.o(i.GPIO_SetBits) for GPIO_SetBits
    main.o(i.BEEP_RING) refers to main.o(i.DELAY_MS1) for DELAY_MS1
    main.o(i.BEEP_RING) refers to stm32f10x_gpio.o(i.GPIO_ResetBits) for GPIO_ResetBits
    main.o(i.BEEP_RING) refers to uctsk_task.o(.data) for BeeperFlg
    main.o(i.BEEP_RING1) refers to stm32f10x_gpio.o(i.GPIO_SetBits) for GPIO_SetBits
    main.o(i.BEEP_RING1) refers to main.o(i.DELAY_MS1) for DELAY_MS1
    main.o(i.BEEP_RING1) refers to stm32f10x_gpio.o(i.GPIO_ResetBits) for GPIO_ResetBits
    main.o(i.BEEP_RING3) refers to stm32f10x_gpio.o(i.GPIO_SetBits) for GPIO_SetBits
    main.o(i.BEEP_RING3) refers to main.o(i.DELAY_MS1) for DELAY_MS1
    main.o(i.BEEP_RING3) refers to stm32f10x_gpio.o(i.GPIO_ResetBits) for GPIO_ResetBits
    main.o(i.BEEP_RING3) refers to uctsk_task.o(.data) for BeeperFlg
    main.o(i.CH3_value_set) refers to f2d.o(.text) for __aeabi_f2d
    main.o(i.CH3_value_set) refers to cdrcmple.o(.text) for __aeabi_cdrcmple
    main.o(i.CH3_value_set) refers to cdcmple.o(.text) for __aeabi_cdcmple
    main.o(i.CH3_value_set) refers to main.o(i.Select_CH3) for Select_CH3
    main.o(i.CH3_value_set) refers to stm32f10x_gpio.o(i.GPIO_ResetBits) for GPIO_ResetBits
    main.o(i.CH3_value_set) refers to mainpage.o(.bss) for CHAN3
    main.o(i.CH3_value_set) refers to uctsk_task.o(.data) for ch3_ChannelSel
    main.o(i.Cal_Test) refers to fadd.o(.text) for __aeabi_fsub
    main.o(i.Cal_Test) refers to cfrcmple.o(.text) for __aeabi_cfrcmple
    main.o(i.Cal_Test) refers to fdiv.o(.text) for __aeabi_fdiv
    main.o(i.Cal_Test) refers to fmul.o(.text) for __aeabi_fmul
    main.o(i.GPIO_Configuration) refers to stm32f10x_rcc.o(i.RCC_APB2PeriphClockCmd) for RCC_APB2PeriphClockCmd
    main.o(i.GPIO_Configuration) refers to stm32f10x_gpio.o(i.GPIO_Init) for GPIO_Init
    main.o(i.GPIO_Configuration) refers to stm32f10x_gpio.o(i.GPIO_SetBits) for GPIO_SetBits
    main.o(i.GPIO_Configuration) refers to stm32f10x_gpio.o(i.GPIO_ResetBits) for GPIO_ResetBits
    main.o(i.GPIO_Configuration) refers to main.o(i.HT1621_IO_init) for HT1621_IO_init
    main.o(i.GPIO_Configuration) refers to main.o(i.LedDisp_IO_init) for LedDisp_IO_init
    main.o(i.GPIO_Configuration) refers to main.o(i.Key_IO_init) for Key_IO_init
    main.o(i.GPIO_Configuration) refers to stm32f10x_gpio.o(i.GPIO_ReadInputDataBit) for GPIO_ReadInputDataBit
    main.o(i.GPIO_Configuration) refers to main.o(.data) for cal_mode_enable
    main.o(i.HT1621_IO_init) refers to stm32f10x_rcc.o(i.RCC_APB2PeriphClockCmd) for RCC_APB2PeriphClockCmd
    main.o(i.HT1621_IO_init) refers to stm32f10x_gpio.o(i.GPIO_Init) for GPIO_Init
    main.o(i.IWDG_Configuration) refers to stm32f10x_iwdg.o(i.IWDG_WriteAccessCmd) for IWDG_WriteAccessCmd
    main.o(i.IWDG_Configuration) refers to stm32f10x_iwdg.o(i.IWDG_SetPrescaler) for IWDG_SetPrescaler
    main.o(i.IWDG_Configuration) refers to stm32f10x_iwdg.o(i.IWDG_SetReload) for IWDG_SetReload
    main.o(i.IWDG_Configuration) refers to stm32f10x_iwdg.o(i.IWDG_ReloadCounter) for IWDG_ReloadCounter
    main.o(i.IWDG_Configuration) refers to stm32f10x_iwdg.o(i.IWDG_Enable) for IWDG_Enable
    main.o(i.Key_IO_init) refers to stm32f10x_rcc.o(i.RCC_APB2PeriphClockCmd) for RCC_APB2PeriphClockCmd
    main.o(i.Key_IO_init) refers to stm32f10x_gpio.o(i.GPIO_Init) for GPIO_Init
    main.o(i.LedDisp_IO_init) refers to stm32f10x_rcc.o(i.RCC_APB2PeriphClockCmd) for RCC_APB2PeriphClockCmd
    main.o(i.LedDisp_IO_init) refers to stm32f10x_gpio.o(i.GPIO_Init) for GPIO_Init
    main.o(i.Select_CH3) refers to stm32f10x_gpio.o(i.GPIO_SetBits) for GPIO_SetBits
    main.o(i.Select_CH3) refers to stm32f10x_gpio.o(i.GPIO_ResetBits) for GPIO_ResetBits
    main.o(i.Select_CH3) refers to touchpanel.o(i.WriteAll_1621_CH1) for WriteAll_1621_CH1
    main.o(i.Select_CH3) refers to mainpage.o(.bss) for CHAN3
    main.o(i.Select_CH3) refers to main.o(.data) for CH3_SET_FLG
    main.o(i.Select_recall) refers to stm32f10x_gpio.o(i.GPIO_ResetBits) for GPIO_ResetBits
    main.o(i.Select_recall) refers to stm32f10x_gpio.o(i.GPIO_SetBits) for GPIO_SetBits
    main.o(i.fputc) refers to stm32f10x_usart.o(i.USART_SendData) for USART_SendData
[...]
    ch2_curr_reflesh                         0x2000011c   Data           4  mainpage.o(.data)
    ch1_curr_cnt                             0x20000120   Data           4  mainpage.o(.data)
    ch2_curr_cnt                             0x20000124   Data           4  mainpage.o(.data)
    CH1_adc_flg                              0x20000128   Data           1  uctsk_osmeasure.o(.data)
    para_reflseh                             0x20000129   Data           1  uctsk_osmeasure.o(.data)
    CH2_adc_flg                              0x2000012a   Data           1  uctsk_osmeasure.o(.data)
    zero_down_flg                            0x2000012b   Data           1  uctsk_osmeasure.o(.data)
    zero_down_flg1                           0x2000012c   Data           1  uctsk_osmeasure.o(.data)
    adc_in_flg                               0x2000012d   Data           1  uctsk_osmeasure.o(.data)
    AD_value_v                               0x20000130   Data           4  uctsk_osmeasure.o(.data)
    AD_value_c                               0x20000134   Data           4  uctsk_osmeasure.o(.data)
    AD_volt_index1                           0x20000138   Data           4  uctsk_osmeasure.o(.data)
    AD_volt_index2                           0x2000013c   Data           4  uctsk_osmeasure.o(.data)
    AD_curr_index1                           0x20000140   Data           4  uctsk_osmeasure.o(.data)
    AD_curr_index2                           0x20000144   Data           4  uctsk_osmeasure.o(.data)
    index_all                                0x20000148   Data           4  uctsk_osmeasure.o(.data)
    AD_value                                 0x20000150   Data           4  uctsk_osmeasure.o(.data)
    ad_test                                  0x20000154   Data           4  uctsk_osmeasure.o(.data)
    Adc_get_clear                            0x20000158   Data           1  uctsk_osmeasure.o(.data)
    LoadFlg                                  0x20000159   Data           1  uctsk_osmeasure.o(.data)
    AD_Temp                                  0x2000015c   Data           4  uctsk_osmeasure.o(.data)
    adc_test_start                           0x20000160   Data           4  uctsk_osmeasure.o(.data)
    ad_num                                   0x20000164   Data           4  uctsk_osmeasure.o(.data)
    recall_test                              0x20000168   Data           1  uctsk_osmeasure.o(.data)
    wUSBTMCstate                             0x2000016c   Data           2  usbtmc.o(.data)
    zIDN_string                              0x2000016e   Data          29  usbtmc.o(.data)
    iCmdMsgLen                               0x2000018c   Data           4  usbtmc.o(.data)
    pbCmdMsgBuf                              0x20000190   Data           4  usbtmc.o(.data)
    iRspMsgLen                               0x20000194   Data           4  usbtmc.o(.data)
    pbRspMsgBuf                              0x20000198   Data           4  usbtmc.o(.data)
    tmc_SRQpending                           0x2000019c   Data           1  usbtmc.o(.data)
    tmc_DeviceClear                          0x2000019d   Data           1  usbtmc.o(.data)
    tmc_AbortBulkOutReq                      0x2000019e   Data           1  usbtmc.o(.data)
    tmc_AbortBulkInReq                       0x2000019f   Data           1  usbtmc.o(.data)
    yBulkOutTferInProgress                   0x200001a0   Data           1  usbtmc.o(.data)
    yBulkInTferInProgress                    0x200001a1   Data           1  usbtmc.o(.data)
    yUSB488_REN                              0x200001a2   Data           1  usbtmc.o(.data)
    yUSB488_LLO                              0x200001a3   Data           1  usbtmc.o(.data)
    RxMsgBytesRemaining                      0x200001a4   Data           4  usbtmc.o(.data)
    RxMsgBytesTransferred                    0x200001a8   Data           4  usbtmc.o(.data)
    TxMsgBytesRemaining                      0x200001ac   Data           4  usbtmc.o(.data)
    TxMsgBytesTransferred                    0x200001b0   Data           4  usbtmc.o(.data)
    gbSTB                                    0x200001b4   Data           1  usbtmc.o(.data)
    gbSRE                                    0x200001b5   Data           1  usbtmc.o(.data)
    gwESE                                    0x200001b6   Data           2  usbtmc.o(.data)
    gwESR                                    0x200001b8   Data           2  usbtmc.o(.data)
    iwaConfigParam                           0x200001ba   Data           8  usbtmc.o(.data)
    wButtonHitCounter                        0x200001c2   Data           2  usbtmc.o(.data)
    yIndLEDstate                             0x200001c4   Data           1  usbtmc.o(.data)
    gb5msecTaskReq                           0x200001c5   Data           1  usbtmc.o(.data)
    gb50mSecTaskReq                          0x200001c6   Data           1  usbtmc.o(.data)
    gb500msecTaskReq                         0x200001c7   Data           1  usbtmc.o(.data)
    glDebugFlags                             0x200001c8   Data           4  usbtmc.o(.data)
    yProgMessRecd                            0x200001f0   Data           1  usbtmc.o(.data)
    test_tmc                                 0x200001f1   Data           1  usbtmc.o(.data)
    scpi_Interface_type                      0x20000200   Data           1  scpi.o(.data)
    s_SofewareVersion                        0x20000204   Data           4  scpi.o(.data)
    s_HardwareVersion                        0x20000208   Data           4  scpi.o(.data)
    REG_STAT                                 0x2000020c   Data           2  scpi.o(.data)
    SCPI_CH1_FLG                             0x2000020e   Data           1  scpi.o(.data)
    SCPI_CH2_FLG                             0x2000020f   Data           1  scpi.o(.data)
    SCPI_CH1ON_SET                           0x20000210   Data           1  scpi.o(.data)
    SCPI_CH2ON_SET                           0x20000211   Data           1  scpi.o(.data)
    Scpi_Measure_Qury                        0x20000212   Data           1  scpi.o(.data)
    s1_MEASure_CURRent                       0x20000213   Data          17  scpi.o(.data)
    s2_MEASure_CURRent                       0x20000224   Data          14  scpi.o(.data)
    s3_MEASure_CURRent                       0x20000232   Data          11  scpi.o(.data)
    s4_MEASure_CURRent                       0x2000023d   Data          14  scpi.o(.data)
    s1_MEASure_VOLTage                       0x2000024b   Data          17  scpi.o(.data)
    s2_MEASure_VOLTage                       0x2000025c   Data          14  scpi.o(.data)
    s3_MEASure_VOLTage                       0x2000026a   Data          11  scpi.o(.data)
    s4_MEASure_VOLTage                       0x20000275   Data          14  scpi.o(.data)
    s1_CH1_MEASure_CURRent                   0x20000283   Data          21  scpi.o(.data)
    s2_CH1_MEASure_CURRent                   0x20000298   Data          18  scpi.o(.data)
    s3_CH1_MEASure_CURRent                   0x200002aa   Data          15  scpi.o(.data)
    s4_CH1_MEASure_CURRent                   0x200002b9   Data          18  scpi.o(.data)
    s1_CH1_MEASure_VOLTage                   0x200002cb   Data          21  scpi.o(.data)
    s2_CH1_MEASure_VOLTage                   0x200002e0   Data          18  scpi.o(.data)
    s3_CH1_MEASure_VOLTage                   0x200002f2   Data          15  scpi.o(.data)
    s4_CH1_MEASure_VOLTage                   0x20000301   Data          18  scpi.o(.data)
    s1_CH2_MEASure_CURRent                   0x20000313   Data          21  scpi.o(.data)
    s2_CH2_MEASure_CURRent                   0x20000328   Data          18  scpi.o(.data)
    s3_CH2_MEASure_CURRent                   0x2000033a   Data          15  scpi.o(.data)
    s4_CH2_MEASure_CURRent                   0x20000349   Data          18  scpi.o(.data)
    s1_CH2_MEASure_VOLTage                   0x2000035b   Data          21  scpi.o(.data)
    s2_CH2_MEASure_VOLTage                   0x20000370   Data          18  scpi.o(.data)
    s3_CH2_MEASure_VOLTage                   0x20000382   Data          15  scpi.o(.data)
    s4_CH2_MEASure_VOLTage                   0x20000391   Data          18  scpi.o(.data)
    s1_CH3_MEASure_VOLTage                   0x200003a3   Data          21  scpi.o(.data)
    s2_CH3_MEASure_VOLTage                   0x200003b8   Data          18  scpi.o(.data)
    s3_CH3_MEASure_VOLTage                   0x200003ca   Data          15  scpi.o(.data)
    s4_CH3_MEASure_VOLTage                   0x200003d9   Data          18  scpi.o(.data)
    s1_MEASure_POWEr                         0x200003eb   Data          15  scpi.o(.data)
    s2_MEASure_POWEr                         0x200003fa   Data          12  scpi.o(.data)
    s3_MEASure_POWEr                         0x20000406   Data          11  scpi.o(.data)
    s4_MEASure_POWEr                         0x20000411   Data          14  scpi.o(.data)
    s_idn                                    0x2000041f   Data           6  scpi.o(.data)
    s_sav                                    0x20000425   Data           5  scpi.o(.data)
    s_rcl                                    0x2000042a   Data           5  scpi.o(.data)
    s_cal_param_cls                          0x2000042f   Data           8  scpi.o(.data)
    s_cal_para_st                            0x20000437   Data           7  scpi.o(.data)
    s1_INSTrument                            0x2000043e   Data          11  scpi.o(.data)
    s5_INSTrument                            0x20000449   Data           5  scpi.o(.data)
    s_tst                                    0x2000044e   Data           8  scpi.o(.data)
    sa_brument                               0x20000456   Data           9  scpi.o(.data)
    s2_INSTrument                            0x2000045f   Data          12  scpi.o(.data)
    s3_INSTrument                            0x2000046b   Data           5  scpi.o(.data)
    s4_INSTrument                            0x20000470   Data           6  scpi.o(.data)
    s1_QCURRent                              0x20000476   Data           9  scpi.o(.data)
    s2_QCURRent                              0x2000047f   Data           6  scpi.o(.data)
    s1_CH1_QCURRent                          0x20000485   Data          13  scpi.o(.data)
    s2_CH1_QCURRent                          0x20000492   Data          10  scpi.o(.data)
    s1_CH2_QCURRent                          0x2000049c   Data          13  scpi.o(.data)
    s2_CH2_QCURRent                          0x200004a9   Data          10  scpi.o(.data)
    s1_CH1_QVOLTage                          0x200004b3   Data          13  scpi.o(.data)
    s2_CH1_QVOLTage                          0x200004c0   Data          10  scpi.o(.data)
    s1_CH2_QVOLTage                          0x200004ca   Data          13  scpi.o(.data)
    s2_CH2_QVOLTage                          0x200004d7   Data          10  scpi.o(.data)
    s1_CH3_QVOLTage                          0x200004e1   Data          13  scpi.o(.data)
    s2_CH3_QVOLTage                          0x200004ee   Data          10  scpi.o(.data)
    s1_QVOLTage                              0x200004f8   Data           9  scpi.o(.data)
    s2_QVOLTage                              0x20000501   Data           6  scpi.o(.data)
    s1_CH1_CURRent                           0x20000507   Data          12  scpi.o(.data)
    s2_CH1_CURRent                           0x20000513   Data           9  scpi.o(.data)
    s1_CH2_CURRent                           0x2000051c   Data          12  scpi.o(.data)
    s2_CH2_CURRent                           0x20000528   Data           9  scpi.o(.data)
    s1_CURRent                               0x20000531   Data           8  scpi.o(.data)
    s2_CURRent                               0x20000539   Data           5  scpi.o(.data)
    s1_CH1_VOLTage                           0x2000053e   Data          12  scpi.o(.data)
    s2_CH1_VOLTage                           0x2000054a   Data           9  scpi.o(.data)
    s1_CH2_VOLTage                           0x20000553   Data          12  scpi.o(.data)
    s2_CH2_VOLTage                           0x2000055f   Data           9  scpi.o(.data)
    s1_CH3_VOLTage                           0x20000568   Data          12  scpi.o(.data)
    s2_CH3_VOLTage                           0x20000574   Data           9  scpi.o(.data)
    s1_OVP_STATUS                            0x2000057d   Data           9  scpi.o(.data)
    s2_OVP_STATUS                            0x20000586   Data          11  scpi.o(.data)
    s1_OCP_STATUS                            0x20000591   Data           9  scpi.o(.data)
    s2_OCP_STATUS                            0x2000059a   Data          11  scpi.o(.data)
    s1_OVP_SETTING                           0x200005a5   Data          12  scpi.o(.data)
    s2_OVP_SETTING                           0x200005b1   Data           8  scpi.o(.data)
    s1_OCP_SETTING                           0x200005b9   Data          12  scpi.o(.data)
    s2_OCP_SETTING                           0x200005c5   Data           8  scpi.o(.data)
    s1_OVP_VALUE                             0x200005cd   Data          10  scpi.o(.data)
    s1_OCP_VALUE                             0x200005d7   Data          11  scpi.o(.data)
    s1_VOLTage                               0x200005e2   Data           8  scpi.o(.data)
    s2_VOLTage                               0x200005ea   Data           5  scpi.o(.data)
    s1_OUTPut                                0x200005ef   Data           7  scpi.o(.data)
    s2_OUTPut                                0x200005f6   Data           5  scpi.o(.data)
    s1_OUTPut_TRACK                          0x200005fb   Data          13  scpi.o(.data)
    s2_OUTPut_TRACK                          0x20000608   Data          11  scpi.o(.data)
    s1_OUTPut_WAVE                           0x20000613   Data          12  scpi.o(.data)
    s2_OUTPut_WAVE                           0x2000061f   Data          10  scpi.o(.data)
    s1_QOUTPut_WAVE                          0x20000629   Data          13  scpi.o(.data)
    s2_QOUTPut_WAVE                          0x20000636   Data          11  scpi.o(.data)
    s1_TIMEr                                 0x20000641   Data           6  scpi.o(.data)
    s2_TIMEr                                 0x20000647   Data           5  scpi.o(.data)
    s1_TIMEr_SET                             0x2000064c   Data          10  scpi.o(.data)
    s2_TIMEr_SET                             0x20000656   Data           9  scpi.o(.data)
    s1_QTIMEr_SET                            0x2000065f   Data          11  scpi.o(.data)
    s2_QTIMEr_SET                            0x2000066a   Data          10  scpi.o(.data)
    s1_SYSTem_ERRor                          0x20000674   Data          14  scpi.o(.data)
    s2_SYSTem_ERRor                          0x20000682   Data          12  scpi.o(.data)
    s3_SYSTem_ERRor                          0x2000068e   Data          10  scpi.o(.data)
    s4_SYSTem_ERRor                          0x20000698   Data          12  scpi.o(.data)
    s1_SYSTem_VERSion                        0x200006a4   Data          16  scpi.o(.data)
    s2_SYSTem_VERSion                        0x200006b4   Data          14  scpi.o(.data)
    s3_SYSTem_VERSion                        0x200006c2   Data          11  scpi.o(.data)
    s4_SYSTem_VERSion                        0x200006cd   Data          13  scpi.o(.data)
    s1_SYSTem_STATus                         0x200006da   Data          15  scpi.o(.data)
    s2_SYSTem_STATus                         0x200006e9   Data          13  scpi.o(.data)
    s3_SYSTem_STATus                         0x200006f6   Data          11  scpi.o(.data)
    s4_SYSTem_STATus                         0x20000701   Data          13  scpi.o(.data)
    s1_CH3_READ_STATus                       0x2000070e   Data          12  scpi.o(.data)
    s2_CH3_READ_STATus                       0x2000071a   Data          10  scpi.o(.data)
    s1_CALibration_VOLTage                   0x20000724   Data          20  scpi.o(.data)
    s2_CALibration_VOLTage                   0x20000738   Data          12  scpi.o(.data)
    s3_CALibration_VOLTage                   0x20000744   Data           9  scpi.o(.data)
    s4_CALibration_VOLTage                   0x2000074d   Data          17  scpi.o(.data)
    s1_CALibration_CURRent                   0x2000075e   Data          20  scpi.o(.data)
    s2_CALibration_CURRent                   0x20000772   Data          12  scpi.o(.data)
    s3_CALibration_CURRent                   0x2000077e   Data           9  scpi.o(.data)
    s4_CALibration_CURRent                   0x20000787   Data          17  scpi.o(.data)
    s_count_read                             0x20000798   Data          10  scpi.o(.data)
    s_read_product                           0x200007a2   Data          14  scpi.o(.data)
    s_key                                    0x200007b0   Data           9  scpi.o(.data)
    s_upgrade                                0x200007b9   Data           9  scpi.o(.data)
    s_serial_set                             0x200007c2   Data           5  scpi.o(.data)
    s_serial_enq                             0x200007c7   Data           6  scpi.o(.data)
    s_read_all                               0x200007cd   Data          10  scpi.o(.data)
    s_debug_flags                            0x200007d7   Data          13  scpi.o(.data)
    file_num                                 0x200007e4   Data           1  scpi.o(.data)
    recall_flg                               0x200007e5   Data           1  scpi.o(.data)
    scpi_channel                             0x200007e6   Data           1  scpi.o(.data)
    scpi_timer_flg                           0x200007e7   Data           1  scpi.o(.data)
    Ch1VoltLedBuf                            0x200007e8   Data           4  touchpanel.o(.data)
    Ch2VoltLedBuf                            0x200007ec   Data           4  touchpanel.o(.data)
    Ch3VoltLedBuf                            0x200007f0   Data           2  touchpanel.o(.data)
    Ch1CurrLedBuf                            0x200007f2   Data           4  touchpanel.o(.data)
    Ch2CurrLedBuf                            0x200007f6   Data           4  touchpanel.o(.data)
    Ch1PowerLedBuf                           0x200007fa   Data           4  touchpanel.o(.data)
    Ch2PowerLedBuf                           0x200007fe   Data           4  touchpanel.o(.data)
    ch1OVPLedBuf                             0x20000802   Data           1  touchpanel.o(.data)
    ch2OVPLedBuf                             0x20000803   Data           1  touchpanel.o(.data)
    beepLedbuf                               0x20000804   Data           1  touchpanel.o(.data)
    OTPLedBuf                                0x20000805   Data           1  touchpanel.o(.data)
    LCD_ADD                                  0x20000806   Data          10  touchpanel.o(.data)
    LCD_ADD_M                                0x20000810   Data          10  touchpanel.o(.data)
    LCD_ADD_CH3                              0x2000081a   Data          10  touchpanel.o(.data)
    LCD_ADD_DOT                              0x20000824   Data          10  touchpanel.o(.data)
    display                                  0x2000082e   Data           4  touchpanel.o(.data)
    DisplaySample                            0x20000832   Data          12  touchpanel.o(.data)
    ADS1118_Voltage                          0x20000840   Data           4  touchpanel.o(.data)
    advalue                                  0x20000844   Data           2  touchpanel.o(.data)
    SystemCoreClock                          0x2000085c   Data           4  system_stm32f10x.o(.data)
    AHBPrescTable                            0x20000860   Data          16  system_stm32f10x.o(.data)
    OSCtxSwCtr                               0x20000874   Data           4  os_core.o(.data)
    OSEventFreeList                          0x20000878   Data           4  os_core.o(.data)
    OSFlagFreeList                           0x2000087c   Data           4  os_core.o(.data)
    OSCPUUsage                               0x20000880   Data           1  os_core.o(.data)
    OSIdleCtrMax                             0x20000884   Data           4  os_core.o(.data)
    OSIdleCtrRun                             0x20000888   Data           4  os_core.o(.data)
    OSStatRdy                                0x2000088c   Data           1  os_core.o(.data)
    OSIntNesting                             0x2000088d   Data           1  os_core.o(.data)
    OSLockNesting                            0x2000088e   Data           1  os_core.o(.data)
    OSPrioCur                                0x2000088f   Data           1  os_core.o(.data)
    OSPrioHighRdy                            0x20000890   Data           1  os_core.o(.data)
    OSRdyGrp                                 0x20000891   Data           1  os_core.o(.data)
    OSRdyTbl                                 0x20000892   Data           8  os_core.o(.data)
    OSRunning                                0x2000089a   Data           1  os_core.o(.data)
    OSTaskCtr                                0x2000089b   Data           1  os_core.o(.data)
    OSIdleCtr                                0x2000089c   Data           4  os_core.o(.data)
    OSTCBCur                                 0x200008a0   Data           4  os_core.o(.data)
    OSTCBFreeList                            0x200008a4   Data           4  os_core.o(.data)
    OSTCBHighRdy                             0x200008a8   Data           4  os_core.o(.data)
    OSTCBList                                0x200008ac   Data           4  os_core.o(.data)
    OSTickStepState                          0x200008b0   Data           1  os_core.o(.data)
    OSMemFreeList                            0x200008b4   Data           4  os_core.o(.data)
    OSQFreeList                              0x200008b8   Data           4  os_core.o(.data)
    OSTime                                   0x200008bc   Data           4  os_core.o(.data)
    OSTmrFree                                0x200008c0   Data           2  os_core.o(.data)
    OSTmrUsed                                0x200008c2   Data           2  os_core.o(.data)
    OSTmrTime                                0x200008c4   Data           4  os_core.o(.data)
    OSTmrSem                                 0x200008c8   Data           4  os_core.o(.data)
    OSTmrSemSignal                           0x200008cc   Data           4  os_core.o(.data)
    OSTmrFreeList                            0x200008d0   Data           4  os_core.o(.data)
    OSView_CyclesCtr                         0x200008d4   Data           4  os_view.o(.data)
    OSView_TmrCntsPrev                       0x200008d8   Data           2  os_view.o(.data)
    OSView_RxState                           0x200008da   Data           1  os_view.o(.data)
    OSView_RxRemainLen                       0x200008db   Data           1  os_view.o(.data)
    OSView_RxChkSum                          0x200008dc   Data           1  os_view.o(.data)
    OSView_RxBufCnt                          0x200008dd   Data           1  os_view.o(.data)
    OSView_RxRdIx                            0x200008de   Data           1  os_view.o(.data)
    OSView_RxCtr                             0x200008e0   Data           4  os_view.o(.data)
    OSView_RxPktCtr                          0x200008e4   Data           2  os_view.o(.data)
    OSView_TxLen                             0x200008e6   Data           2  os_view.o(.data)
    OSView_TxIx                              0x200008e8   Data           2  os_view.o(.data)
    OSView_TxChkSum                          0x200008ea   Data           1  os_view.o(.data)
    OSView_TxState                           0x200008eb   Data           1  os_view.o(.data)
    OSView_TxActiveFlag                      0x200008ec   Data           1  os_view.o(.data)
    OSView_TxBufCnt                          0x200008ee   Data           2  os_view.o(.data)
    OSView_TxBufPtr                          0x200008f0   Data           4  os_view.o(.data)
    OSView_TxCtr                             0x200008f4   Data           4  os_view.o(.data)
    OSView_TxPktCtr                          0x200008f8   Data           2  os_view.o(.data)
    OSView_TxStrLen                          0x200008fa   Data           2  os_view.o(.data)
    OSView_TxStrDlyCtr                       0x200008fc   Data           2  os_view.o(.data)
    OSView_TerminalRxCallbackFnct            0x20000900   Data           4  os_view.o(.data)
    StatusInfo                               0x20000908   Data           2  usb_core.o(.data)
    EPindex                                  0x2000090c   Data           1  usb_init.o(.data)
    pInformation                             0x20000910   Data           4  usb_init.o(.data)
    pProperty                                0x20000914   Data           4  usb_init.o(.data)
    SaveState                                0x20000918   Data           2  usb_init.o(.data)
    wInterrupt_Mask                          0x2000091a   Data           2  usb_init.o(.data)
    pUser_Standard_Requests                  0x2000091c   Data           4  usb_init.o(.data)
    SaveRState                               0x20000920   Data           2  usb_int.o(.data)
    SaveTState                               0x20000922   Data           2  usb_int.o(.data)
    TxBusy                                   0x20000924   Data           1  usb_int.o(.data)
    bDeviceState                             0x20000925   Data           1  usb_pwr.o(.data)
    fSuspendEnabled                          0x20000926   Data           1  usb_pwr.o(.data)
    ResumeS                                  0x20000927   Data           2  usb_pwr.o(.data)
    Virtual_Com_Port_StringSerial            0x20000929   Data          30  usb_desc.o(.data)
    count_out                                0x20000948   Data           4  usb_endp.o(.data)
    receive_stat                             0x2000094c   Data           1  usb_endp.o(.data)
    count_in                                 0x20000950   Data           4  usb_endp.o(.data)
    count_num                                0x20000954   Data           2  usb_endp.o(.data)
    wIstr                                    0x20000958   Data           2  usb_istr.o(.data)
    bIntPackSOF                              0x2000095a   Data           1  usb_istr.o(.data)
    pEpInt_IN                                0x2000095c   Data          28  usb_istr.o(.data)
    pEpInt_OUT                               0x20000978   Data          28  usb_istr.o(.data)
    Request                                  0x20000994   Data           1  usb_prop.o(.data)
    ren                                      0x20000995   Data           1  usb_prop.o(.data)
    stat                                     0x20000996   Data           2  usb_prop.o(.data)
    answer_num                               0x20000998   Data           1  usb_prop.o(.data)
    linecoding                               0x20000999   Data          24  usb_prop.o(.data)
    Device_Table                             0x200009b1   Data           2  usb_prop.o(.data)
    Device_Property                          0x200009b4   Data          48  usb_prop.o(.data)
    User_Standard_Requests                   0x200009e4   Data          36  usb_prop.o(.data)
    Device_Descriptor                        0x20000a08   Data           8  usb_prop.o(.data)
    Config_Descriptor                        0x20000a10   Data           8  usb_prop.o(.data)
    String_Descriptor                        0x20000a18   Data          32  usb_prop.o(.data)
    __stdout                                 0x20000a38   Data           4  stdout.o(.data)
    DsipBuffer                               0x20000b40   Data          16  main.o(.bss)
    para_factory                             0x20000b50   Data          60  main.o(.bss)
    USART_RX_BUF                             0x20001f90   Data         200  use.o(.bss)
    Cal_Volt                                 0x20002058   Data          16  mainpage.o(.bss)
    Cal_VoltSet                              0x20002068   Data          16  mainpage.o(.bss)
    Cal_Curr                                 0x20002078   Data          16  mainpage.o(.bss)
    Cal_CurrSet                              0x20002088   Data          16  mainpage.o(.bss)
    PARA_K                                   0x20002098   Data          96  mainpage.o(.bss)
    CHAN1                                    0x200020f8   Data         120  mainpage.o(.bss)
    CHAN2                                    0x20002170   Data         120  mainpage.o(.bss)
    CHAN3                                    0x200021e8   Data         120  mainpage.o(.bss)
    DISP_CH1                                 0x20002260   Data          12  mainpage.o(.bss)
    DISP_CH2                                 0x2000226c   Data          12  mainpage.o(.bss)
    TIMER_CH1                                0x20002278   Data          24  mainpage.o(.bss)
    TIMER_CH2                                0x20002290   Data          24  mainpage.o(.bss)
    para_store                               0x200022a8   Data          60  mainpage.o(.bss)
    g_stat                                   0x200022e4   Data          21  mainpage.o(.bss)
    AD_value_volt_ch1                        0x20002300   Data          20  uctsk_osmeasure.o(.bss)
    AD_value_volt_ch2                        0x20002314   Data          20  uctsk_osmeasure.o(.bss)
    AD_value_curr_ch1                        0x20002328   Data          20  uctsk_osmeasure.o(.bss)
    AD_value_curr_ch2                        0x2000233c   Data          20  uctsk_osmeasure.o(.bss)
    AD_test                                  0x20002750   Data          40  uctsk_osmeasure.o(.bss)
    abCommandBuf                             0x20002778   Data         100  usbtmc.o(.bss)
    ControlData                              0x200027dc   Data          80  usbtmc.o(.bss)
    abResponseBuf                            0x2000282c   Data        1500  usbtmc.o(.bss)
    DevDepOutHeader                          0x20002e08   Data          12  usbtmc.o(.bss)
    ReqDevDepInHeader                        0x20002e14   Data          12  usbtmc.o(.bss)
    DevDepInHeader                           0x20002e20   Data          12  usbtmc.o(.bss)
    apParamStr                               0x20002e2c   Data          40  usbtmc.o(.bss)
    matrix                                   0x20002ee8   Data          56  touchpanel.o(.bss)
    ScreenSample                             0x20002f20   Data          12  touchpanel.o(.bss)
    buffer                                   0x20002f2c   Data          32  touchpanel.o(.bss)
    buffer1                                  0x20002f4c   Data          32  touchpanel.o(.bss)
    OSEventTbl                               0x20002f6c   Data         480  os_core.o(.bss)
    OSFlagTbl                                0x2000314c   Data          80  os_core.o(.bss)
    OSTaskStatStk                            0x2000319c   Data         256  os_core.o(.bss)
    OSTaskIdleStk                            0x2000329c   Data         128  os_core.o(.bss)
    OSTCBPrioTbl                             0x2000331c   Data         256  os_core.o(.bss)
    OSTCBTbl                                 0x2000341c   Data        1936  os_core.o(.bss)
    OSMemTbl                                 0x20003bac   Data         120  os_core.o(.bss)
    OSQTbl                                   0x20003c24   Data          96  os_core.o(.bss)
    OSTmrTbl                                 0x20003c84   Data         640  os_core.o(.bss)
    OSTmrTaskStk                             0x20003f04   Data         256  os_core.o(.bss)
    OSTmrWheelTbl                            0x20004004   Data          64  os_core.o(.bss)
    Device_Info                              0x20004044   Data          28  usb_init.o(.bss)
    buffer_out                               0x20004060   Data          64  usb_endp.o(.bss)
    USART_InitStructure                      0x200040a0   Data          16  usb_hwconfig.o(.bss)
    SCPI                                     0x200040b0   Data          68  usb_hwconfig.o(.bss)
    answer                                   0x200040f4   Data          10  usb_prop.o(.bss)
    __initial_sp                             0x20004500   Data           0  startup_stm32f10x_hd.o(STACK)



==============================================================================

Memory Map of the image

  Image Entry point : 0x08004131

  Load Region LR_IROM1 (Base: 0x08004000, Size: 0x000134a0, Max: 0x00020000, ABSOLUTE, COMPRESSED[0x00012d80])

    Execution Region ER_IROM1 (Base: 0x08004000, Size: 0x00012a60, Max: 0x00020000, ABSOLUTE)

    Base Addr    Size         Type   Attr      Idx    E Section Name        Object

    0x08004000   0x00000130   Data   RO         5735    RESET               startup_stm32f10x_hd.o
    0x08004130   0x00000000   Code   RO         8287  * .ARM.Collect$$$$00000000  mc_w.l(entry.o)
    0x08004130   0x00000004   Code   RO         8632    .ARM.Collect$$$$00000001  mc_w.l(entry2.o)
    0x08004134   0x00000004   Code   RO         8635    .ARM.Collect$$$$00000004  mc_w.l(entry5.o)
    0x08004138   0x00000000   Code   RO         8637    .ARM.Collect$$$$00000008  mc_w.l(entry7b.o)
    0x08004138   0x00000000   Code   RO         8639    .ARM.Collect$$$$0000000A  mc_w.l(entry8b.o)
    0x08004138   0x00000008   Code   RO         8640    .ARM.Collect$$$$0000000B  mc_w.l(entry9a.o)
    0x08004140   0x00000000   Code   RO         8642    .ARM.Collect$$$$0000000D  mc_w.l(entry10a.o)
    0x08004140   0x00000000   Code   RO         8644    .ARM.Collect$$$$0000000F  mc_w.l(entry11a.o)
    0x08004140   0x00000004   Code   RO         8633    .ARM.Collect$$$$00002712  mc_w.l(entry2.o)
    0x08004144   0x00000024   Code   RO         5736    .text               startup_stm32f10x_hd.o
    0x08004168   0x000000a4   Code   RO         5856    .text               os_cpu_a.o
    0x0800420c   0x0000002a   Code   RO         6751    .text               cpu_a.o
    0x08004236   0x00000002   PAD
    0x08004238   0x00000008   Code   RO         8290    .text               mc_w.l(ctype_o.o)
    0x08004240   0x00000012   Code   RO         8312    .text               mc_w.l(isspace_o.o)
    0x08004252   0x0000000c   Code   RO         8318    .text               mc_w.l(toupper.o)
    0x0800425e   0x00000024   Code   RO         8327    .text               mc_w.l(memcpya.o)
    0x08004282   0x00000024   Code   RO         8329    .text               mc_w.l(memseta.o)
    0x080042a6   0x0000000e   Code   RO         8331    .text               mc_w.l(strlen.o)
    0x080042b4   0x0000001a   Code   RO         8600    .text               mc_w.l(atoi.o)
    0x080042ce   0x000000b0   Code   RO         8602    .text               mf_w.l(fadd.o)
    0x0800437e   0x00000064   Code   RO         8604    .text               mf_w.l(fmul.o)
    0x080043e2   0x0000007c   Code   RO         8606    .text               mf_w.l(fdiv.o)
    0x0800445e   0x0000014e   Code   RO         8608    .text               mf_w.l(dadd.o)
    0x080045ac   0x000000e4   Code   RO         8610    .text               mf_w.l(dmul.o)
    0x08004690   0x000000de   Code   RO         8612    .text               mf_w.l(ddiv.o)
    0x0800476e   0x00000012   Code   RO         8614    .text               mf_w.l(fflti.o)
    0x08004780   0x0000000a   Code   RO         8616    .text               mf_w.l(ffltui.o)
    0x0800478a   0x00000028   Code   RO         8618    .text               mf_w.l(ffixui.o)
    0x080047b2   0x00000026   Code   RO         8620    .text               mf_w.l(f2d.o)
    0x080047d8   0x00000030   Code   RO         8622    .text               mf_w.l(cdcmple.o)
    0x08004808   0x00000030   Code   RO         8624    .text               mf_w.l(cdrcmple.o)
    0x08004838   0x00000038   Code   RO         8626    .text               mf_w.l(d2f.o)
    0x08004870   0x00000014   Code   RO         8628    .text               mf_w.l(cfcmple.o)
    0x08004884   0x00000014   Code   RO         8630    .text               mf_w.l(cfrcmple.o)
    0x08004898   0x0000002c   Code   RO         8647    .text               mc_w.l(uidiv.o)
    0x080048c4   0x00000062   Code   RO         8649    .text               mc_w.l(uldiv.o)
    0x08004926   0x0000001e   Code   RO         8651    .text               mc_w.l(llshl.o)
    0x08004944   0x00000024   Code   RO         8653    .text               mc_w.l(llsshr.o)
    0x08004968   0x0000009c   Code   RO         8668    .text               mc_w.l(strtod.o)
    0x08004a04   0x00000070   Code   RO         8670    .text               mc_w.l(strtol.o)
    0x08004a74   0x00000000   Code   RO         8672    .text               mc_w.l(iusefp.o)
    0x08004a74   0x0000006e   Code   RO         8673    .text               mf_w.l(fepilogue.o)
    0x08004ae2   0x000000ba   Code   RO         8675    .text               mf_w.l(depilogue.o)
    0x08004b9c   0x00000030   Code   RO         8677    .text               mf_w.l(dfixul.o)
    0x08004bcc   0x00000024   Code   RO         8679    .text               mc_w.l(init.o)
    0x08004bf0   0x00000020   Code   RO         8681    .text               mc_w.l(llushr.o)
    0x08004c10   0x00000338   Code   RO         8685    .text               mc_w.l(scanf_fp.o)
    0x08004f48   0x00000040   Code   RO         8689    .text               mc_w.l(_sgetc.o)
    0x08004f88   0x0000009e   Code   RO         8691    .text               mc_w.l(_strtoul.o)
    0x08005026   0x0000001c   Code   RO         8696    .text               mc_w.l(_chval.o)
    0x08005042   0x00000018   Code   RO         8698    .text               mf_w.l(dfltul.o)
    0x0800505a   0x00000056   Code   RO         8708    .text               mc_w.l(__dczerorl2.o)
    0x080050b0   0x0000011c   Code   RO         1965    i.AD7562_io         touchpanel.o
    0x080051cc   0x00000100   Code   RO         1972    i.ADS1118_Get_Voltage  touchpanel.o
    0x080052cc   0x000000f8   Code   RO         1973    i.ADS1118_Get_Voltage_CH2  touchpanel.o
    0x080053c4   0x00000080   Code   RO         1974    i.ADS1118_Read      touchpanel.o
    0x08005444   0x00000074   Code   RO         1975    i.ADS1118_Read_CH2  touchpanel.o
    0x080054b8   0x00000054   Code   RO         1976    i.ADS1118_init      touchpanel.o
    0x0800550c   0x00000058   Code   RO         1142    i.App_OSViewTaskCreate  uctsk_osmeasure.o
    0x08005564   0x00000002   Code   RO         6649    i.App_TCBInitHook   os_apphooks.o
    0x08005566   0x0000000c   Code   RO            1    i.App_TaskCreate    main.o
    0x08005572   0x0000000c   Code   RO         6650    i.App_TaskCreateHook  os_apphooks.o
    0x0800557e   0x00000002   Code   RO         6652    i.App_TaskIdleHook  os_apphooks.o
    0x08005580   0x00000016   Code   RO            2    i.App_TaskStart     main.o
    0x08005596   0x00000002   Code   RO         6654    i.App_TaskStatHook  os_apphooks.o
    0x08005598   0x00000008   Code   RO         6655    i.App_TaskSwHook    os_apphooks.o
    0x080055a0   0x00000008   Code   RO         6656    i.App_TimeTickHook  os_apphooks.o
    0x080055a8   0x00000120   Code   RO          291    i.App_UCGUI_TaskCreate  uctsk_task.o
    0x080056c8   0x00000038   Code   RO            3    i.BEEP_RING         main.o
    0x08005700   0x00000024   Code   RO            4    i.BEEP_RING1        main.o
    0x08005724   0x00000010   Code   RO         3430    i.BKP_DeInit        stm32f10x_bkp.o
    0x08005734   0x0000001c   Code   RO         3435    i.BKP_ReadBackupRegister  stm32f10x_bkp.o
    0x08005750   0x0000001c   Code   RO         3439    i.BKP_WriteBackupRegister  stm32f10x_bkp.o
    0x0800576c   0x00000004   Code   RO          452    i.BusFault_Handler  stm32f10x_it.o
    0x08005770   0x0000000c   Code   RO         7586    i.ByteSwap          usb_regs.o
    0x0800577c   0x000001c8   Code   RO         1673    i.CALibration_CURRent  scpi.o
    0x08005944   0x00000258   Code   RO         1674    i.CALibration_VOLTage  scpi.o
    0x08005b9c   0x000000f8   Code   RO         1675    i.CH1_CURRent       scpi.o
    0x08005c94   0x00000200   Code   RO         1143    i.CH1_Measure       uctsk_osmeasure.o
    0x08005e94   0x000000e8   Code   RO         1677    i.CH1_VOLTage       scpi.o
    0x08005f7c   0x000000bc   Code   RO         1985    i.CH2DAC7562_WR     touchpanel.o
    0x08006038   0x00000010   Code   RO         1986    i.CH2DAC_Set        touchpanel.o
    0x08006048   0x000000d8   Code   RO         1678    i.CH2_CURRent       scpi.o
    0x08006120   0x00000378   Code   RO         1144    i.CH2_Measure       uctsk_osmeasure.o
    0x08006498   0x000000d4   Code   RO         1679    i.CH2_VOLTage       scpi.o
    0x0800656c   0x0000005c   Code   RO         1993    i.CH3_ADS7040_Write_Read  touchpanel.o
    0x080065c8   0x00000078   Code   RO         1994    i.CH3_AD_GPIO_Init  touchpanel.o
    0x08006640   0x00000068   Code   RO         1996    i.CH3_DA_SPI_Init   touchpanel.o
    0x080066a8   0x00000064   Code   RO         1680    i.CH3_MEAsure_VOLTage  scpi.o
    0x0800670c   0x000000e0   Code   RO         1145    i.CH3_Measure       uctsk_osmeasure.o
    0x080067ec   0x00000060   Code   RO         1997    i.CH3_TLV5623_Write  touchpanel.o
    0x0800684c   0x000000a8   Code   RO         1681    i.CH3_VOLTage       scpi.o
    0x080068f4   0x0000000c   Code   RO         1998    i.CH3_ad_da_INIT    touchpanel.o
    0x08006900   0x0000003c   Code   RO         1682    i.CH3_read_STATus   scpi.o
    0x0800693c   0x00000014   Code   RO         1999    i.CH3_set_Dac       touchpanel.o
    0x08006950   0x00000174   Code   RO            6    i.CH3_value_set     main.o
    0x08006ac4   0x00000238   Code   RO         7533    i.CTR_LP            usb_int.o
    0x08006cfc   0x00000018   Code   RO         1683    i.CURRent           scpi.o
    0x08006d14   0x0000000c   Code   RO         1328    i.CalParam_Cls      usbtmc.o
    0x08006d20   0x0000003c   Code   RO         1329    i.CalParam_Store    usbtmc.o
    0x08006d5c   0x00000048   Code   RO          776    i.CalParam_deal     key_board.o
    0x08006da4   0x0000001a   Code   RO          918    i.Cal_Curr_Disp     mainpage.o
    0x08006dbe   0x00000072   Code   RO            7    i.Cal_Test          main.o
    0x08006e30   0x0000002c   Code   RO          919    i.Cal_Volt_Disp     mainpage.o
    0x08006e5c   0x00000034   Code   RO         7587    i.ClearDTOG_RX      usb_regs.o
    0x08006e90   0x00000034   Code   RO         7588    i.ClearDTOG_TX      usb_regs.o
    0x08006ec4   0x00000020   Code   RO         7593    i.Clear_Status_Out  usb_regs.o
    0x08006ee4   0x000000cc   Code   RO          922    i.Curr_Cur_Change   mainpage.o
    0x08006fb0   0x00000012   Code   RO          923    i.Curr_Disp         mainpage.o
    0x08006fc2   0x00000002   PAD
    0x08006fc4   0x000000d0   Code   RO         2000    i.DAC7562_WR        touchpanel.o
    0x08007094   0x00000010   Code   RO         2001    i.DAC_Set           touchpanel.o
    0x080070a4   0x0000001c   Code   RO            8    i.DELAY_MS          main.o
    0x080070c0   0x0000001c   Code   RO            9    i.DELAY_MS1         main.o
    0x080070dc   0x0000001c   Code   RO           10    i.DELAY_MS2         main.o
    0x080070f8   0x00000010   Code   RO          924    i.DISP_CURRENT_CAL_DISP  mainpage.o
    0x08007108   0x00000010   Code   RO          925    i.DISP_POWER        mainpage.o
    0x08007118   0x00000050   Code   RO         2002    i.DRAW_BEEPER_FLG   touchpanel.o
    0x08007168   0x00000034   Code   RO         2003    i.DRAW_CLEAR_OTP    touchpanel.o
    0x0800719c   0x00000048   Code   RO         2004    i.DRAW_CLEAR_PARA   touchpanel.o
    0x080071e4   0x00000048   Code   RO         2005    i.DRAW_CLEAR_SER    touchpanel.o
    0x0800722c   0x0000001c   Code   RO         2006    i.DRAW_LOCK_FLG     touchpanel.o
    0x08007248   0x00000098   Code   RO         2007    i.DRAW_OVP_OCP_FLG  touchpanel.o
    0x080072e0   0x00000050   Code   RO         2008    i.DRAW_SET_FLG      touchpanel.o
    0x08007330   0x0000008c   Code   RO         7356    i.DataStageIn       usb_core.o
    0x080073bc   0x000000bc   Code   RO         7357    i.DataStageOut      usb_core.o
    0x08007478   0x00000248   Code   RO         7358    i.Data_Setup0       usb_core.o
    0x080076c0   0x00000020   Code   RO          292    i.DealOTPMode       uctsk_task.o
    0x080076e0   0x00000002   Code   RO          453    i.DebugMon_Handler  stm32f10x_it.o
    0x080076e2   0x00000020   Code   RO         2009    i.DelayUS           touchpanel.o
    0x08007702   0x00000020   Code   RO         2010    i.DelayUS_ad        touchpanel.o
    0x08007722   0x00000002   PAD
    0x08007724   0x0000004c   Code   RO         8022    i.EP1_OUT_Callback  usb_endp.o
    0x08007770   0x0000000c   Code   RO         8023    i.EP2_IN_Callback   usb_endp.o
    0x0800777c   0x00000030   Code   RO          454    i.EXTI15_10_IRQHandler  stm32f10x_it.o
    0x080077ac   0x00000016   Code   RO          455    i.EXTI2_IRQHandler  stm32f10x_it.o
    0x080077c2   0x00000002   PAD
    0x080077c4   0x0000000c   Code   RO         3959    i.EXTI_ClearITPendingBit  stm32f10x_exti.o
    0x080077d0   0x00000028   Code   RO         3963    i.EXTI_GetITStatus  stm32f10x_exti.o
    0x080077f8   0x0000004c   Code   RO         2723    i.FLASH_ErasePage   stm32f10x_flash.o
    0x08007844   0x00000034   Code   RO         2724    i.FLASH_GetBank1Status  stm32f10x_flash.o
    0x08007878   0x0000001c   Code   RO         2735    i.FLASH_PrefetchBufferCmd  stm32f10x_flash.o
    0x08007894   0x0000006c   Code   RO         2738    i.FLASH_ProgramWord  stm32f10x_flash.o
    0x08007900   0x00000018   Code   RO         2740    i.FLASH_SetLatency  stm32f10x_flash.o
    0x08007918   0x00000018   Code   RO         2741    i.FLASH_Unlock      stm32f10x_flash.o
    0x08007930   0x00000026   Code   RO         2745    i.FLASH_WaitForLastOperation  stm32f10x_flash.o
    0x08007956   0x00000002   PAD
    0x08007958   0x000001a0   Code   RO           12    i.GPIO_Configuration  main.o
    0x08007af8   0x00000116   Code   RO         2898    i.GPIO_Init         stm32f10x_gpio.o
    0x08007c0e   0x00000002   PAD
    0x08007c10   0x00000090   Code   RO         2900    i.GPIO_PinRemapConfig  stm32f10x_gpio.o
    0x08007ca0   0x00000012   Code   RO         2902    i.GPIO_ReadInputDataBit  stm32f10x_gpio.o
    0x08007cb2   0x00000004   Code   RO         2905    i.GPIO_ResetBits    stm32f10x_gpio.o
    0x08007cb6   0x00000004   Code   RO         2906    i.GPIO_SetBits      stm32f10x_gpio.o
    0x08007cba   0x00000002   PAD
    0x08007cbc   0x00000020   Code   RO         7605    i.GetEPRxAddr       usb_regs.o
    0x08007cdc   0x00000024   Code   RO         7606    i.GetEPRxCount      usb_regs.o
    0x08007d00   0x00000020   Code   RO         7608    i.GetEPTxAddr       usb_regs.o
    0x08007d20   0x000002a4   Code   RO         2011    i.HT1621_Cal_curret_set  touchpanel.o
    0x08007fc4   0x00000014   Code   RO         2012    i.HT1621_Clear_Save_count  touchpanel.o
    0x08007fd8   0x00000104   Code   RO         2013    i.HT1621_Disp_CH3_volt  touchpanel.o
    0x080080dc   0x0000022c   Code   RO         2014    i.HT1621_Disp_Cal_curret  touchpanel.o
    0x08008308   0x00000234   Code   RO         2015    i.HT1621_Disp_Cal_volt  touchpanel.o
    0x0800853c   0x0000005c   Code   RO         2016    i.HT1621_Disp_ON_FLG  touchpanel.o
    0x08008598   0x00000020   Code   RO         2017    i.HT1621_Disp_Save_count  touchpanel.o
    0x080085b8   0x00000194   Code   RO         2018    i.HT1621_Disp_curret  touchpanel.o
    0x0800874c   0x000001ec   Code   RO         2019    i.HT1621_Disp_power  touchpanel.o
    0x08008938   0x00000158   Code   RO         2020    i.HT1621_Disp_volt  touchpanel.o
    0x08008a90   0x00000048   Code   RO           13    i.HT1621_IO_init    main.o
    0x08008ad8   0x000001e0   Code   RO         2021    i.HT1621_Test       touchpanel.o
    0x08008cb8   0x0000004e   Code   RO         2022    i.HT1621_clear_bit  touchpanel.o
    0x08008d06   0x00000048   Code   RO         2023    i.HT1621_set_bit    touchpanel.o
    0x08008d4e   0x00000004   Code   RO          456    i.HardFault_Handler  stm32f10x_it.o
    0x08008d52   0x00000002   PAD
    0x08008d54   0x0000008c   Code   RO         1332    i.INSTrument        usbtmc.o
    0x08008de0   0x00000020   Code   RO           14    i.IWDG_Configuration  main.o
    0x08008e00   0x00000010   Code   RO         4333    i.IWDG_Enable       stm32f10x_iwdg.o
    0x08008e10   0x00000010   Code   RO         4335    i.IWDG_ReloadCounter  stm32f10x_iwdg.o
    0x08008e20   0x0000000c   Code   RO         4336    i.IWDG_SetPrescaler  stm32f10x_iwdg.o
    0x08008e2c   0x0000000c   Code   RO         4337    i.IWDG_SetReload    stm32f10x_iwdg.o
    0x08008e38   0x0000000c   Code   RO         4338    i.IWDG_WriteAccessCmd  stm32f10x_iwdg.o
    0x08008e44   0x00000070   Code   RO         7359    i.In0_Process       usb_core.o
    0x08008eb4   0x000000b8   Code   RO           15    i.Key_IO_init       main.o
    0x08008f6c   0x00000830   Code   RO          293    i.LedDispSelect1    uctsk_task.o
    0x0800979c   0x000000ac   Code   RO           16    i.LedDisp_IO_init   main.o
    0x08009848   0x000001a0   Code   RO         1684    i.MEASure_CURRent   scpi.o
    0x080099e8   0x000001b4   Code   RO         1685    i.MEASure_POWEr     scpi.o
    0x08009b9c   0x00000118   Code   RO         1686    i.MEAsure_OCP       scpi.o
    0x08009cb4   0x00000118   Code   RO         1687    i.MEAsure_OVP       scpi.o
    0x08009dcc   0x00000220   Code   RO         1688    i.MEAsure_VOLTage   scpi.o
    0x08009fec   0x000001fc   Code   RO          929    i.Main_Disp_reflesh  mainpage.o
    0x0800a1e8   0x00000004   Code   RO          457    i.MemManage_Handler  stm32f10x_it.o
    0x0800a1ec   0x00000164   Code   RO          931    i.Mode_Disp         mainpage.o
    0x0800a350   0x00000002   Code   RO          458    i.NMI_Handler       stm32f10x_it.o
    0x0800a352   0x00000002   Code   RO         7360    i.NOP_Process       usb_core.o
    0x0800a354   0x00000060   Code   RO          677    i.NVIC_Configuration  rtc_time.o
    0x0800a3b4   0x00000070   Code   RO         2682    i.NVIC_Init         misc.o
    0x0800a424   0x00000014   Code   RO         2683    i.NVIC_PriorityGroupConfig  misc.o
    0x0800a438   0x00000014   Code   RO         2684    i.NVIC_SetVectorTable  misc.o
    0x0800a44c   0x00000144   Code   RO         7361    i.NoData_Setup0     usb_core.o
    0x0800a590   0x0000015c   Code   RO         5740    i.OSDebugInit       os_dbg.o
    0x0800a6ec   0x00000068   Code   RO         5860    i.OSEventNameSet    os_core.o
    0x0800a754   0x00000038   Code   RO         5862    i.OSInit            os_core.o
    0x0800a78c   0x0000000c   Code   RO         5755    i.OSInitHookBegin   os_cpu_c.o
    0x0800a798   0x00000002   Code   RO         5756    i.OSInitHookEnd     os_cpu_c.o
    0x0800a79a   0x00000002   PAD
    0x0800a79c   0x00000024   Code   RO         5863    i.OSIntEnter        os_core.o
    0x0800a7c0   0x00000090   Code   RO         5864    i.OSIntExit         os_core.o
    0x0800a850   0x00000040   Code   RO         5865    i.OSSchedLock       os_core.o
    0x0800a890   0x00000060   Code   RO         5866    i.OSSchedUnlock     os_core.o
    0x0800a8f0   0x00000054   Code   RO         6374    i.OSSemCreate       os_sem.o
    0x0800a944   0x000000f8   Code   RO         6376    i.OSSemPend         os_sem.o
    0x0800aa3c   0x0000005e   Code   RO         6378    i.OSSemPost         os_sem.o
    0x0800aa9a   0x00000002   PAD
    0x0800aa9c   0x00000048   Code   RO         5867    i.OSStart           os_core.o
    0x0800aae4   0x0000004c   Code   RO         5868    i.OSStatInit        os_core.o
    0x0800ab30   0x0000000c   Code   RO         5757    i.OSTCBInitHook     os_cpu_c.o
    0x0800ab3c   0x000000a8   Code   RO         6428    i.OSTaskCreate      os_task.o
    0x0800abe4   0x000000c0   Code   RO         6429    i.OSTaskCreateExt   os_task.o
    0x0800aca4   0x0000000c   Code   RO         5758    i.OSTaskCreateHook  os_cpu_c.o
    0x0800acb0   0x00000008   Code   RO         5760    i.OSTaskIdleHook    os_cpu_c.o
    0x0800acb8   0x00000084   Code   RO         6433    i.OSTaskNameSet     os_task.o
    0x0800ad3c   0x00000008   Code   RO         5761    i.OSTaskStatHook    os_cpu_c.o
    0x0800ad44   0x000000a0   Code   RO         6438    i.OSTaskStkChk      os_task.o
    0x0800ade4   0x0000009a   Code   RO         5762    i.OSTaskStkInit     os_cpu_c.o
    0x0800ae7e   0x00000002   PAD
    0x0800ae80   0x000000bc   Code   RO         6439    i.OSTaskSuspend     os_task.o
    0x0800af3c   0x00000008   Code   RO         5763    i.OSTaskSwHook      os_cpu_c.o
    0x0800af44   0x00000078   Code   RO         6523    i.OSTimeDly         os_time.o
    0x0800afbc   0x00000084   Code   RO         6524    i.OSTimeDlyHMSM     os_time.o
    0x0800b040   0x000000ec   Code   RO         5869    i.OSTimeTick        os_core.o
    0x0800b12c   0x00000028   Code   RO         5764    i.OSTimeTickHook    os_cpu_c.o
    0x0800b154   0x00000014   Code   RO         6563    i.OSTmrSignal       os_tmr.o
    0x0800b168   0x000000f4   Code   RO         6569    i.OSTmr_Init        os_tmr.o
    0x0800b25c   0x0000004c   Code   RO         6570    i.OSTmr_InitTask    os_tmr.o
    0x0800b2a8   0x0000006c   Code   RO         6571    i.OSTmr_Link        os_tmr.o
    0x0800b314   0x00000080   Code   RO         6572    i.OSTmr_Task        os_tmr.o
    0x0800b394   0x00000044   Code   RO         6573    i.OSTmr_Unlink      os_tmr.o
    0x0800b3d8   0x00000010   Code   RO         6900    i.OSView_TaskCreateHook  os_view.o
    0x0800b3e8   0x00000030   Code   RO         6901    i.OSView_TaskSwHook  os_view.o
    0x0800b418   0x00000008   Code   RO         6903    i.OSView_TickHook   os_view.o
    0x0800b420   0x00000040   Code   RO         6904    i.OSView_TimeGetCycles  os_view.o
    0x0800b460   0x0000000c   Code   RO         7097    i.OSView_TmrRd      os_viewc.o
    0x0800b46c   0x00000068   Code   RO         5767    i.OS_CPU_SysTickInit  os_cpu_c.o
    0x0800b4d4   0x00000090   Code   RO         5872    i.OS_EventTaskRdy   os_core.o
    0x0800b564   0x0000002a   Code   RO         5873    i.OS_EventTaskRemove  os_core.o
    0x0800b58e   0x0000003a   Code   RO         5874    i.OS_EventTaskRemoveMulti  os_core.o
    0x0800b5c8   0x0000007c   Code   RO         5875    i.OS_EventTaskWait  os_core.o
    0x0800b644   0x0000001c   Code   RO         5877    i.OS_EventWaitListInit  os_core.o
    0x0800b660   0x00000058   Code   RO         6080    i.OS_FlagInit       os_flag.o
    0x0800b6b8   0x00000060   Code   RO         5878    i.OS_InitEventList  os_core.o
    0x0800b718   0x00000054   Code   RO         5879    i.OS_InitMisc       os_core.o
    0x0800b76c   0x00000044   Code   RO         5880    i.OS_InitRdyList    os_core.o
    0x0800b7b0   0x00000080   Code   RO         5881    i.OS_InitTCBList    os_core.o
    0x0800b830   0x0000004c   Code   RO         5882    i.OS_InitTaskIdle   os_core.o
    0x0800b87c   0x0000004c   Code   RO         5883    i.OS_InitTaskStat   os_core.o
    0x0800b8c8   0x00000012   Code   RO         5884    i.OS_MemClr         os_core.o
    0x0800b8da   0x00000002   PAD
    0x0800b8dc   0x00000058   Code   RO         6212    i.OS_MemInit        os_mem.o
    0x0800b934   0x00000050   Code   RO         6311    i.OS_QInit          os_q.o
    0x0800b984   0x00000074   Code   RO         5886    i.OS_Sched          os_core.o
    0x0800b9f8   0x0000002c   Code   RO         5887    i.OS_SchedNew       os_core.o
    0x0800ba24   0x00000134   Code   RO         5889    i.OS_TCBInit        os_core.o
    0x0800bb58   0x00000028   Code   RO         5890    i.OS_TaskIdle       os_core.o
    0x0800bb80   0x00000088   Code   RO         5891    i.OS_TaskStat       os_core.o
    0x0800bc08   0x0000003c   Code   RO         5892    i.OS_TaskStatStkChk  os_core.o
    0x0800bc44   0x0000001a   Code   RO         6441    i.OS_TaskStkClr     os_task.o
    0x0800bc5e   0x00000002   PAD
    0x0800bc60   0x00000084   Code   RO         1689    i.OUTPut_OCP        scpi.o
    0x0800bce4   0x00000084   Code   RO         1690    i.OUTPut_OVP        scpi.o
    0x0800bd68   0x00000084   Code   RO         1691    i.OUTPut_STATe      scpi.o
    0x0800bdec   0x000000cc   Code   RO         1692    i.OUTPut_TRACk      scpi.o
    0x0800beb8   0x000000c4   Code   RO         1693    i.OVER_CURRENT      scpi.o
    0x0800bf7c   0x000000c4   Code   RO         1694    i.OVER_VOLTage      scpi.o
    0x0800c040   0x00000050   Code   RO         7362    i.Out0_Process      usb_core.o
    0x0800c090   0x00000140   Code   RO          777    i.OutPutOff         key_board.o
    0x0800c1d0   0x0000003c   Code   RO          932    i.PAGE_CAL_MAIN     mainpage.o
    0x0800c20c   0x00000180   Code   RO          933    i.PAGE_MAIN         mainpage.o
    0x0800c38c   0x0000017c   Code   RO          934    i.PAGE_OVP_MAIN     mainpage.o
    0x0800c508   0x00000018   Code   RO          593    i.PARA_Read         use.o
    0x0800c520   0x00000064   Code   RO          594    i.PARA_Saved        use.o
    0x0800c584   0x00000028   Code   RO         7568    i.PMAToUserBufferCopy  usb_mem.o
    0x0800c5ac   0x0000000c   Code   RO         4378    i.PWR_BackupAccessCmd  stm32f10x_pwr.o
    0x0800c5b8   0x00000048   Code   RO         7363    i.Post0_Process     usb_core.o
    0x0800c600   0x00000038   Code   RO         7949    i.PowerOn           usb_pwr.o
    0x0800c638   0x00000174   Code   RO         2024    i.PowerOn_Test      touchpanel.o
    0x0800c7ac   0x00000040   Code   RO         1695    i.Qry_CH1_CURRent   scpi.o
    0x0800c7ec   0x00000040   Code   RO         1696    i.Qry_CH1_VOLTage   scpi.o
    0x0800c82c   0x00000040   Code   RO         1697    i.Qry_CH2_CURRent   scpi.o
    0x0800c86c   0x00000040   Code   RO         1698    i.Qry_CH2_VOLTage   scpi.o
    0x0800c8ac   0x00000048   Code   RO         1699    i.Qry_CH3_VOLTage   scpi.o
    0x0800c8f4   0x00000018   Code   RO         1700    i.Qry_CURRent       scpi.o
    0x0800c90c   0x00000028   Code   RO         1701    i.Qry_VOLTage       scpi.o
    0x0800c934   0x00000018   Code   RO         3006    i.RCC_ADCCLKConfig  stm32f10x_rcc.o
    0x0800c94c   0x00000020   Code   RO         3008    i.RCC_APB1PeriphClockCmd  stm32f10x_rcc.o
    0x0800c96c   0x00000020   Code   RO         3010    i.RCC_APB2PeriphClockCmd  stm32f10x_rcc.o
    0x0800c98c   0x0000000c   Code   RO         3013    i.RCC_BackupResetCmd  stm32f10x_rcc.o
    0x0800c998   0x00000014   Code   RO         3014    i.RCC_ClearFlag     stm32f10x_rcc.o
    0x0800c9ac   0x00000092   Code   RO          595    i.RCC_Configuration  use.o
    0x0800ca3e   0x00000002   PAD
    0x0800ca40   0x0000004c   Code   RO         3017    i.RCC_DeInit        stm32f10x_rcc.o
    0x0800ca8c   0x000000d4   Code   RO         3018    i.RCC_GetClocksFreq  stm32f10x_rcc.o
    0x0800cb60   0x0000003c   Code   RO         3019    i.RCC_GetFlagStatus  stm32f10x_rcc.o
    0x0800cb9c   0x00000010   Code   RO         3021    i.RCC_GetSYSCLKSource  stm32f10x_rcc.o
    0x0800cbac   0x00000018   Code   RO         3022    i.RCC_HCLKConfig    stm32f10x_rcc.o
    0x0800cbc4   0x0000004c   Code   RO         3023    i.RCC_HSEConfig     stm32f10x_rcc.o
    0x0800cc10   0x00000018   Code   RO         3029    i.RCC_PCLK1Config   stm32f10x_rcc.o
    0x0800cc28   0x00000018   Code   RO         3030    i.RCC_PCLK2Config   stm32f10x_rcc.o
    0x0800cc40   0x0000000c   Code   RO         3031    i.RCC_PLLCmd        stm32f10x_rcc.o
    0x0800cc4c   0x0000001c   Code   RO         3032    i.RCC_PLLConfig     stm32f10x_rcc.o
    0x0800cc68   0x0000000c   Code   RO         3033    i.RCC_RTCCLKCmd     stm32f10x_rcc.o
    0x0800cc74   0x00000010   Code   RO         3034    i.RCC_RTCCLKConfig  stm32f10x_rcc.o
    0x0800cc84   0x00000018   Code   RO         3035    i.RCC_SYSCLKConfig  stm32f10x_rcc.o
    0x0800cc9c   0x0000000c   Code   RO         3036    i.RCC_USBCLKConfig  stm32f10x_rcc.o
    0x0800cca8   0x00000038   Code   RO         3037    i.RCC_WaitForHSEStartUp  stm32f10x_rcc.o
    0x0800cce0   0x00000090   Code   RO         1702    i.RCL               scpi.o
    0x0800cd70   0x00000010   Code   RO         4442    i.RTC_ClearITPendingBit  stm32f10x_rtc.o
    0x0800cd80   0x00000046   Code   RO          678    i.RTC_Configuration  rtc_time.o
    0x0800cdc6   0x00000002   PAD
    0x0800cdc8   0x00000014   Code   RO         4443    i.RTC_EnterConfigMode  stm32f10x_rtc.o
    0x0800cddc   0x00000014   Code   RO         4444    i.RTC_ExitConfigMode  stm32f10x_rtc.o
    0x0800cdf0   0x00000024   Code   RO         4448    i.RTC_GetITStatus   stm32f10x_rtc.o
    0x0800ce14   0x00000178   Code   RO          459    i.RTC_IRQHandler    stm32f10x_it.o
    0x0800cf8c   0x00000020   Code   RO         4449    i.RTC_ITConfig      stm32f10x_rtc.o
    0x0800cfac   0x00000038   Code   RO          679    i.RTC_Init          rtc_time.o
    0x0800cfe4   0x00000020   Code   RO         4452    i.RTC_SetPrescaler  stm32f10x_rtc.o
    0x0800d004   0x00000014   Code   RO         4453    i.RTC_WaitForLastTask  stm32f10x_rtc.o
    0x0800d018   0x00000024   Code   RO         4454    i.RTC_WaitForSynchro  stm32f10x_rtc.o
    0x0800d03c   0x0000013c   Code   RO          778    i.Rcl_set           key_board.o
    0x0800d178   0x00000208   Code   RO         1703    i.ReadAll           scpi.o
    0x0800d380   0x000000c8   Code   RO         2027    i.ReadHT1621Byte    touchpanel.o
    0x0800d448   0x000000d0   Code   RO         2028    i.ReadHT1621ByteCH2  touchpanel.o
    0x0800d518   0x00000108   Code   RO         1704    i.Reflesh_Status    scpi.o
    0x0800d620   0x000000b0   Code   RO         7950    i.Resume            usb_pwr.o
    0x0800d6d0   0x0000001c   Code   RO         7951    i.Resume_Init       usb_pwr.o
    0x0800d6ec   0x000000b0   Code   RO         1705    i.SAV               scpi.o
    0x0800d79c   0x00000084   Code   RO         1707    i.SCPI_IDN          scpi.o
    0x0800d820   0x00000258   Code   RO          937    i.SET_REFLESH       mainpage.o
    0x0800da78   0x0000005c   Code   RO          938    i.SET_REFLESH_CAL_PAGE  mainpage.o
    0x0800dad4   0x000001a0   Code   RO          939    i.SET_REFLESH_OVP_PAGE  mainpage.o
    0x0800dc74   0x000000fc   Code   RO          940    i.SET_REFLESH_SET_PAGE  mainpage.o
    0x0800dd70   0x00000018   Code   RO         4725    i.SPI_Cmd           stm32f10x_spi.o
    0x0800dd88   0x00000012   Code   RO         4733    i.SPI_I2S_GetFlagStatus  stm32f10x_spi.o
    0x0800dd9a   0x00000006   Code   RO         4736    i.SPI_I2S_ReceiveData  stm32f10x_spi.o
    0x0800dda0   0x00000004   Code   RO         4737    i.SPI_I2S_SendData  stm32f10x_spi.o
    0x0800dda4   0x0000003c   Code   RO         4738    i.SPI_Init          stm32f10x_spi.o
    0x0800dde0   0x00000002   Code   RO          460    i.SVC_Handler       stm32f10x_it.o
    0x0800dde2   0x00000002   PAD
    0x0800dde4   0x00000090   Code   RO         1708    i.SYSTem_ERRor      scpi.o
    0x0800de74   0x0000003c   Code   RO         1709    i.SYSTem_STATus     scpi.o
    0x0800deb0   0x00000038   Code   RO         1710    i.SYSTem_VERSion    scpi.o
    0x0800dee8   0x0000002c   Code   RO          596    i.Scpi_write_data_usart  use.o
    0x0800df14   0x00000168   Code   RO           17    i.Select_CH3        main.o
    0x0800e07c   0x0000012c   Code   RO          295    i.Select_CurrFine   uctsk_task.o
    0x0800e1a8   0x000001b8   Code   RO          296    i.Select_VoltFine   uctsk_task.o
    0x0800e360   0x00000144   Code   RO           18    i.Select_recall     main.o
    0x0800e4a4   0x00000054   Code   RO         2033    i.SendBit_1621      touchpanel.o
    0x0800e4f8   0x00000038   Code   RO         2035    i.SendCmd           touchpanel.o
    0x0800e530   0x00000038   Code   RO         2037    i.SendCmd_CH2       touchpanel.o
    0x0800e568   0x00000054   Code   RO         2038    i.SendDataBit_1621  touchpanel.o
    0x0800e5bc   0x0000003c   Code   RO         1335    i.Serial_Query      usbtmc.o
    0x0800e5f8   0x00000088   Code   RO         1336    i.Serial_Set        usbtmc.o
    0x0800e680   0x00000010   Code   RO         7616    i.SetBTABLE         usb_regs.o
    0x0800e690   0x0000004c   Code   RO         7364    i.SetDeviceAddress  usb_core.o
    0x0800e6dc   0x00000024   Code   RO         7630    i.SetEPRxAddr       usb_regs.o
    0x0800e700   0x0000004c   Code   RO         7631    i.SetEPRxCount      usb_regs.o
    0x0800e74c   0x00000038   Code   RO         7632    i.SetEPRxStatus     usb_regs.o
    0x0800e784   0x0000002c   Code   RO         7633    i.SetEPRxValid      usb_regs.o
    0x0800e7b0   0x00000020   Code   RO         7634    i.SetEPTxAddr       usb_regs.o
    0x0800e7d0   0x0000001c   Code   RO         7635    i.SetEPTxCount      usb_regs.o
    0x0800e7ec   0x00000038   Code   RO         7636    i.SetEPTxStatus     usb_regs.o
    0x0800e824   0x0000002c   Code   RO         7637    i.SetEPTxValid      usb_regs.o
    0x0800e850   0x00000024   Code   RO         7638    i.SetEPType         usb_regs.o
    0x0800e874   0x00000178   Code   RO          942    i.SetReflsehAll     mainpage.o
    0x0800e9ec   0x00000008   Code   RO         5699    i.SetSysClock       system_stm32f10x.o
    0x0800e9f4   0x000000e0   Code   RO         5700    i.SetSysClockTo72   system_stm32f10x.o
    0x0800ead4   0x00000012   Code   RO         7952    i.Set_USBClock      usb_pwr.o
    0x0800eae6   0x00000002   PAD
    0x0800eae8   0x000000b0   Code   RO         7365    i.Setup0_Process    usb_core.o
    0x0800eb98   0x0000015c   Code   RO         7366    i.Standard_ClearFeature  usb_core.o
    0x0800ecf4   0x0000002c   Code   RO         7367    i.Standard_GetConfiguration  usb_core.o
    0x0800ed20   0x00000024   Code   RO         7368    i.Standard_GetDescriptorData  usb_core.o
    0x0800ed44   0x0000002c   Code   RO         7369    i.Standard_GetInterface  usb_core.o
    0x0800ed70   0x000000f0   Code   RO         7370    i.Standard_GetStatus  usb_core.o
    0x0800ee60   0x00000048   Code   RO         7371    i.Standard_SetConfiguration  usb_core.o
    0x0800eea8   0x00000028   Code   RO         7372    i.Standard_SetDeviceFeature  usb_core.o
    0x0800eed0   0x000000c0   Code   RO         7373    i.Standard_SetEndPointFeature  usb_core.o
    0x0800ef90   0x0000006c   Code   RO         7374    i.Standard_SetInterface  usb_core.o
    0x0800effc   0x0000007c   Code   RO          461    i.SysTick_Handler   stm32f10x_it.o
    0x0800f078   0x00000060   Code   RO         5702    i.SystemInit        system_stm32f10x.o
    0x0800f0d8   0x0000001a   Code   RO          680    i.TIMER_START       rtc_time.o
    0x0800f0f2   0x00000006   Code   RO         4899    i.TIM_GetCounter    stm32f10x_tim.o
    0x0800f0f8   0x0000008c   Code   RO          598    i.USART1_IRQHandler  use.o
    0x0800f184   0x00000018   Code   RO         5416    i.USART_Cmd         stm32f10x_usart.o
    0x0800f19c   0x000000e4   Code   RO         8051    i.USART_Config      usb_hwconfig.o
    0x0800f280   0x0000003c   Code   RO         8052    i.USART_Config_Default  usb_hwconfig.o
    0x0800f2bc   0x000000bc   Code   RO          599    i.USART_Configuration  use.o
    0x0800f378   0x0000001a   Code   RO         5419    i.USART_GetFlagStatus  stm32f10x_usart.o
    0x0800f392   0x00000054   Code   RO         5420    i.USART_GetITStatus  stm32f10x_usart.o
    0x0800f3e6   0x0000004a   Code   RO         5422    i.USART_ITConfig    stm32f10x_usart.o
    0x0800f430   0x000000d8   Code   RO         5423    i.USART_Init        stm32f10x_usart.o
    0x0800f508   0x0000000a   Code   RO         5430    i.USART_ReceiveData  stm32f10x_usart.o
    0x0800f512   0x00000008   Code   RO         5433    i.USART_SendData    stm32f10x_usart.o
    0x0800f51a   0x00000002   PAD
    0x0800f51c   0x0000003c   Code   RO         7509    i.USB_Init          usb_init.o
    0x0800f558   0x00000094   Code   RO         8121    i.USB_Istr          usb_istr.o
    0x0800f5ec   0x00000008   Code   RO          462    i.USB_LP_CAN1_RX0_IRQHandler  stm32f10x_it.o
    0x0800f5f4   0x00000030   Code   RO         8055    i.USB_SEND          usb_hwconfig.o
    0x0800f624   0x00000048   Code   RO         1337    i.Upgrade_Rst       usbtmc.o
    0x0800f66c   0x00000004   Code   RO          463    i.UsageFault_Handler  stm32f10x_it.o
    0x0800f670   0x0000003c   Code   RO         1338    i.UsbTMC488ReadStatusByte  usbtmc.o
    0x0800f6ac   0x00000048   Code   RO         1339    i.UsbTMCCheckAbortBulkInStatus  usbtmc.o
    0x0800f6f4   0x00000038   Code   RO         1340    i.UsbTMCCheckAbortBulkOutStatus  usbtmc.o
    0x0800f72c   0x00000020   Code   RO         1341    i.UsbTMCCheckClearStatus  usbtmc.o
    0x0800f74c   0x0000008c   Code   RO         1342    i.UsbTMCInitiateAbortBulkIn  usbtmc.o
    0x0800f7d8   0x00000084   Code   RO         1343    i.UsbTMCInitiateAbortBulkOut  usbtmc.o
    0x0800f85c   0x00000034   Code   RO         1344    i.UsbTMCInitiateClear  usbtmc.o
    0x0800f890   0x00000038   Code   RO         7569    i.UserToPMABufferCopy  usb_mem.o
    0x0800f8c8   0x00000018   Code   RO         1711    i.VOLTage           scpi.o
    0x0800f8e0   0x00000110   Code   RO         8147    i.Virtual_Com_Port_Data_Setup  usb_prop.o
    0x0800f9f0   0x00000014   Code   RO         8148    i.Virtual_Com_Port_GetConfigDescriptor  usb_prop.o
    0x0800fa04   0x00000014   Code   RO         8149    i.Virtual_Com_Port_GetDeviceDescriptor  usb_prop.o
    0x0800fa18   0x0000001c   Code   RO         8150    i.Virtual_Com_Port_GetLineCoding  usb_prop.o
    0x0800fa34   0x00000020   Code   RO         8151    i.Virtual_Com_Port_GetStringDescriptor  usb_prop.o
    0x0800fa54   0x00000016   Code   RO         8152    i.Virtual_Com_Port_Get_Interface_Setting  usb_prop.o
    0x0800fa6a   0x00000002   PAD
    0x0800fa6c   0x00000028   Code   RO         8153    i.Virtual_Com_Port_NoData_Setup  usb_prop.o
    0x0800fa94   0x000000ac   Code   RO         8154    i.Virtual_Com_Port_Reset  usb_prop.o
    0x0800fb40   0x0000001c   Code   RO         8155    i.Virtual_Com_Port_SetLineCoding  usb_prop.o
    0x0800fb5c   0x0000001c   Code   RO         8156    i.Virtual_Com_Port_Status_In  usb_prop.o
    0x0800fb78   0x00000002   Code   RO         8157    i.Virtual_Com_Port_Status_Out  usb_prop.o
    0x0800fb7a   0x00000002   PAD
    0x0800fb7c   0x00000044   Code   RO         8158    i.Virtual_Com_Port_init  usb_prop.o
    0x0800fbc0   0x000000c8   Code   RO          944    i.Volt_Cur_Change   mainpage.o
    0x0800fc88   0x00000020   Code   RO          946    i.Volt_Disp         mainpage.o
    0x0800fca8   0x00000058   Code   RO         2044    i.WriteAll_1621Byte_CH1  touchpanel.o
    0x0800fd00   0x00000058   Code   RO         2045    i.WriteAll_1621Byte_CH2  touchpanel.o
    0x0800fd58   0x00000058   Code   RO         2047    i.WriteAll_1621_CH1  touchpanel.o
    0x0800fdb0   0x00000058   Code   RO         2048    i.WriteAll_1621_CH2  touchpanel.o
    0x0800fe08   0x00000020   Code   RO         8572    i.__0printf         mc_w.l(printfa.o)
    0x0800fe28   0x00000028   Code   RO         8574    i.__0sprintf        mc_w.l(printfa.o)
    0x0800fe50   0x00000008   Code   RO         8661    i.__aeabi_errno_addr  mc_w.l(errno.o)
    0x0800fe58   0x0000000c   Code   RO         8662    i.__read_errno      mc_w.l(errno.o)
    0x0800fe64   0x0000000e   Code   RO         8702    i.__scatterload_copy  mc_w.l(handlers.o)
    0x0800fe72   0x00000002   Code   RO         8703    i.__scatterload_null  mc_w.l(handlers.o)
    0x0800fe74   0x0000000e   Code   RO         8704    i.__scatterload_zeroinit  mc_w.l(handlers.o)
    0x0800fe82   0x00000002   PAD
    0x0800fe84   0x0000000c   Code   RO         8663    i.__set_errno       mc_w.l(errno.o)
    0x0800fe90   0x00000164   Code   RO         8579    i._fp_digits        mc_w.l(printfa.o)
    0x0800fff4   0x0000000e   Code   RO         8687    i._is_digit         mc_w.l(scanf_fp.o)
    0x08010002   0x00000002   PAD
    0x08010004   0x000006dc   Code   RO         8580    i._printf_core      mc_w.l(printfa.o)
    0x080106e0   0x00000024   Code   RO         8581    i._printf_post_padding  mc_w.l(printfa.o)
    0x08010704   0x0000002e   Code   RO         8582    i._printf_pre_padding  mc_w.l(printfa.o)
    0x08010732   0x00000002   PAD
    0x08010734   0x000000f4   Code   RO          779    i._recall           key_board.o
    0x08010828   0x0000000a   Code   RO         8584    i._sputc            mc_w.l(printfa.o)
    0x08010832   0x0000002a   Code   RO         8284    i.atof              m_ws.l(atof.o)
    0x0801085c   0x00000032   Code   RO         2053    i.ch3_ad_get_mean   touchpanel.o
    0x0801088e   0x0000000c   Code   RO         2054    i.ch3_da_test       touchpanel.o
    0x0801089a   0x00000002   PAD
    0x0801089c   0x00000028   Code   RO         2055    i.ch3_test_disp     touchpanel.o
    0x080108c4   0x00000042   Code   RO         1712    i.check_int_para    scpi.o
    0x08010906   0x00000068   Code   RO         1713    i.check_para        scpi.o
    0x0801096e   0x00000018   Code   RO          297    i.clear_ch3_cc_cv   uctsk_task.o
    0x08010986   0x00000002   PAD
    0x08010988   0x00000014   Code   RO          298    i.clear_disp_shan_flg  uctsk_task.o
    0x0801099c   0x0000000e   Code   RO          299    i.clear_usb         uctsk_task.o
    0x080109aa   0x00000002   PAD
    0x080109ac   0x00000024   Code   RO         1345    i.cmd_KEY           usbtmc.o
    0x080109d0   0x00000058   Code   RO         1346    i.cmd_cls           usbtmc.o
    0x08010a28   0x00000038   Code   RO         1347    i.cmd_count_reset   usbtmc.o
    0x08010a60   0x00000184   Code   RO          780    i.deal_ALL_ON       key_board.o
    0x08010be4   0x00000078   Code   RO          781    i.deal_CH1          key_board.o
    0x08010c5c   0x00000068   Code   RO          782    i.deal_CH2          key_board.o
    0x08010cc4   0x00000310   Code   RO          784    i.deal_OCP          key_board.o
    0x08010fd4   0x000001d0   Code   RO          785    i.deal_OVP          key_board.o
    0x080111a4   0x000000fc   Code   RO          786    i.deal_PARA         key_board.o
    0x080112a0   0x000000c8   Code   RO          787    i.deal_SER          key_board.o
    0x08011368   0x00000244   Code   RO          300    i.deal_real_disp    uctsk_task.o
    0x080115ac   0x00000034   Code   RO         1350    i.deal_scpi_usart_main  usbtmc.o
    0x080115e0   0x00000008   Code   RO         1351    i.device_clear      usbtmc.o
    0x080115e8   0x00000014   Code   RO         1352    i.device_clear_done  usbtmc.o
    0x080115fc   0x00000058   Code   RO         1353    i.device_status_update  usbtmc.o
    0x08011654   0x00000010   Code   RO          951    i.disp_ch3_volt_Read  mainpage.o
    0x08011664   0x0000000c   Code   RO         1714    i.dmm_get_scpi_Interface_type  scpi.o
    0x08011670   0x0000000c   Code   RO         1715    i.dmm_set_scpi_Interface_type  scpi.o
    0x0801167c   0x000004d4   Code   RO          792    i.down_deal         key_board.o
    0x08011b50   0x00000074   Code   RO         2074    i.draw_ocp_flg      touchpanel.o
    0x08011bc4   0x00000074   Code   RO         2075    i.draw_ovp_flg      touchpanel.o
    0x08011c38   0x0000000e   Code   RO          301    i.draw_usb          uctsk_task.o
    0x08011c46   0x00000002   PAD
    0x08011c48   0x0000006c   Code   RO          302    i.enter_cal_page    uctsk_task.o
    0x08011cb4   0x000000fc   Code   RO          303    i.enter_main_page   uctsk_task.o
    0x08011db0   0x00000090   Code   RO          304    i.enter_ovp_page    uctsk_task.o
    0x08011e40   0x0000000c   Code   RO         1354    i.expiredIndPulseTimer  usbtmc.o
    0x08011e4c   0x00000028   Code   RO         2076    i.floattostr        touchpanel.o
    0x08011e74   0x00000020   Code   RO         2077    i.floattostr1       touchpanel.o
    0x08011e94   0x00000020   Code   RO         2078    i.floattostr2       touchpanel.o
    0x08011eb4   0x00000024   Code   RO           19    i.fputc             main.o
    0x08011ed8   0x00000194   Code   RO         2079    i.func_set          touchpanel.o
    0x0801206c   0x00000068   Code   RO         2080    i.func_set_ch3      touchpanel.o
    0x080120d4   0x0000001a   Code   RO         1357    i.hexitoc           usbtmc.o
    0x080120ee   0x00000002   PAD
    0x080120f0   0x00000060   Code   RO         1147    i.init_advalue      uctsk_osmeasure.o
    0x08012150   0x00000070   Code   RO          305    i.init_cur_flg      uctsk_task.o
    0x080121c0   0x00000170   Code   RO           20    i.key_scan          main.o
    0x08012330   0x000002ec   Code   RO           21    i.main              main.o
    0x0801261c   0x00000184   Code   RO          306    i.para_start_set    uctsk_task.o
    0x080127a0   0x0000020c   Code   RO         1359    i.parseDeviceCommand  usbtmc.o
    0x080129ac   0x00000006   Code   RO         1360    i.parseVendorCommand  usbtmc.o
    0x080129b2   0x00000002   PAD
    0x080129b4   0x00000048   Code   RO         1716    i.qry_INSTrument    scpi.o
    0x080129fc   0x00000002   Code   RO         1363    i.qry_debug_flags   usbtmc.o
    0x080129fe   0x00000002   PAD
    0x08012a00   0x00000018   Code   RO         1366    i.qry_tst           usbtmc.o
    0x08012a18   0x00000024   Code   RO         8160    i.response          usb_prop.o
    0x08012a3c   0x000000ac   Code   RO          796    i.set_store         key_board.o
    0x08012ae8   0x00000040   Code   RO         1367    i.setup_req_handler  usbtmc.o
    0x08012b28   0x00000018   Code   RO         1368    i.signal_event      usbtmc.o
    0x08012b40   0x00000072   Code   RO         1369    i.strnmatch         usbtmc.o
    0x08012bb2   0x00000018   Code   RO         1370    i.toLittleEndian    usbtmc.o
    0x08012bca   0x00000002   PAD
    0x08012bcc   0x00001948   Code   RO          308    i.uctsk_Disp        uctsk_task.o
    0x08014514   0x000000f8   Code   RO          309    i.uctsk_Encode_key  uctsk_task.o
    0x0801460c   0x000000ec   Code   RO          310    i.uctsk_Encode_key1  uctsk_task.o
    0x080146f8   0x00000154   Code   RO          311    i.uctsk_Led         uctsk_task.o
    0x0801484c   0x00000328   Code   RO          312    i.uctsk_Main        uctsk_task.o
    0x08014b74   0x000003f0   Code   RO         1149    i.uctsk_Measure     uctsk_osmeasure.o
    0x08014f64   0x00000018   Code   RO          314    i.uctsk_Scpi        uctsk_task.o
    0x08014f7c   0x000004e4   Code   RO          797    i.up_deal           key_board.o
    0x08015460   0x00000034   Code   RO          315    i.usb_check         uctsk_task.o
    0x08015494   0x00000228   Code   RO         1372    i.usbtmc_cmd_msg_handler  usbtmc.o
    0x080156bc   0x00000048   Code   RO         1373    i.usbtmc_command_cat  usbtmc.o
    0x08015704   0x00000118   Code   RO         1374    i.usbtmc_initialise  usbtmc.o
    0x0801581c   0x00000058   Code   RO         1375    i.usbtmc_response_cat  usbtmc.o
    0x08015874   0x0000030c   Code   RO         1376    i.usbtmc_rsp_msg_handler  usbtmc.o
    0x08015b80   0x000001e8   Code   RO         1377    i.usbtmc_scheduler  usbtmc.o
    0x08015d68   0x00000038   Code   RO         1378    i.usbtmc_task_abort_bulk_in  usbtmc.o
    0x08015da0   0x00000028   Code   RO         1379    i.wordToHexStr      usbtmc.o
    0x08015dc8   0x000008c8   Data   RO         1718    .constdata          scpi.o
    0x08016690   0x00000074   Data   RO         5741    .constdata          os_dbg.o
    0x08016704   0x00000100   Data   RO         5894    .constdata          os_core.o
    0x08016804   0x0000008e   Data   RO         8009    .constdata          usb_desc.o
    0x08016892   0x00000081   Data   RO         8291    .constdata          mc_w.l(ctype_o.o)
    0x08016913   0x00000001   PAD
    0x08016914   0x00000004   Data   RO         8292    .constdata          mc_w.l(ctype_o.o)
    0x08016918   0x00000126   Data   RO         1719    .conststring        scpi.o
    0x08016a3e   0x00000002   PAD
    0x08016a40   0x00000020   Data   RO         8700    Region$$Table       anon$$obj.o


    Execution Region RW_IRAM1 (Base: 0x20000000, Size: 0x00004500, Max: 0x00005000, ABSOLUTE, COMPRESSED[0x00000320])

    Base Addr    Size         Type   Attr      Idx    E Section Name        Object

    0x20000000   0x0000002f   Data   RW           24    .data               main.o
    0x2000002f   0x00000001   PAD
    0x20000030   0x00000044   Data   RW          317    .data               uctsk_task.o
    0x20000074   0x00000027   Data   RW          464    .data               stm32f10x_it.o
    0x2000009b   0x00000001   PAD
    0x2000009c   0x00000013   Data   RW          602    .data               use.o
    0x200000af   0x00000001   PAD
    0x200000b0   0x00000078   Data   RW          954    .data               mainpage.o
    0x20000128   0x00000041   Data   RW         1151    .data               uctsk_osmeasure.o
    0x20000169   0x00000003   PAD
    0x2000016c   0x00000092   Data   RW         1381    .data               usbtmc.o
    0x200001fe   0x00000002   PAD
    0x20000200   0x000005e8   Data   RW         1720    .data               scpi.o
    0x200007e8   0x0000005e   Data   RW         2084    .data               touchpanel.o
    0x20000846   0x00000014   Data   RW         3038    .data               stm32f10x_rcc.o
    0x2000085a   0x00000002   PAD
    0x2000085c   0x00000014   Data   RW         5703    .data               system_stm32f10x.o
    0x20000870   0x00000002   Data   RW         5768    .data               os_cpu_c.o
    0x20000872   0x00000002   PAD
    0x20000874   0x00000060   Data   RW         5895    .data               os_core.o
    0x200008d4   0x00000034   Data   RW         6914    .data               os_view.o
    0x20000908   0x00000002   Data   RW         7375    .data               usb_core.o
    0x2000090a   0x00000002   PAD
    0x2000090c   0x00000014   Data   RW         7511    .data               usb_init.o
    0x20000920   0x00000005   Data   RW         7535    .data               usb_int.o
    0x20000925   0x00000004   Data   RW         7954    .data               usb_pwr.o
    0x20000929   0x0000001e   Data   RW         8010    .data               usb_desc.o
    0x20000947   0x00000001   PAD
    0x20000948   0x0000000e   Data   RW         8025    .data               usb_endp.o
    0x20000956   0x00000002   PAD
    0x20000958   0x0000003c   Data   RW         8122    .data               usb_istr.o
    0x20000994   0x000000a4   Data   RW         8162    .data               usb_prop.o
    0x20000a38   0x00000004   Data   RW         8646    .data               mc_w.l(stdout.o)
    0x20000a3c   0x00000004   Data   RW         8664    .data               mc_w.l(errno.o)
    0x20000a40   0x0000014c   Zero   RW           23    .bss                main.o
    0x20000b8c   0x00000004   PAD
    0x20000b90   0x00001400   Zero   RW          316    .bss                uctsk_task.o
    0x20001f90   0x000000c8   Zero   RW          601    .bss                use.o
    0x20002058   0x000002a1   Zero   RW          953    .bss                mainpage.o
    0x200022f9   0x00000007   PAD
    0x20002300   0x00000478   Zero   RW         1150    .bss                uctsk_osmeasure.o
    0x20002778   0x00000770   Zero   RW         1380    .bss                usbtmc.o
    0x20002ee8   0x00000084   Zero   RW         2083    .bss                touchpanel.o
    0x20002f6c   0x000010d8   Zero   RW         5893    .bss                os_core.o
    0x20004044   0x0000001c   Zero   RW         7510    .bss                usb_init.o
    0x20004060   0x00000040   Zero   RW         8024    .bss                usb_endp.o
    0x200040a0   0x00000054   Zero   RW         8059    .bss                usb_hwconfig.o
    0x200040f4   0x0000000a   Zero   RW         8161    .bss                usb_prop.o
    0x200040fe   0x00000002   PAD
    0x20004100   0x00000400   Zero   RW         5733    STACK               startup_stm32f10x_hd.o


==============================================================================

Image component sizes


      Code (inc. data)   RO Data    RW Data    ZI Data      Debug   Object Name

         0          0          0          0          0         32   core_cm3.o
        42          0          0          0          0        308   cpu_a.o
      5924        740          0          0          0       9439   key_board.o
      3408        356          0         47        332     318804   main.o
      3996        558          0        120        673      28047   mainpage.o
       152         30          0          0          0       2149   misc.o
        34          0          0          0          0       2693   os_apphooks.o
      2530        416        256         96       4312      24311   os_core.o
       164         32          0          0          0        364   os_cpu_a.o
       360         22          0          2          0      30934   os_cpu_c.o
       348        230        116          0          0       3490   os_dbg.o
        88         14          0          0          0        578   os_flag.o
        88         14          0          0          0        525   os_mem.o
        80          8          0          0          0        551   os_q.o
       426         24          0          0          0       2366   os_sem.o
       866         64          0          0          0       5304   os_task.o
       252         28          0          0          0       1372   os_time.o
       644        132          0          0          0       3755   os_tmr.o
       136         18          0         52          0       4872   os_view.o
        12          0          0          0          0        519   os_viewc.o
       248          4          0          0          0       1838   rtc_time.o
      7442       1090       2542       1512          0      33222   scpi.o
        36          8        304          0       1024        876   startup_stm32f10x_hd.o
        72         10          0          0          0       2768   stm32f10x_bkp.o
        52         12          0          0          0       1152   stm32f10x_exti.o
       350         38          0          0          0       5594   stm32f10x_flash.o
       448          6          0          0          0       4578   stm32f10x_gpio.o
       600         98          0         39          0      20990   stm32f10x_it.o
        68         30          0          0          0       2554   stm32f10x_iwdg.o
        12          6          0          0          0        530   stm32f10x_pwr.o
       792        126          0         20          0      13852   stm32f10x_rcc.o
       212         40          0          0          0       4198   stm32f10x_rtc.o
       112          0          0          0          0       3934   stm32f10x_spi.o
         6          0          0          0          0       1101   stm32f10x_tim.o
       442          6          0          0          0       6265   stm32f10x_usart.o
       328         28          0         20          0       2073   system_stm32f10x.o
      9016        664          0         94        132      43635   touchpanel.o
      2816        426          0         65       1144       6366   uctsk_osmeasure.o
     12992       1720          0         68       5120      22458   uctsk_task.o
      2878        274          0          2          0      17112   usb_core.o
         0          0        142         30          0       1023   usb_desc.o
        88         20          0         14         64       1708   usb_endp.o
       336         30          0          0         84      19678   usb_hwconfig.o
        60         24          0         20         28       3950   usb_init.o
       568         38          0          5          0       1180   usb_int.o
       148         22          0         60          0       2908   usb_istr.o
        96         10          0          0          0       1656   usb_mem.o
       768        108          0        164         10      11019   usb_prop.o
       278         30          0          4          0       3347   usb_pwr.o
       672        106          0          0          0       9067   usb_regs.o
      4548        772          0        146       1904      30899   usbtmc.o
       642         44          0         19        200       4503   use.o

    ----------------------------------------------------------------------
     66732       8476       3394       2616      15040     726447   Object Totals
         0          0         32          0          0          0   (incl. Generated)
        56          0          2         17         13          0   (incl. Padding)

    ----------------------------------------------------------------------

      Code (inc. data)   RO Data    RW Data    ZI Data      Debug   Library Member Name

        42          0          0          0          0         84   atof.o
        86          0          0          0          0          0   __dczerorl2.o
        28          0          0          0          0         68   _chval.o
        64          0          0          0          0         84   _sgetc.o
       158          0          0          0          0         92   _strtoul.o
        26          0          0          0          0         80   atoi.o
         8          4        133          0          0         68   ctype_o.o
         0          0          0          0          0          0   entry.o
         0          0          0          0          0          0   entry10a.o
         0          0          0          0          0          0   entry11a.o
         8          4          0          0          0          0   entry2.o
         4          0          0          0          0          0   entry5.o
         0          0          0          0          0          0   entry7b.o
         0          0          0          0          0          0   entry8b.o
         8          4          0          0          0          0   entry9a.o
        32         16          0          4          0        204   errno.o
        30          0          0          0          0          0   handlers.o
        36          8          0          0          0         68   init.o
        18          0          0          0          0         76   isspace_o.o
         0          0          0          0          0          0   iusefp.o
        30          0          0          0          0         68   llshl.o
        36          0          0          0          0         68   llsshr.o
        32          0          0          0          0         68   llushr.o
        36          0          0          0          0         68   memcpya.o
        36          0          0          0          0        108   memseta.o
      2276         96          0          0          0        596   printfa.o
       838         12          0          0          0        216   scanf_fp.o
         0          0          0          4          0          0   stdout.o
        14          0          0          0          0         68   strlen.o
       156         14          0          0          0        120   strtod.o
       112          0          0          0          0         88   strtol.o
        12          0          0          0          0         68   toupper.o
        44          0          0          0          0         80   uidiv.o
        98          0          0          0          0         92   uldiv.o
        48          0          0          0          0         68   cdcmple.o
        48          0          0          0          0         68   cdrcmple.o
        20          0          0          0          0         68   cfcmple.o
        20          0          0          0          0         68   cfrcmple.o
        56          0          0          0          0         88   d2f.o
       334          0          0          0          0        148   dadd.o
       222          0          0          0          0        100   ddiv.o
       186          0          0          0          0        176   depilogue.o
        48          0          0          0          0         68   dfixul.o
        24          0          0          0          0         76   dfltul.o
       228          0          0          0          0         96   dmul.o
        38          0          0          0          0         68   f2d.o
       176          0          0          0          0        140   fadd.o
       124          0          0          0          0         88   fdiv.o
       110          0          0          0          0        168   fepilogue.o
        40          0          0          0          0         68   ffixui.o
        18          0          0          0          0         68   fflti.o
        10          0          0          0          0         68   ffltui.o
       100          0          0          0          0         76   fmul.o

    ----------------------------------------------------------------------
      6124        158        134          8          0       4300   Library Totals
         6          0          1          0          0          0   (incl. Padding)

    ----------------------------------------------------------------------

      Code (inc. data)   RO Data    RW Data    ZI Data      Debug   Library Name

        42          0          0          0          0         84   m_ws.l
      4226        158        133          8          0       2448   mc_w.l
      1850          0          0          0          0       1768   mf_w.l

    ----------------------------------------------------------------------
      6124        158        134          8          0       4300   Library Totals

    ----------------------------------------------------------------------

==============================================================================


      Code (inc. data)   RO Data    RW Data    ZI Data      Debug   

     72856       8634       3528       2624      15040     705811   Grand Totals
     72856       8634       3528        800      15040     705811   ELF Image Totals (compressed)
     72856       8634       3528        800          0          0   ROM Totals

==============================================================================

    Total RO  Size (Code + RO Data)                76384 (  74.59kB)
    Total RW  Size (RW Data + ZI Data)             17664 (  17.25kB)
    Total ROM Size (Code + RO Data + RW Data)      77184 (  75.38kB)

==============================================================================

