<!doctype html public "-//w3c//dtd html 4.0 transitional//en">
<html><head>
<title>Static Call Graph - [.\Obj\HIGHER RESOLUTION\POWER.axf]</title></head>
<body><HR>
<H1>Static Call Graph for image .\Obj\HIGHER RESOLUTION\POWER.axf</H1><HR>
<BR><P>#&#060CALLGRAPH&#062# ARM Linker, 5050106: Last Updated: Thu Nov 29 15:47:59 2018
<BR><P>
<H3>Maximum Stack Usage =        368 bytes + Unknown(Functions without stacksize, Cycles, Untraceable Function Pointers)</H3><H3>
Call chain for Maximum Stack Depth:</H3>
uctsk_Disp &rArr; _recall &rArr; Rcl_set &rArr; atof &rArr; __strtod_int &rArr; _local_sscanf &rArr; _scanf_real
<P>
<H3>
Functions with no stack information
</H3><UL>
 <LI><a href="#[f1]">OS_CPU_SR_Save</a>
 <LI><a href="#[f4]">OS_CPU_SR_Restore</a>
 <LI><a href="#[185]">OSStartHighRdy</a>
 <LI><a href="#[19e]">OSCtxSw</a>
 <LI><a href="#[179]">OSIntCtxSw</a>
 <LI><a href="#[15]">PendSV_Handler</a>
 <LI><a href="#[231]">CPU_IntDis</a>
 <LI><a href="#[245]">CPU_IntEn</a>
 <LI><a href="#[246]">CPU_SR_Save</a>
 <LI><a href="#[247]">CPU_SR_Restore</a>
 <LI><a href="#[248]">CPU_CntLeadZeros</a>
 <LI><a href="#[249]">CPU_RevBits</a>
 <LI><a href="#[24a]">CPU_WaitForInt</a>
 <LI><a href="#[24b]">CPU_WaitForExcept</a>
</UL>
</UL>
<P>
<H3>
Mutually Recursive functions
</H3> <LI><a href="#[29]">ADC1_2_IRQHandler</a>&nbsp;&nbsp;&nbsp;&rArr;&nbsp;&nbsp;&nbsp;<a href="#[29]">ADC1_2_IRQHandler</a><BR>
</UL>
<P>
<H3>
Function Pointers
</H3><UL>
 <LI><a href="#[29]">ADC1_2_IRQHandler</a> from startup_stm32f10x_hd.o(.text) referenced from startup_stm32f10x_hd.o(RESET)
 <LI><a href="#[46]">ADC3_IRQHandler</a> from startup_stm32f10x_hd.o(.text) referenced from startup_stm32f10x_hd.o(RESET)
 <LI><a href="#[6c]">App_TaskStart</a> from main.o(i.App_TaskStart) referenced from main.o(i.main)
 <LI><a href="#[11]">BusFault_Handler</a> from stm32f10x_it.o(i.BusFault_Handler) referenced from startup_stm32f10x_hd.o(RESET)
 <LI><a href="#[9b]">CALibration_CURRent</a> from scpi.o(i.CALibration_CURRent) referenced 4 times from scpi.o(.constdata)
 <LI><a href="#[9a]">CALibration_VOLTage</a> from scpi.o(i.CALibration_VOLTage) referenced 4 times from scpi.o(.constdata)
 <LI><a href="#[2c]">CAN1_RX1_IRQHandler</a> from startup_stm32f10x_hd.o(.text) referenced from startup_stm32f10x_hd.o(RESET)
 <LI><a href="#[2d]">CAN1_SCE_IRQHandler</a> from startup_stm32f10x_hd.o(.text) referenced from startup_stm32f10x_hd.o(RESET)
 <LI><a href="#[82]">CH1_CURRent</a> from scpi.o(i.CH1_CURRent) referenced 2 times from scpi.o(.constdata)
 <LI><a href="#[8a]">CH1_VOLTage</a> from scpi.o(i.CH1_VOLTage) referenced 2 times from scpi.o(.constdata)
 <LI><a href="#[83]">CH2_CURRent</a> from scpi.o(i.CH2_CURRent) referenced 2 times from scpi.o(.constdata)
 <LI><a href="#[8b]">CH2_VOLTage</a> from scpi.o(i.CH2_VOLTage) referenced 2 times from scpi.o(.constdata)
 <LI><a href="#[6f]">CH3_MEAsure_VOLTage</a> from scpi.o(i.CH3_MEAsure_VOLTage) referenced 4 times from scpi.o(.constdata)
 <LI><a href="#[92]">CH3_VOLTage</a> from scpi.o(i.CH3_VOLTage) referenced 2 times from scpi.o(.constdata)
 <LI><a href="#[98]">CH3_read_STATus</a> from scpi.o(i.CH3_read_STATus) referenced 2 times from scpi.o(.constdata)
 <LI><a href="#[85]">CURRent</a> from scpi.o(i.CURRent) referenced 2 times from scpi.o(.constdata)
 <LI><a href="#[74]">CalParam_Cls</a> from usbtmc.o(i.CalParam_Cls) referenced from scpi.o(.constdata)
 <LI><a href="#[75]">CalParam_Store</a> from usbtmc.o(i.CalParam_Store) referenced from scpi.o(.constdata)
 <LI><a href="#[22]">DMA1_Channel1_IRQHandler</a> from startup_stm32f10x_hd.o(.text) referenced from startup_stm32f10x_hd.o(RESET)
 <LI><a href="#[23]">DMA1_Channel2_IRQHandler</a> from startup_stm32f10x_hd.o(.text) referenced from startup_stm32f10x_hd.o(RESET)
 <LI><a href="#[24]">DMA1_Channel3_IRQHandler</a> from startup_stm32f10x_hd.o(.text) referenced from startup_stm32f10x_hd.o(RESET)
 <LI><a href="#[25]">DMA1_Channel4_IRQHandler</a> from startup_stm32f10x_hd.o(.text) referenced from startup_stm32f10x_hd.o(RESET)
 <LI><a href="#[26]">DMA1_Channel5_IRQHandler</a> from startup_stm32f10x_hd.o(.text) referenced from startup_stm32f10x_hd.o(RESET)
 <LI><a href="#[27]">DMA1_Channel6_IRQHandler</a> from startup_stm32f10x_hd.o(.text) referenced from startup_stm32f10x_hd.o(RESET)
 <LI><a href="#[28]">DMA1_Channel7_IRQHandler</a> from startup_stm32f10x_hd.o(.text) referenced from startup_stm32f10x_hd.o(RESET)
 <LI><a href="#[4f]">DMA2_Channel1_IRQHandler</a> from startup_stm32f10x_hd.o(.text) referenced from startup_stm32f10x_hd.o(RESET)
 <LI><a href="#[50]">DMA2_Channel2_IRQHandler</a> from startup_stm32f10x_hd.o(.text) referenced from startup_stm32f10x_hd.o(RESET)
 <LI><a href="#[51]">DMA2_Channel3_IRQHandler</a> from startup_stm32f10x_hd.o(.text) referenced from startup_stm32f10x_hd.o(RESET)
 <LI><a href="#[52]">DMA2_Channel4_5_IRQHandler</a> from startup_stm32f10x_hd.o(.text) referenced from startup_stm32f10x_hd.o(RESET)
 <LI><a href="#[14]">DebugMon_Handler</a> from stm32f10x_it.o(i.DebugMon_Handler) referenced from startup_stm32f10x_hd.o(RESET)
 <LI><a href="#[2]">EP1_OUT_Callback</a> from usb_endp.o(i.EP1_OUT_Callback) referenced 2 times from usb_istr.o(.data)
 <LI><a href="#[1]">EP2_IN_Callback</a> from usb_endp.o(i.EP2_IN_Callback) referenced 2 times from usb_istr.o(.data)
 <LI><a href="#[1d]">EXTI0_IRQHandler</a> from startup_stm32f10x_hd.o(.text) referenced from startup_stm32f10x_hd.o(RESET)
 <LI><a href="#[3f]">EXTI15_10_IRQHandler</a> from stm32f10x_it.o(i.EXTI15_10_IRQHandler) referenced from startup_stm32f10x_hd.o(RESET)
 <LI><a href="#[1e]">EXTI1_IRQHandler</a> from startup_stm32f10x_hd.o(.text) referenced from startup_stm32f10x_hd.o(RESET)
 <LI><a href="#[1f]">EXTI2_IRQHandler</a> from stm32f10x_it.o(i.EXTI2_IRQHandler) referenced from startup_stm32f10x_hd.o(RESET)
 <LI><a href="#[20]">EXTI3_IRQHandler</a> from startup_stm32f10x_hd.o(.text) referenced from startup_stm32f10x_hd.o(RESET)
 <LI><a href="#[21]">EXTI4_IRQHandler</a> from startup_stm32f10x_hd.o(.text) referenced from startup_stm32f10x_hd.o(RESET)
 <LI><a href="#[2e]">EXTI9_5_IRQHandler</a> from startup_stm32f10x_hd.o(.text) referenced from startup_stm32f10x_hd.o(RESET)
 <LI><a href="#[1b]">FLASH_IRQHandler</a> from startup_stm32f10x_hd.o(.text) referenced from startup_stm32f10x_hd.o(RESET)
 <LI><a href="#[47]">FSMC_IRQHandler</a> from startup_stm32f10x_hd.o(.text) referenced from startup_stm32f10x_hd.o(RESET)
 <LI><a href="#[f]">HardFault_Handler</a> from stm32f10x_it.o(i.HardFault_Handler) referenced from startup_stm32f10x_hd.o(RESET)
 <LI><a href="#[37]">I2C1_ER_IRQHandler</a> from startup_stm32f10x_hd.o(.text) referenced from startup_stm32f10x_hd.o(RESET)
 <LI><a href="#[36]">I2C1_EV_IRQHandler</a> from startup_stm32f10x_hd.o(.text) referenced from startup_stm32f10x_hd.o(RESET)
 <LI><a href="#[39]">I2C2_ER_IRQHandler</a> from startup_stm32f10x_hd.o(.text) referenced from startup_stm32f10x_hd.o(RESET)
 <LI><a href="#[38]">I2C2_EV_IRQHandler</a> from startup_stm32f10x_hd.o(.text) referenced from startup_stm32f10x_hd.o(RESET)
 <LI><a href="#[76]">INSTrument</a> from usbtmc.o(i.INSTrument) referenced 2 times from scpi.o(.constdata)
 <LI><a href="#[6d]">MEASure_CURRent</a> from scpi.o(i.MEASure_CURRent) referenced 4 times from scpi.o(.constdata)
 <LI><a href="#[70]">MEASure_POWEr</a> from scpi.o(i.MEASure_POWEr) referenced 4 times from scpi.o(.constdata)
 <LI><a href="#[91]">MEAsure_OCP</a> from scpi.o(i.MEAsure_OCP) referenced from scpi.o(.constdata)
 <LI><a href="#[90]">MEAsure_OVP</a> from scpi.o(i.MEAsure_OVP) referenced from scpi.o(.constdata)
 <LI><a href="#[6e]">MEAsure_VOLTage</a> from scpi.o(i.MEAsure_VOLTage) referenced 4 times from scpi.o(.constdata)
 <LI><a href="#[10]">MemManage_Handler</a> from stm32f10x_it.o(i.MemManage_Handler) referenced from startup_stm32f10x_hd.o(RESET)
 <LI><a href="#[e]">NMI_Handler</a> from stm32f10x_it.o(i.NMI_Handler) referenced from startup_stm32f10x_hd.o(RESET)
 <LI><a href="#[0]">NOP_Process</a> from usb_core.o(i.NOP_Process) referenced 42 times from usb_istr.o(.data)
 <LI><a href="#[56]">OSTaskSwHook</a> from os_cpu_c.o(i.OSTaskSwHook) referenced from os_cpu_a.o(.text)
 <LI><a href="#[64]">OSTmr_Task</a> from os_tmr.o(i.OSTmr_Task) referenced from os_tmr.o(i.OSTmr_InitTask)
 <LI><a href="#[65]">OS_TaskIdle</a> from os_core.o(i.OS_TaskIdle) referenced from os_core.o(i.OS_InitTaskIdle)
 <LI><a href="#[66]">OS_TaskStat</a> from os_core.o(i.OS_TaskStat) referenced from os_core.o(i.OS_InitTaskStat)
 <LI><a href="#[8d]">OUTPut_OCP</a> from scpi.o(i.OUTPut_OCP) referenced 2 times from scpi.o(.constdata)
 <LI><a href="#[8c]">OUTPut_OVP</a> from scpi.o(i.OUTPut_OVP) referenced 2 times from scpi.o(.constdata)
 <LI><a href="#[94]">OUTPut_STATe</a> from scpi.o(i.OUTPut_STATe) referenced 2 times from scpi.o(.constdata)
 <LI><a href="#[95]">OUTPut_TRACk</a> from scpi.o(i.OUTPut_TRACk) referenced 2 times from scpi.o(.constdata)
 <LI><a href="#[8f]">OVER_CURRENT</a> from scpi.o(i.OVER_CURRENT) referenced 2 times from scpi.o(.constdata)
 <LI><a href="#[8e]">OVER_VOLTage</a> from scpi.o(i.OVER_VOLTage) referenced 2 times from scpi.o(.constdata)
 <LI><a href="#[18]">PVD_IRQHandler</a> from startup_stm32f10x_hd.o(.text) referenced from startup_stm32f10x_hd.o(RESET)
 <LI><a href="#[15]">PendSV_Handler</a> from os_cpu_a.o(.text) referenced from startup_stm32f10x_hd.o(RESET)
 <LI><a href="#[80]">Qry_CH1_CURRent</a> from scpi.o(i.Qry_CH1_CURRent) referenced 2 times from scpi.o(.constdata)
 <LI><a href="#[87]">Qry_CH1_VOLTage</a> from scpi.o(i.Qry_CH1_VOLTage) referenced 2 times from scpi.o(.constdata)
 <LI><a href="#[81]">Qry_CH2_CURRent</a> from scpi.o(i.Qry_CH2_CURRent) referenced 2 times from scpi.o(.constdata)
 <LI><a href="#[88]">Qry_CH2_VOLTage</a> from scpi.o(i.Qry_CH2_VOLTage) referenced 2 times from scpi.o(.constdata)
 <LI><a href="#[93]">Qry_CH3_VOLTage</a> from scpi.o(i.Qry_CH3_VOLTage) referenced 2 times from scpi.o(.constdata)
 <LI><a href="#[84]">Qry_CURRent</a> from scpi.o(i.Qry_CURRent) referenced 2 times from scpi.o(.constdata)
 <LI><a href="#[86]">Qry_VOLTage</a> from scpi.o(i.Qry_VOLTage) referenced 2 times from scpi.o(.constdata)
 <LI><a href="#[1c]">RCC_IRQHandler</a> from startup_stm32f10x_hd.o(.text) referenced from startup_stm32f10x_hd.o(RESET)
 <LI><a href="#[73]">RCL</a> from scpi.o(i.RCL) referenced from scpi.o(.constdata)
 <LI><a href="#[40]">RTCAlarm_IRQHandler</a> from startup_stm32f10x_hd.o(.text) referenced from startup_stm32f10x_hd.o(RESET)
 <LI><a href="#[1a]">RTC_IRQHandler</a> from stm32f10x_it.o(i.RTC_IRQHandler) referenced from startup_stm32f10x_hd.o(RESET)
 <LI><a href="#[7c]">ReadAll</a> from scpi.o(i.ReadAll) referenced from scpi.o(.constdata)
 <LI><a href="#[d]">Reset_Handler</a> from startup_stm32f10x_hd.o(.text) referenced from startup_stm32f10x_hd.o(RESET)
 <LI><a href="#[72]">SAV</a> from scpi.o(i.SAV) referenced from scpi.o(.constdata)
 <LI><a href="#[71]">SCPI_IDN</a> from scpi.o(i.SCPI_IDN) referenced from scpi.o(.constdata)
 <LI><a href="#[48]">SDIO_IRQHandler</a> from startup_stm32f10x_hd.o(.text) referenced from startup_stm32f10x_hd.o(RESET)
 <LI><a href="#[3a]">SPI1_IRQHandler</a> from startup_stm32f10x_hd.o(.text) referenced from startup_stm32f10x_hd.o(RESET)
 <LI><a href="#[3b]">SPI2_IRQHandler</a> from startup_stm32f10x_hd.o(.text) referenced from startup_stm32f10x_hd.o(RESET)
 <LI><a href="#[4a]">SPI3_IRQHandler</a> from startup_stm32f10x_hd.o(.text) referenced from startup_stm32f10x_hd.o(RESET)
 <LI><a href="#[13]">SVC_Handler</a> from stm32f10x_it.o(i.SVC_Handler) referenced from startup_stm32f10x_hd.o(RESET)
 <LI><a href="#[96]">SYSTem_ERRor</a> from scpi.o(i.SYSTem_ERRor) referenced 4 times from scpi.o(.constdata)
 <LI><a href="#[99]">SYSTem_STATus</a> from scpi.o(i.SYSTem_STATus) referenced 4 times from scpi.o(.constdata)
 <LI><a href="#[97]">SYSTem_VERSion</a> from scpi.o(i.SYSTem_VERSion) referenced 4 times from scpi.o(.constdata)
 <LI><a href="#[7e]">Serial_Query</a> from usbtmc.o(i.Serial_Query) referenced from scpi.o(.constdata)
 <LI><a href="#[7b]">Serial_Set</a> from usbtmc.o(i.Serial_Set) referenced from scpi.o(.constdata)
 <LI><a href="#[62]">Standard_GetConfiguration</a> from usb_core.o(i.Standard_GetConfiguration) referenced from usb_core.o(i.Data_Setup0)
 <LI><a href="#[63]">Standard_GetInterface</a> from usb_core.o(i.Standard_GetInterface) referenced from usb_core.o(i.Data_Setup0)
 <LI><a href="#[61]">Standard_GetStatus</a> from usb_core.o(i.Standard_GetStatus) referenced from usb_core.o(i.Data_Setup0)
 <LI><a href="#[16]">SysTick_Handler</a> from stm32f10x_it.o(i.SysTick_Handler) referenced from startup_stm32f10x_hd.o(RESET)
 <LI><a href="#[54]">SystemInit</a> from system_stm32f10x.o(i.SystemInit) referenced from startup_stm32f10x_hd.o(.text)
 <LI><a href="#[19]">TAMPER_IRQHandler</a> from startup_stm32f10x_hd.o(.text) referenced from startup_stm32f10x_hd.o(RESET)
 <LI><a href="#[2f]">TIM1_BRK_IRQHandler</a> from startup_stm32f10x_hd.o(.text) referenced from startup_stm32f10x_hd.o(RESET)
 <LI><a href="#[32]">TIM1_CC_IRQHandler</a> from startup_stm32f10x_hd.o(.text) referenced from startup_stm32f10x_hd.o(RESET)
 <LI><a href="#[31]">TIM1_TRG_COM_IRQHandler</a> from startup_stm32f10x_hd.o(.text) referenced from startup_stm32f10x_hd.o(RESET)
 <LI><a href="#[30]">TIM1_UP_IRQHandler</a> from startup_stm32f10x_hd.o(.text) referenced from startup_stm32f10x_hd.o(RESET)
 <LI><a href="#[33]">TIM2_IRQHandler</a> from startup_stm32f10x_hd.o(.text) referenced from startup_stm32f10x_hd.o(RESET)
 <LI><a href="#[34]">TIM3_IRQHandler</a> from startup_stm32f10x_hd.o(.text) referenced from startup_stm32f10x_hd.o(RESET)
 <LI><a href="#[35]">TIM4_IRQHandler</a> from startup_stm32f10x_hd.o(.text) referenced from startup_stm32f10x_hd.o(RESET)
 <LI><a href="#[49]">TIM5_IRQHandler</a> from startup_stm32f10x_hd.o(.text) referenced from startup_stm32f10x_hd.o(RESET)
 <LI><a href="#[4d]">TIM6_IRQHandler</a> from startup_stm32f10x_hd.o(.text) referenced from startup_stm32f10x_hd.o(RESET)
 <LI><a href="#[4e]">TIM7_IRQHandler</a> from startup_stm32f10x_hd.o(.text) referenced from startup_stm32f10x_hd.o(RESET)
 <LI><a href="#[42]">TIM8_BRK_IRQHandler</a> from startup_stm32f10x_hd.o(.text) referenced from startup_stm32f10x_hd.o(RESET)
 <LI><a href="#[45]">TIM8_CC_IRQHandler</a> from startup_stm32f10x_hd.o(.text) referenced from startup_stm32f10x_hd.o(RESET)
 <LI><a href="#[44]">TIM8_TRG_COM_IRQHandler</a> from startup_stm32f10x_hd.o(.text) referenced from startup_stm32f10x_hd.o(RESET)
 <LI><a href="#[43]">TIM8_UP_IRQHandler</a> from startup_stm32f10x_hd.o(.text) referenced from startup_stm32f10x_hd.o(RESET)
 <LI><a href="#[4b]">UART4_IRQHandler</a> from startup_stm32f10x_hd.o(.text) referenced from startup_stm32f10x_hd.o(RESET)
 <LI><a href="#[4c]">UART5_IRQHandler</a> from startup_stm32f10x_hd.o(.text) referenced from startup_stm32f10x_hd.o(RESET)
 <LI><a href="#[3c]">USART1_IRQHandler</a> from use.o(i.USART1_IRQHandler) referenced from startup_stm32f10x_hd.o(RESET)
 <LI><a href="#[3d]">USART2_IRQHandler</a> from startup_stm32f10x_hd.o(.text) referenced from startup_stm32f10x_hd.o(RESET)
 <LI><a href="#[3e]">USART3_IRQHandler</a> from startup_stm32f10x_hd.o(.text) referenced from startup_stm32f10x_hd.o(RESET)
 <LI><a href="#[41]">USBWakeUp_IRQHandler</a> from startup_stm32f10x_hd.o(.text) referenced from startup_stm32f10x_hd.o(RESET)
 <LI><a href="#[2a]">USB_HP_CAN1_TX_IRQHandler</a> from startup_stm32f10x_hd.o(.text) referenced from startup_stm32f10x_hd.o(RESET)
 <LI><a href="#[2b]">USB_LP_CAN1_RX0_IRQHandler</a> from stm32f10x_it.o(i.USB_LP_CAN1_RX0_IRQHandler) referenced from startup_stm32f10x_hd.o(RESET)
 <LI><a href="#[79]">Upgrade_Rst</a> from usbtmc.o(i.Upgrade_Rst) referenced from scpi.o(.constdata)
 <LI><a href="#[12]">UsageFault_Handler</a> from stm32f10x_it.o(i.UsageFault_Handler) referenced from startup_stm32f10x_hd.o(RESET)
 <LI><a href="#[89]">VOLTage</a> from scpi.o(i.VOLTage) referenced 2 times from scpi.o(.constdata)
 <LI><a href="#[7]">Virtual_Com_Port_Data_Setup</a> from usb_prop.o(i.Virtual_Com_Port_Data_Setup) referenced 2 times from usb_prop.o(.data)
 <LI><a href="#[b]">Virtual_Com_Port_GetConfigDescriptor</a> from usb_prop.o(i.Virtual_Com_Port_GetConfigDescriptor) referenced 2 times from usb_prop.o(.data)
 <LI><a href="#[a]">Virtual_Com_Port_GetDeviceDescriptor</a> from usb_prop.o(i.Virtual_Com_Port_GetDeviceDescriptor) referenced 2 times from usb_prop.o(.data)
 <LI><a href="#[67]">Virtual_Com_Port_GetLineCoding</a> from usb_prop.o(i.Virtual_Com_Port_GetLineCoding) referenced from usb_prop.o(i.Virtual_Com_Port_Data_Setup)
 <LI><a href="#[c]">Virtual_Com_Port_GetStringDescriptor</a> from usb_prop.o(i.Virtual_Com_Port_GetStringDescriptor) referenced 2 times from usb_prop.o(.data)
 <LI><a href="#[9]">Virtual_Com_Port_Get_Interface_Setting</a> from usb_prop.o(i.Virtual_Com_Port_Get_Interface_Setting) referenced 2 times from usb_prop.o(.data)
 <LI><a href="#[8]">Virtual_Com_Port_NoData_Setup</a> from usb_prop.o(i.Virtual_Com_Port_NoData_Setup) referenced 2 times from usb_prop.o(.data)
 <LI><a href="#[4]">Virtual_Com_Port_Reset</a> from usb_prop.o(i.Virtual_Com_Port_Reset) referenced 2 times from usb_prop.o(.data)
 <LI><a href="#[68]">Virtual_Com_Port_SetLineCoding</a> from usb_prop.o(i.Virtual_Com_Port_SetLineCoding) referenced from usb_prop.o(i.Virtual_Com_Port_Data_Setup)
 <LI><a href="#[5]">Virtual_Com_Port_Status_In</a> from usb_prop.o(i.Virtual_Com_Port_Status_In) referenced 2 times from usb_prop.o(.data)
 <LI><a href="#[6]">Virtual_Com_Port_Status_Out</a> from usb_prop.o(i.Virtual_Com_Port_Status_Out) referenced 2 times from usb_prop.o(.data)
 <LI><a href="#[3]">Virtual_Com_Port_init</a> from usb_prop.o(i.Virtual_Com_Port_init) referenced 2 times from usb_prop.o(.data)
 <LI><a href="#[17]">WWDG_IRQHandler</a> from startup_stm32f10x_hd.o(.text) referenced from startup_stm32f10x_hd.o(RESET)
 <LI><a href="#[55]">__main</a> from entry.o(.ARM.Collect$$$$00000000) referenced from startup_stm32f10x_hd.o(.text)
 <LI><a href="#[58]">_sbackspace</a> from _sgetc.o(.text) referenced from strtod.o(.text)
 <LI><a href="#[57]">_sgetc</a> from _sgetc.o(.text) referenced from strtod.o(.text)
 <LI><a href="#[6b]">_sputc</a> from printfa.o(i._sputc) referenced from printfa.o(i.__0sprintf)
 <LI><a href="#[7a]">cmd_KEY</a> from usbtmc.o(i.cmd_KEY) referenced from scpi.o(.constdata)
 <LI><a href="#[78]">cmd_count_reset</a> from usbtmc.o(i.cmd_count_reset) referenced from scpi.o(.constdata)
 <LI><a href="#[6a]">fputc</a> from main.o(i.fputc) referenced from printfa.o(i.__0printf)
 <LI><a href="#[59]">isspace</a> from isspace_o.o(.text) referenced from strtod.o(.text)
 <LI><a href="#[53]">main</a> from main.o(i.main) referenced from entry9a.o(.ARM.Collect$$$$0000000B)
 <LI><a href="#[7f]">qry_INSTrument</a> from scpi.o(i.qry_INSTrument) referenced 2 times from scpi.o(.constdata)
 <LI><a href="#[7d]">qry_debug_flags</a> from usbtmc.o(i.qry_debug_flags) referenced from scpi.o(.constdata)
 <LI><a href="#[77]">qry_tst</a> from usbtmc.o(i.qry_tst) referenced from scpi.o(.constdata)
 <LI><a href="#[69]">response</a> from usb_prop.o(i.response) referenced from usb_prop.o(i.Virtual_Com_Port_Data_Setup)
 <LI><a href="#[5d]">uctsk_Disp</a> from uctsk_task.o(i.uctsk_Disp) referenced from uctsk_task.o(i.App_UCGUI_TaskCreate)
 <LI><a href="#[5f]">uctsk_Encode_key</a> from uctsk_task.o(i.uctsk_Encode_key) referenced from uctsk_task.o(i.App_UCGUI_TaskCreate)
 <LI><a href="#[60]">uctsk_Encode_key1</a> from uctsk_task.o(i.uctsk_Encode_key1) referenced from uctsk_task.o(i.App_UCGUI_TaskCreate)
 <LI><a href="#[5c]">uctsk_Led</a> from uctsk_task.o(i.uctsk_Led) referenced from uctsk_task.o(i.App_UCGUI_TaskCreate)
 <LI><a href="#[5b]">uctsk_Main</a> from uctsk_task.o(i.uctsk_Main) referenced from uctsk_task.o(i.App_UCGUI_TaskCreate)
 <LI><a href="#[5a]">uctsk_Measure</a> from uctsk_osmeasure.o(i.uctsk_Measure) referenced from uctsk_osmeasure.o(i.App_OSViewTaskCreate)
 <LI><a href="#[5e]">uctsk_Scpi</a> from uctsk_task.o(i.uctsk_Scpi) referenced from uctsk_task.o(i.App_UCGUI_TaskCreate)
</UL>
<P>
<H3>
Global Symbols
</H3>
<P><STRONG><a name="[55]"></a>__main</STRONG> (Thumb, 0 bytes, Stack size unknown bytes, entry.o(.ARM.Collect$$$$00000000))
<BR>[Address Reference Count : 1]<UL><LI> startup_stm32f10x_hd.o(.text)
</UL>
<P><STRONG><a name="[23f]"></a>_main_stk</STRONG> (Thumb, 0 bytes, Stack size unknown bytes, entry2.o(.ARM.Collect$$$$00000001))

<P><STRONG><a name="[9c]"></a>_main_scatterload</STRONG> (Thumb, 0 bytes, Stack size unknown bytes, entry5.o(.ARM.Collect$$$$00000004))
<BR><BR>[Calls]<UL><LI><a href="#[9d]">&gt;&gt;</a>&nbsp;&nbsp;&nbsp;__scatterload
</UL>

<P><STRONG><a name="[be]"></a>__main_after_scatterload</STRONG> (Thumb, 0 bytes, Stack size unknown bytes, entry5.o(.ARM.Collect$$$$00000004))
<BR><BR>[Called By]<UL><LI><a href="#[9d]">&gt;&gt;</a>&nbsp;&nbsp;&nbsp;__scatterload
</UL>

<P><STRONG><a name="[240]"></a>_main_clock</STRONG> (Thumb, 0 bytes, Stack size unknown bytes, entry7b.o(.ARM.Collect$$$$00000008))

<P><STRONG><a name="[241]"></a>_main_cpp_init</STRONG> (Thumb, 0 bytes, Stack size unknown bytes, entry8b.o(.ARM.Collect$$$$0000000A))

<P><STRONG><a name="[242]"></a>_main_init</STRONG> (Thumb, 0 bytes, Stack size unknown bytes, entry9a.o(.ARM.Collect$$$$0000000B))

<P><STRONG><a name="[243]"></a>__rt_final_cpp</STRONG> (Thumb, 0 bytes, Stack size unknown bytes, entry10a.o(.ARM.Collect$$$$0000000D))

<P><STRONG><a name="[244]"></a>__rt_final_exit</STRONG> (Thumb, 0 bytes, Stack size unknown bytes, entry11a.o(.ARM.Collect$$$$0000000F))

<P><STRONG><a name="[d]"></a>Reset_Handler</STRONG> (Thumb, 8 bytes, Stack size 0 bytes, startup_stm32f10x_hd.o(.text))
<BR>[Address Reference Count : 1]<UL><LI> startup_stm32f10x_hd.o(RESET)
</UL>
<P><STRONG><a name="[29]"></a>ADC1_2_IRQHandler</STRONG> (Thumb, 0 bytes, Stack size 0 bytes, startup_stm32f10x_hd.o(.text))
<BR><BR>[Calls]<UL><LI><a href="#[29]">&gt;&gt;</a>&nbsp;&nbsp;&nbsp;ADC1_2_IRQHandler
</UL>
<BR>[Called By]<UL><LI><a href="#[29]">&gt;&gt;</a>&nbsp;&nbsp;&nbsp;ADC1_2_IRQHandler
</UL>
<BR>[Address Reference Count : 1]<UL><LI> startup_stm32f10x_hd.o(RESET)
</UL>
<P><STRONG><a name="[46]"></a>ADC3_IRQHandler</STRONG> (Thumb, 0 bytes, Stack size 0 bytes, startup_stm32f10x_hd.o(.text))
<BR>[Address Reference Count : 1]<UL><LI> startup_stm32f10x_hd.o(RESET)
</UL>
<P><STRONG><a name="[2c]"></a>CAN1_RX1_IRQHandler</STRONG> (Thumb, 0 bytes, Stack size 0 bytes, startup_stm32f10x_hd.o(.text))
<BR>[Address Reference Count : 1]<UL><LI> startup_stm32f10x_hd.o(RESET)
</UL>
<P><STRONG><a name="[2d]"></a>CAN1_SCE_IRQHandler</STRONG> (Thumb, 0 bytes, Stack size 0 bytes, startup_stm32f10x_hd.o(.text))
<BR>[Address Reference Count : 1]<UL><LI> startup_stm32f10x_hd.o(RESET)
</UL>
<P><STRONG><a name="[22]"></a>DMA1_Channel1_IRQHandler</STRONG> (Thumb, 0 bytes, Stack size 0 bytes, startup_stm32f10x_hd.o(.text))
<BR>[Address Reference Count : 1]<UL><LI> startup_stm32f10x_hd.o(RESET)
</UL>
<P><STRONG><a name="[23]"></a>DMA1_Channel2_IRQHandler</STRONG> (Thumb, 0 bytes, Stack size 0 bytes, startup_stm32f10x_hd.o(.text))
<BR>[Address Reference Count : 1]<UL><LI> startup_stm32f10x_hd.o(RESET)
</UL>
<P><STRONG><a name="[24]"></a>DMA1_Channel3_IRQHandler</STRONG> (Thumb, 0 bytes, Stack size 0 bytes, startup_stm32f10x_hd.o(.text))
<BR>[Address Reference Count : 1]<UL><LI> startup_stm32f10x_hd.o(RESET)
</UL>
<P><STRONG><a name="[25]"></a>DMA1_Channel4_IRQHandler</STRONG> (Thumb, 0 bytes, Stack size 0 bytes, startup_stm32f10x_hd.o(.text))
<BR>[Address Reference Count : 1]<UL><LI> startup_stm32f10x_hd.o(RESET)
</UL>
<P><STRONG><a name="[26]"></a>DMA1_Channel5_IRQHandler</STRONG> (Thumb, 0 bytes, Stack size 0 bytes, startup_stm32f10x_hd.o(.text))
<BR>[Address Reference Count : 1]<UL><LI> startup_stm32f10x_hd.o(RESET)
</UL>
<P><STRONG><a name="[27]"></a>DMA1_Channel6_IRQHandler</STRONG> (Thumb, 0 bytes, Stack size 0 bytes, startup_stm32f10x_hd.o(.text))
<BR>[Address Reference Count : 1]<UL><LI> startup_stm32f10x_hd.o(RESET)
</UL>
<P><STRONG><a name="[28]"></a>DMA1_Channel7_IRQHandler</STRONG> (Thumb, 0 bytes, Stack size 0 bytes, startup_stm32f10x_hd.o(.text))
<BR>[Address Reference Count : 1]<UL><LI> startup_stm32f10x_hd.o(RESET)
</UL>
<P><STRONG><a name="[4f]"></a>DMA2_Channel1_IRQHandler</STRONG> (Thumb, 0 bytes, Stack size 0 bytes, startup_stm32f10x_hd.o(.text))
<BR>[Address Reference Count : 1]<UL><LI> startup_stm32f10x_hd.o(RESET)
</UL>
<P><STRONG><a name="[50]"></a>DMA2_Channel2_IRQHandler</STRONG> (Thumb, 0 bytes, Stack size 0 bytes, startup_stm32f10x_hd.o(.text))
<BR>[Address Reference Count : 1]<UL><LI> startup_stm32f10x_hd.o(RESET)
</UL>
<P><STRONG><a name="[51]"></a>DMA2_Channel3_IRQHandler</STRONG> (Thumb, 0 bytes, Stack size 0 bytes, startup_stm32f10x_hd.o(.text))
<BR>[Address Reference Count : 1]<UL><LI> startup_stm32f10x_hd.o(RESET)
</UL>
<P><STRONG><a name="[52]"></a>DMA2_Channel4_5_IRQHandler</STRONG> (Thumb, 0 bytes, Stack size 0 bytes, startup_stm32f10x_hd.o(.text))
<BR>[Address Reference Count : 1]<UL><LI> startup_stm32f10x_hd.o(RESET)
</UL>
<P><STRONG><a name="[1d]"></a>EXTI0_IRQHandler</STRONG> (Thumb, 0 bytes, Stack size 0 bytes, startup_stm32f10x_hd.o(.text))
<BR>[Address Reference Count : 1]<UL><LI> startup_stm32f10x_hd.o(RESET)
</UL>
<P><STRONG><a name="[1e]"></a>EXTI1_IRQHandler</STRONG> (Thumb, 0 bytes, Stack size 0 bytes, startup_stm32f10x_hd.o(.text))
<BR>[Address Reference Count : 1]<UL><LI> startup_stm32f10x_hd.o(RESET)
</UL>
<P><STRONG><a name="[20]"></a>EXTI3_IRQHandler</STRONG> (Thumb, 0 bytes, Stack size 0 bytes, startup_stm32f10x_hd.o(.text))
<BR>[Address Reference Count : 1]<UL><LI> startup_stm32f10x_hd.o(RESET)
</UL>
<P><STRONG><a name="[21]"></a>EXTI4_IRQHandler</STRONG> (Thumb, 0 bytes, Stack size 0 bytes, startup_stm32f10x_hd.o(.text))
<BR>[Address Reference Count : 1]<UL><LI> startup_stm32f10x_hd.o(RESET)
</UL>
<P><STRONG><a name="[2e]"></a>EXTI9_5_IRQHandler</STRONG> (Thumb, 0 bytes, Stack size 0 bytes, startup_stm32f10x_hd.o(.text))
<BR>[Address Reference Count : 1]<UL><LI> startup_stm32f10x_hd.o(RESET)
</UL>
<P><STRONG><a name="[1b]"></a>FLASH_IRQHandler</STRONG> (Thumb, 0 bytes, Stack size 0 bytes, startup_stm32f10x_hd.o(.text))
<BR>[Address Reference Count : 1]<UL><LI> startup_stm32f10x_hd.o(RESET)
</UL>
<P><STRONG><a name="[47]"></a>FSMC_IRQHandler</STRONG> (Thumb, 0 bytes, Stack size 0 bytes, startup_stm32f10x_hd.o(.text))
<BR>[Address Reference Count : 1]<UL><LI> startup_stm32f10x_hd.o(RESET)
</UL>
<P><STRONG><a name="[37]"></a>I2C1_ER_IRQHandler</STRONG> (Thumb, 0 bytes, Stack size 0 bytes, startup_stm32f10x_hd.o(.text))
<BR>[Address Reference Count : 1]<UL><LI> startup_stm32f10x_hd.o(RESET)
</UL>
<P><STRONG><a name="[36]"></a>I2C1_EV_IRQHandler</STRONG> (Thumb, 0 bytes, Stack size 0 bytes, startup_stm32f10x_hd.o(.text))
<BR>[Address Reference Count : 1]<UL><LI> startup_stm32f10x_hd.o(RESET)
</UL>
<P><STRONG><a name="[39]"></a>I2C2_ER_IRQHandler</STRONG> (Thumb, 0 bytes, Stack size 0 bytes, startup_stm32f10x_hd.o(.text))
<BR>[Address Reference Count : 1]<UL><LI> startup_stm32f10x_hd.o(RESET)
</UL>
<P><STRONG><a name="[38]"></a>I2C2_EV_IRQHandler</STRONG> (Thumb, 0 bytes, Stack size 0 bytes, startup_stm32f10x_hd.o(.text))
<BR>[Address Reference Count : 1]<UL><LI> startup_stm32f10x_hd.o(RESET)
</UL>
<P><STRONG><a name="[18]"></a>PVD_IRQHandler</STRONG> (Thumb, 0 bytes, Stack size 0 bytes, startup_stm32f10x_hd.o(.text))
<BR>[Address Reference Count : 1]<UL><LI> startup_stm32f10x_hd.o(RESET)
</UL>
<P><STRONG><a name="[1c]"></a>RCC_IRQHandler</STRONG> (Thumb, 0 bytes, Stack size 0 bytes, startup_stm32f10x_hd.o(.text))
<BR>[Address Reference Count : 1]<UL><LI> startup_stm32f10x_hd.o(RESET)
</UL>
<P><STRONG><a name="[40]"></a>RTCAlarm_IRQHandler</STRONG> (Thumb, 0 bytes, Stack size 0 bytes, startup_stm32f10x_hd.o(.text))
<BR>[Address Reference Count : 1]<UL><LI> startup_stm32f10x_hd.o(RESET)
</UL>
<P><STRONG><a name="[48]"></a>SDIO_IRQHandler</STRONG> (Thumb, 0 bytes, Stack size 0 bytes, startup_stm32f10x_hd.o(.text))
<BR>[Address Reference Count : 1]<UL><LI> startup_stm32f10x_hd.o(RESET)
</UL>
<P><STRONG><a name="[3a]"></a>SPI1_IRQHandler</STRONG> (Thumb, 0 bytes, Stack size 0 bytes, startup_stm32f10x_hd.o(.text))
<BR>[Address Reference Count : 1]<UL><LI> startup_stm32f10x_hd.o(RESET)
</UL>
<P><STRONG><a name="[3b]"></a>SPI2_IRQHandler</STRONG> (Thumb, 0 bytes, Stack size 0 bytes, startup_stm32f10x_hd.o(.text))
<BR>[Address Reference Count : 1]<UL><LI> startup_stm32f10x_hd.o(RESET)
</UL>
<P><STRONG><a name="[4a]"></a>SPI3_IRQHandler</STRONG> (Thumb, 0 bytes, Stack size 0 bytes, startup_stm32f10x_hd.o(.text))
<BR>[Address Reference Count : 1]<UL><LI> startup_stm32f10x_hd.o(RESET)
</UL>
<P><STRONG><a name="[19]"></a>TAMPER_IRQHandler</STRONG> (Thumb, 0 bytes, Stack size 0 bytes, startup_stm32f10x_hd.o(.text))
<BR>[Address Reference Count : 1]<UL><LI> startup_stm32f10x_hd.o(RESET)
</UL>
<P><STRONG><a name="[2f]"></a>TIM1_BRK_IRQHandler</STRONG> (Thumb, 0 bytes, Stack size 0 bytes, startup_stm32f10x_hd.o(.text))
<BR>[Address Reference Count : 1]<UL><LI> startup_stm32f10x_hd.o(RESET)
</UL>
<P><STRONG><a name="[32]"></a>TIM1_CC_IRQHandler</STRONG> (Thumb, 0 bytes, Stack size 0 bytes, startup_stm32f10x_hd.o(.text))
<BR>[Address Reference Count : 1]<UL><LI> startup_stm32f10x_hd.o(RESET)
</UL>
<P><STRONG><a name="[31]"></a>TIM1_TRG_COM_IRQHandler</STRONG> (Thumb, 0 bytes, Stack size 0 bytes, startup_stm32f10x_hd.o(.text))
<BR>[Address Reference Count : 1]<UL><LI> startup_stm32f10x_hd.o(RESET)
</UL>
<P><STRONG><a name="[30]"></a>TIM1_UP_IRQHandler</STRONG> (Thumb, 0 bytes, Stack size 0 bytes, startup_stm32f10x_hd.o(.text))
<BR>[Address Reference Count : 1]<UL><LI> startup_stm32f10x_hd.o(RESET)
</UL>
<P><STRONG><a name="[33]"></a>TIM2_IRQHandler</STRONG> (Thumb, 0 bytes, Stack size 0 bytes, startup_stm32f10x_hd.o(.text))
<BR>[Address Reference Count : 1]<UL><LI> startup_stm32f10x_hd.o(RESET)
</UL>
<P><STRONG><a name="[34]"></a>TIM3_IRQHandler</STRONG> (Thumb, 0 bytes, Stack size 0 bytes, startup_stm32f10x_hd.o(.text))
<BR>[Address Reference Count : 1]<UL><LI> startup_stm32f10x_hd.o(RESET)
</UL>
<P><STRONG><a name="[35]"></a>TIM4_IRQHandler</STRONG> (Thumb, 0 bytes, Stack size 0 bytes, startup_stm32f10x_hd.o(.text))
<BR>[Address Reference Count : 1]<UL><LI> startup_stm32f10x_hd.o(RESET)
</UL>
<P><STRONG><a name="[49]"></a>TIM5_IRQHandler</STRONG> (Thumb, 0 bytes, Stack size 0 bytes, startup_stm32f10x_hd.o(.text))
<BR>[Address Reference Count : 1]<UL><LI> startup_stm32f10x_hd.o(RESET)
</UL>
<P><STRONG><a name="[4d]"></a>TIM6_IRQHandler</STRONG> (Thumb, 0 bytes, Stack size 0 bytes, startup_stm32f10x_hd.o(.text))
<BR>[Address Reference Count : 1]<UL><LI> startup_stm32f10x_hd.o(RESET)
</UL>
<P><STRONG><a name="[4e]"></a>TIM7_IRQHandler</STRONG> (Thumb, 0 bytes, Stack size 0 bytes, startup_stm32f10x_hd.o(.text))
<BR>[Address Reference Count : 1]<UL><LI> startup_stm32f10x_hd.o(RESET)
</UL>
<P><STRONG><a name="[42]"></a>TIM8_BRK_IRQHandler</STRONG> (Thumb, 0 bytes, Stack size 0 bytes, startup_stm32f10x_hd.o(.text))
<BR>[Address Reference Count : 1]<UL><LI> startup_stm32f10x_hd.o(RESET)
</UL>
<P><STRONG><a name="[45]"></a>TIM8_CC_IRQHandler</STRONG> (Thumb, 0 bytes, Stack size 0 bytes, startup_stm32f10x_hd.o(.text))
<BR>[Address Reference Count : 1]<UL><LI> startup_stm32f10x_hd.o(RESET)
</UL>
<P><STRONG><a name="[44]"></a>TIM8_TRG_COM_IRQHandler</STRONG> (Thumb, 0 bytes, Stack size 0 bytes, startup_stm32f10x_hd.o(.text))
<BR>[Address Reference Count : 1]<UL><LI> startup_stm32f10x_hd.o(RESET)
</UL>
<P><STRONG><a name="[43]"></a>TIM8_UP_IRQHandler</STRONG> (Thumb, 0 bytes, Stack size 0 bytes, startup_stm32f10x_hd.o(.text))
<BR>[Address Reference Count : 1]<UL><LI> startup_stm32f10x_hd.o(RESET)
</UL>
<P><STRONG><a name="[4b]"></a>UART4_IRQHandler</STRONG> (Thumb, 0 bytes, Stack size 0 bytes, startup_stm32f10x_hd.o(.text))
<BR>[Address Reference Count : 1]<UL><LI> startup_stm32f10x_hd.o(RESET)
</UL>
<P><STRONG><a name="[4c]"></a>UART5_IRQHandler</STRONG> (Thumb, 0 bytes, Stack size 0 bytes, startup_stm32f10x_hd.o(.text))
<BR>[Address Reference Count : 1]<UL><LI> startup_stm32f10x_hd.o(RESET)
</UL>
<P><STRONG><a name="[3d]"></a>USART2_IRQHandler</STRONG> (Thumb, 0 bytes, Stack size 0 bytes, startup_stm32f10x_hd.o(.text))
<BR>[Address Reference Count : 1]<UL><LI> startup_stm32f10x_hd.o(RESET)
</UL>
<P><STRONG><a name="[3e]"></a>USART3_IRQHandler</STRONG> (Thumb, 0 bytes, Stack size 0 bytes, startup_stm32f10x_hd.o(.text))
<BR>[Address Reference Count : 1]<UL><LI> startup_stm32f10x_hd.o(RESET)
</UL>
<P><STRONG><a name="[41]"></a>USBWakeUp_IRQHandler</STRONG> (Thumb, 0 bytes, Stack size 0 bytes, startup_stm32f10x_hd.o(.text))
<BR>[Address Reference Count : 1]<UL><LI> startup_stm32f10x_hd.o(RESET)
</UL>
<P><STRONG><a name="[2a]"></a>USB_HP_CAN1_TX_IRQHandler</STRONG> (Thumb, 0 bytes, Stack size 0 bytes, startup_stm32f10x_hd.o(.text))
<BR>[Address Reference Count : 1]<UL><LI> startup_stm32f10x_hd.o(RESET)
</UL>
<P><STRONG><a name="[17]"></a>WWDG_IRQHandler</STRONG> (Thumb, 0 bytes, Stack size 0 bytes, startup_stm32f10x_hd.o(.text))
<BR>[Address Reference Count : 1]<UL><LI> startup_stm32f10x_hd.o(RESET)
</UL>
<P><STRONG><a name="[f1]"></a>OS_CPU_SR_Save</STRONG> (Thumb, 0 bytes, Stack size unknown bytes, os_cpu_a.o(.text))
<BR><BR>[Called By]<UL><LI><a href="#[193]">&gt;&gt;</a>&nbsp;&nbsp;&nbsp;OSTimeTick
<LI><a href="#[177]">&gt;&gt;</a>&nbsp;&nbsp;&nbsp;OSIntExit
<LI><a href="#[16]">&gt;&gt;</a>&nbsp;&nbsp;&nbsp;SysTick_Handler
<LI><a href="#[1a3]">&gt;&gt;</a>&nbsp;&nbsp;&nbsp;deal_CH2
<LI><a href="#[1a2]">&gt;&gt;</a>&nbsp;&nbsp;&nbsp;deal_CH1
<LI><a href="#[186]">&gt;&gt;</a>&nbsp;&nbsp;&nbsp;OSTimeDly
<LI><a href="#[df]">&gt;&gt;</a>&nbsp;&nbsp;&nbsp;OSTaskCreate
<LI><a href="#[182]">&gt;&gt;</a>&nbsp;&nbsp;&nbsp;OSSemPost
<LI><a href="#[da]">&gt;&gt;</a>&nbsp;&nbsp;&nbsp;OSTaskSuspend
<LI><a href="#[d3]">&gt;&gt;</a>&nbsp;&nbsp;&nbsp;OSTaskNameSet
<LI><a href="#[d2]">&gt;&gt;</a>&nbsp;&nbsp;&nbsp;OSTaskCreateExt
<LI><a href="#[d9]">&gt;&gt;</a>&nbsp;&nbsp;&nbsp;OSStatInit
<LI><a href="#[103]">&gt;&gt;</a>&nbsp;&nbsp;&nbsp;CH3_Measure
<LI><a href="#[f7]">&gt;&gt;</a>&nbsp;&nbsp;&nbsp;CH2_Measure
<LI><a href="#[ef]">&gt;&gt;</a>&nbsp;&nbsp;&nbsp;CH1_Measure
<LI><a href="#[191]">&gt;&gt;</a>&nbsp;&nbsp;&nbsp;OSTaskStkChk
<LI><a href="#[66]">&gt;&gt;</a>&nbsp;&nbsp;&nbsp;OS_TaskStat
<LI><a href="#[65]">&gt;&gt;</a>&nbsp;&nbsp;&nbsp;OS_TaskIdle
<LI><a href="#[18a]">&gt;&gt;</a>&nbsp;&nbsp;&nbsp;OS_TCBInit
<LI><a href="#[17c]">&gt;&gt;</a>&nbsp;&nbsp;&nbsp;OS_Sched
<LI><a href="#[17b]">&gt;&gt;</a>&nbsp;&nbsp;&nbsp;OSSchedUnlock
<LI><a href="#[17a]">&gt;&gt;</a>&nbsp;&nbsp;&nbsp;OSSchedLock
<LI><a href="#[168]">&gt;&gt;</a>&nbsp;&nbsp;&nbsp;OSEventNameSet
<LI><a href="#[17f]">&gt;&gt;</a>&nbsp;&nbsp;&nbsp;OSSemPend
<LI><a href="#[17d]">&gt;&gt;</a>&nbsp;&nbsp;&nbsp;OSSemCreate
<LI><a href="#[19a]">&gt;&gt;</a>&nbsp;&nbsp;&nbsp;OSView_TimeGetCycles
</UL>

<P><STRONG><a name="[f4]"></a>OS_CPU_SR_Restore</STRONG> (Thumb, 0 bytes, Stack size unknown bytes, os_cpu_a.o(.text))
<BR><BR>[Called By]<UL><LI><a href="#[193]">&gt;&gt;</a>&nbsp;&nbsp;&nbsp;OSTimeTick
<LI><a href="#[177]">&gt;&gt;</a>&nbsp;&nbsp;&nbsp;OSIntExit
<LI><a href="#[16]">&gt;&gt;</a>&nbsp;&nbsp;&nbsp;SysTick_Handler
<LI><a href="#[1a3]">&gt;&gt;</a>&nbsp;&nbsp;&nbsp;deal_CH2
<LI><a href="#[1a2]">&gt;&gt;</a>&nbsp;&nbsp;&nbsp;deal_CH1
<LI><a href="#[186]">&gt;&gt;</a>&nbsp;&nbsp;&nbsp;OSTimeDly
<LI><a href="#[df]">&gt;&gt;</a>&nbsp;&nbsp;&nbsp;OSTaskCreate
<LI><a href="#[182]">&gt;&gt;</a>&nbsp;&nbsp;&nbsp;OSSemPost
<LI><a href="#[da]">&gt;&gt;</a>&nbsp;&nbsp;&nbsp;OSTaskSuspend
<LI><a href="#[d3]">&gt;&gt;</a>&nbsp;&nbsp;&nbsp;OSTaskNameSet
<LI><a href="#[d2]">&gt;&gt;</a>&nbsp;&nbsp;&nbsp;OSTaskCreateExt
<LI><a href="#[d9]">&gt;&gt;</a>&nbsp;&nbsp;&nbsp;OSStatInit
<LI><a href="#[103]">&gt;&gt;</a>&nbsp;&nbsp;&nbsp;CH3_Measure
<LI><a href="#[f7]">&gt;&gt;</a>&nbsp;&nbsp;&nbsp;CH2_Measure
<LI><a href="#[ef]">&gt;&gt;</a>&nbsp;&nbsp;&nbsp;CH1_Measure
<LI><a href="#[191]">&gt;&gt;</a>&nbsp;&nbsp;&nbsp;OSTaskStkChk
<LI><a href="#[66]">&gt;&gt;</a>&nbsp;&nbsp;&nbsp;OS_TaskStat
<LI><a href="#[65]">&gt;&gt;</a>&nbsp;&nbsp;&nbsp;OS_TaskIdle
<LI><a href="#[18a]">&gt;&gt;</a>&nbsp;&nbsp;&nbsp;OS_TCBInit
<LI><a href="#[17c]">&gt;&gt;</a>&nbsp;&nbsp;&nbsp;OS_Sched
<LI><a href="#[17b]">&gt;&gt;</a>&nbsp;&nbsp;&nbsp;OSSchedUnlock
<LI><a href="#[17a]">&gt;&gt;</a>&nbsp;&nbsp;&nbsp;OSSchedLock
<LI><a href="#[168]">&gt;&gt;</a>&nbsp;&nbsp;&nbsp;OSEventNameSet
<LI><a href="#[17f]">&gt;&gt;</a>&nbsp;&nbsp;&nbsp;OSSemPend
<LI><a href="#[17d]">&gt;&gt;</a>&nbsp;&nbsp;&nbsp;OSSemCreate
<LI><a href="#[19a]">&gt;&gt;</a>&nbsp;&nbsp;&nbsp;OSView_TimeGetCycles
</UL>

<P><STRONG><a name="[185]"></a>OSStartHighRdy</STRONG> (Thumb, 0 bytes, Stack size unknown bytes, os_cpu_a.o(.text))
<BR><BR>[Called By]<UL><LI><a href="#[184]">&gt;&gt;</a>&nbsp;&nbsp;&nbsp;OSStart
</UL>

<P><STRONG><a name="[19e]"></a>OSCtxSw</STRONG> (Thumb, 0 bytes, Stack size unknown bytes, os_cpu_a.o(.text))
<BR><BR>[Called By]<UL><LI><a href="#[17c]">&gt;&gt;</a>&nbsp;&nbsp;&nbsp;OS_Sched
</UL>

<P><STRONG><a name="[179]"></a>OSIntCtxSw</STRONG> (Thumb, 0 bytes, Stack size unknown bytes, os_cpu_a.o(.text))
<BR><BR>[Called By]<UL><LI><a href="#[177]">&gt;&gt;</a>&nbsp;&nbsp;&nbsp;OSIntExit
</UL>

<P><STRONG><a name="[15]"></a>PendSV_Handler</STRONG> (Thumb, 0 bytes, Stack size unknown bytes, os_cpu_a.o(.text))
<BR>[Address Reference Count : 1]<UL><LI> startup_stm32f10x_hd.o(RESET)
</UL>
<P><STRONG><a name="[231]"></a>CPU_IntDis</STRONG> (Thumb, 0 bytes, Stack size unknown bytes, cpu_a.o(.text))
<BR><BR>[Called By]<UL><LI><a href="#[53]">&gt;&gt;</a>&nbsp;&nbsp;&nbsp;main
</UL>

<P><STRONG><a name="[245]"></a>CPU_IntEn</STRONG> (Thumb, 0 bytes, Stack size unknown bytes, cpu_a.o(.text), UNUSED)

<P><STRONG><a name="[246]"></a>CPU_SR_Save</STRONG> (Thumb, 0 bytes, Stack size unknown bytes, cpu_a.o(.text), UNUSED)

<P><STRONG><a name="[247]"></a>CPU_SR_Restore</STRONG> (Thumb, 0 bytes, Stack size unknown bytes, cpu_a.o(.text), UNUSED)

<P><STRONG><a name="[248]"></a>CPU_CntLeadZeros</STRONG> (Thumb, 0 bytes, Stack size unknown bytes, cpu_a.o(.text), UNUSED)

<P><STRONG><a name="[249]"></a>CPU_RevBits</STRONG> (Thumb, 0 bytes, Stack size unknown bytes, cpu_a.o(.text), UNUSED)

<P><STRONG><a name="[24a]"></a>CPU_WaitForInt</STRONG> (Thumb, 0 bytes, Stack size unknown bytes, cpu_a.o(.text), UNUSED)

<P><STRONG><a name="[24b]"></a>CPU_WaitForExcept</STRONG> (Thumb, 0 bytes, Stack size unknown bytes, cpu_a.o(.text), UNUSED)

<P><STRONG><a name="[9e]"></a>__rt_ctype_table</STRONG> (Thumb, 4 bytes, Stack size 0 bytes, ctype_o.o(.text))
<BR><BR>[Called By]<UL><LI><a href="#[220]">&gt;&gt;</a>&nbsp;&nbsp;&nbsp;parseDeviceCommand
<LI><a href="#[59]">&gt;&gt;</a>&nbsp;&nbsp;&nbsp;isspace
<LI><a href="#[a4]">&gt;&gt;</a>&nbsp;&nbsp;&nbsp;strtol
</UL>

<P><STRONG><a name="[59]"></a>isspace</STRONG> (Thumb, 18 bytes, Stack size 8 bytes, isspace_o.o(.text))
<BR><BR>[Stack]<UL><LI>Max Depth = 8<LI>Call Chain = isspace
</UL>
<BR>[Calls]<UL><LI><a href="#[9e]">&gt;&gt;</a>&nbsp;&nbsp;&nbsp;__rt_ctype_table
</UL>
<BR>[Address Reference Count : 1]<UL><LI> strtod.o(.text)
</UL>
<P><STRONG><a name="[234]"></a>toupper</STRONG> (Thumb, 12 bytes, Stack size 0 bytes, toupper.o(.text))
<BR><BR>[Called By]<UL><LI><a href="#[e9]">&gt;&gt;</a>&nbsp;&nbsp;&nbsp;strnmatch
</UL>

<P><STRONG><a name="[1df]"></a>__aeabi_memcpy</STRONG> (Thumb, 36 bytes, Stack size 0 bytes, memcpya.o(.text))
<BR><BR>[Called By]<UL><LI><a href="#[e7]">&gt;&gt;</a>&nbsp;&nbsp;&nbsp;check_para
<LI><a href="#[e6]">&gt;&gt;</a>&nbsp;&nbsp;&nbsp;check_int_para
<LI><a href="#[23a]">&gt;&gt;</a>&nbsp;&nbsp;&nbsp;usbtmc_rsp_msg_handler
<LI><a href="#[237]">&gt;&gt;</a>&nbsp;&nbsp;&nbsp;usbtmc_cmd_msg_handler
<LI><a href="#[7b]">&gt;&gt;</a>&nbsp;&nbsp;&nbsp;Serial_Set
</UL>

<P><STRONG><a name="[1d3]"></a>__aeabi_memcpy4</STRONG> (Thumb, 0 bytes, Stack size 0 bytes, memcpya.o(.text))
<BR><BR>[Called By]<UL><LI><a href="#[211]">&gt;&gt;</a>&nbsp;&nbsp;&nbsp;_recall
<LI><a href="#[5d]">&gt;&gt;</a>&nbsp;&nbsp;&nbsp;uctsk_Disp
<LI><a href="#[53]">&gt;&gt;</a>&nbsp;&nbsp;&nbsp;main
<LI><a href="#[5a]">&gt;&gt;</a>&nbsp;&nbsp;&nbsp;uctsk_Measure
<LI><a href="#[72]">&gt;&gt;</a>&nbsp;&nbsp;&nbsp;SAV
<LI><a href="#[7b]">&gt;&gt;</a>&nbsp;&nbsp;&nbsp;Serial_Set
</UL>

<P><STRONG><a name="[24c]"></a>__aeabi_memcpy8</STRONG> (Thumb, 0 bytes, Stack size 0 bytes, memcpya.o(.text), UNUSED)

<P><STRONG><a name="[a0]"></a>__aeabi_memset</STRONG> (Thumb, 14 bytes, Stack size 0 bytes, memseta.o(.text))
<BR><BR>[Called By]<UL><LI><a href="#[a1]">&gt;&gt;</a>&nbsp;&nbsp;&nbsp;_memset$wrapper
<LI><a href="#[9f]">&gt;&gt;</a>&nbsp;&nbsp;&nbsp;__aeabi_memclr
</UL>

<P><STRONG><a name="[24d]"></a>__aeabi_memset4</STRONG> (Thumb, 0 bytes, Stack size 0 bytes, memseta.o(.text), UNUSED)

<P><STRONG><a name="[24e]"></a>__aeabi_memset8</STRONG> (Thumb, 0 bytes, Stack size 0 bytes, memseta.o(.text), UNUSED)

<P><STRONG><a name="[9f]"></a>__aeabi_memclr</STRONG> (Thumb, 4 bytes, Stack size 0 bytes, memseta.o(.text))
<BR><BR>[Calls]<UL><LI><a href="#[a0]">&gt;&gt;</a>&nbsp;&nbsp;&nbsp;__aeabi_memset
</UL>
<BR>[Called By]<UL><LI><a href="#[21f]">&gt;&gt;</a>&nbsp;&nbsp;&nbsp;deal_scpi_usart_main
</UL>

<P><STRONG><a name="[1de]"></a>__aeabi_memclr4</STRONG> (Thumb, 0 bytes, Stack size 0 bytes, memseta.o(.text))
<BR><BR>[Called By]<UL><LI><a href="#[236]">&gt;&gt;</a>&nbsp;&nbsp;&nbsp;usbtmc_scheduler
<LI><a href="#[221]">&gt;&gt;</a>&nbsp;&nbsp;&nbsp;usbtmc_initialise
<LI><a href="#[237]">&gt;&gt;</a>&nbsp;&nbsp;&nbsp;usbtmc_cmd_msg_handler
<LI><a href="#[7b]">&gt;&gt;</a>&nbsp;&nbsp;&nbsp;Serial_Set
</UL>

<P><STRONG><a name="[24f]"></a>__aeabi_memclr8</STRONG> (Thumb, 0 bytes, Stack size 0 bytes, memseta.o(.text), UNUSED)

<P><STRONG><a name="[a1]"></a>_memset$wrapper</STRONG> (Thumb, 18 bytes, Stack size 8 bytes, memseta.o(.text), UNUSED)
<BR><BR>[Calls]<UL><LI><a href="#[a0]">&gt;&gt;</a>&nbsp;&nbsp;&nbsp;__aeabi_memset
</UL>

<P><STRONG><a name="[e5]"></a>strlen</STRONG> (Thumb, 14 bytes, Stack size 0 bytes, strlen.o(.text))
<BR><BR>[Called By]<UL><LI><a href="#[e7]">&gt;&gt;</a>&nbsp;&nbsp;&nbsp;check_para
<LI><a href="#[e6]">&gt;&gt;</a>&nbsp;&nbsp;&nbsp;check_int_para
<LI><a href="#[97]">&gt;&gt;</a>&nbsp;&nbsp;&nbsp;SYSTem_VERSion
<LI><a href="#[96]">&gt;&gt;</a>&nbsp;&nbsp;&nbsp;SYSTem_ERRor
<LI><a href="#[71]">&gt;&gt;</a>&nbsp;&nbsp;&nbsp;SCPI_IDN
<LI><a href="#[72]">&gt;&gt;</a>&nbsp;&nbsp;&nbsp;SAV
<LI><a href="#[7c]">&gt;&gt;</a>&nbsp;&nbsp;&nbsp;ReadAll
<LI><a href="#[73]">&gt;&gt;</a>&nbsp;&nbsp;&nbsp;RCL
<LI><a href="#[93]">&gt;&gt;</a>&nbsp;&nbsp;&nbsp;Qry_CH3_VOLTage
<LI><a href="#[88]">&gt;&gt;</a>&nbsp;&nbsp;&nbsp;Qry_CH2_VOLTage
<LI><a href="#[81]">&gt;&gt;</a>&nbsp;&nbsp;&nbsp;Qry_CH2_CURRent
<LI><a href="#[87]">&gt;&gt;</a>&nbsp;&nbsp;&nbsp;Qry_CH1_VOLTage
<LI><a href="#[80]">&gt;&gt;</a>&nbsp;&nbsp;&nbsp;Qry_CH1_CURRent
<LI><a href="#[8e]">&gt;&gt;</a>&nbsp;&nbsp;&nbsp;OVER_VOLTage
<LI><a href="#[8f]">&gt;&gt;</a>&nbsp;&nbsp;&nbsp;OVER_CURRENT
<LI><a href="#[6e]">&gt;&gt;</a>&nbsp;&nbsp;&nbsp;MEAsure_VOLTage
<LI><a href="#[90]">&gt;&gt;</a>&nbsp;&nbsp;&nbsp;MEAsure_OVP
<LI><a href="#[91]">&gt;&gt;</a>&nbsp;&nbsp;&nbsp;MEAsure_OCP
<LI><a href="#[70]">&gt;&gt;</a>&nbsp;&nbsp;&nbsp;MEASure_POWEr
<LI><a href="#[6d]">&gt;&gt;</a>&nbsp;&nbsp;&nbsp;MEASure_CURRent
<LI><a href="#[98]">&gt;&gt;</a>&nbsp;&nbsp;&nbsp;CH3_read_STATus
<LI><a href="#[92]">&gt;&gt;</a>&nbsp;&nbsp;&nbsp;CH3_VOLTage
<LI><a href="#[6f]">&gt;&gt;</a>&nbsp;&nbsp;&nbsp;CH3_MEAsure_VOLTage
<LI><a href="#[8b]">&gt;&gt;</a>&nbsp;&nbsp;&nbsp;CH2_VOLTage
<LI><a href="#[83]">&gt;&gt;</a>&nbsp;&nbsp;&nbsp;CH2_CURRent
<LI><a href="#[8a]">&gt;&gt;</a>&nbsp;&nbsp;&nbsp;CH1_VOLTage
<LI><a href="#[82]">&gt;&gt;</a>&nbsp;&nbsp;&nbsp;CH1_CURRent
<LI><a href="#[9a]">&gt;&gt;</a>&nbsp;&nbsp;&nbsp;CALibration_VOLTage
<LI><a href="#[9b]">&gt;&gt;</a>&nbsp;&nbsp;&nbsp;CALibration_CURRent
<LI><a href="#[e9]">&gt;&gt;</a>&nbsp;&nbsp;&nbsp;strnmatch
<LI><a href="#[78]">&gt;&gt;</a>&nbsp;&nbsp;&nbsp;cmd_count_reset
<LI><a href="#[7a]">&gt;&gt;</a>&nbsp;&nbsp;&nbsp;cmd_KEY
<LI><a href="#[7b]">&gt;&gt;</a>&nbsp;&nbsp;&nbsp;Serial_Set
<LI><a href="#[7e]">&gt;&gt;</a>&nbsp;&nbsp;&nbsp;Serial_Query
</UL>

<P><STRONG><a name="[a2]"></a>atoi</STRONG> (Thumb, 26 bytes, Stack size 16 bytes, atoi.o(.text))
<BR><BR>[Stack]<UL><LI>Max Depth = 88<LI>Call Chain = atoi &rArr; strtol &rArr; _strtoul
</UL>
<BR>[Calls]<UL><LI><a href="#[a4]">&gt;&gt;</a>&nbsp;&nbsp;&nbsp;strtol
<LI><a href="#[a3]">&gt;&gt;</a>&nbsp;&nbsp;&nbsp;__aeabi_errno_addr
</UL>
<BR>[Called By]<UL><LI><a href="#[72]">&gt;&gt;</a>&nbsp;&nbsp;&nbsp;SAV
<LI><a href="#[73]">&gt;&gt;</a>&nbsp;&nbsp;&nbsp;RCL
<LI><a href="#[95]">&gt;&gt;</a>&nbsp;&nbsp;&nbsp;OUTPut_TRACk
<LI><a href="#[9a]">&gt;&gt;</a>&nbsp;&nbsp;&nbsp;CALibration_VOLTage
<LI><a href="#[9b]">&gt;&gt;</a>&nbsp;&nbsp;&nbsp;CALibration_CURRent
<LI><a href="#[10f]">&gt;&gt;</a>&nbsp;&nbsp;&nbsp;cmd_cls
</UL>

<P><STRONG><a name="[a5]"></a>__aeabi_fadd</STRONG> (Thumb, 164 bytes, Stack size 16 bytes, fadd.o(.text))
<BR><BR>[Stack]<UL><LI>Max Depth = 20<LI>Call Chain = __aeabi_fadd &rArr; _float_epilogue
</UL>
<BR>[Calls]<UL><LI><a href="#[a7]">&gt;&gt;</a>&nbsp;&nbsp;&nbsp;_float_round
<LI><a href="#[a6]">&gt;&gt;</a>&nbsp;&nbsp;&nbsp;_float_epilogue
</UL>
<BR>[Called By]<UL><LI><a href="#[5d]">&gt;&gt;</a>&nbsp;&nbsp;&nbsp;uctsk_Disp
<LI><a href="#[f8]">&gt;&gt;</a>&nbsp;&nbsp;&nbsp;func_set
<LI><a href="#[a8]">&gt;&gt;</a>&nbsp;&nbsp;&nbsp;__aeabi_fsub
<LI><a href="#[a9]">&gt;&gt;</a>&nbsp;&nbsp;&nbsp;__aeabi_frsub
<LI><a href="#[22a]">&gt;&gt;</a>&nbsp;&nbsp;&nbsp;func_set_ch3
<LI><a href="#[103]">&gt;&gt;</a>&nbsp;&nbsp;&nbsp;CH3_Measure
<LI><a href="#[5a]">&gt;&gt;</a>&nbsp;&nbsp;&nbsp;uctsk_Measure
<LI><a href="#[f7]">&gt;&gt;</a>&nbsp;&nbsp;&nbsp;CH2_Measure
<LI><a href="#[ef]">&gt;&gt;</a>&nbsp;&nbsp;&nbsp;CH1_Measure
</UL>

<P><STRONG><a name="[a8]"></a>__aeabi_fsub</STRONG> (Thumb, 6 bytes, Stack size 0 bytes, fadd.o(.text))
<BR><BR>[Stack]<UL><LI>Max Depth = 20<LI>Call Chain = __aeabi_fsub &rArr; __aeabi_fadd &rArr; _float_epilogue
</UL>
<BR>[Calls]<UL><LI><a href="#[a5]">&gt;&gt;</a>&nbsp;&nbsp;&nbsp;__aeabi_fadd
</UL>
<BR>[Called By]<UL><LI><a href="#[5d]">&gt;&gt;</a>&nbsp;&nbsp;&nbsp;uctsk_Disp
<LI><a href="#[ea]">&gt;&gt;</a>&nbsp;&nbsp;&nbsp;Cal_Test
</UL>

<P><STRONG><a name="[a9]"></a>__aeabi_frsub</STRONG> (Thumb, 6 bytes, Stack size 0 bytes, fadd.o(.text))
<BR><BR>[Stack]<UL><LI>Max Depth = 20<LI>Call Chain = __aeabi_frsub &rArr; __aeabi_fadd &rArr; _float_epilogue
</UL>
<BR>[Calls]<UL><LI><a href="#[a5]">&gt;&gt;</a>&nbsp;&nbsp;&nbsp;__aeabi_fadd
</UL>
<BR>[Called By]<UL><LI><a href="#[ea]">&gt;&gt;</a>&nbsp;&nbsp;&nbsp;Cal_Test
</UL>

<P><STRONG><a name="[f2]"></a>__aeabi_fmul</STRONG> (Thumb, 100 bytes, Stack size 8 bytes, fmul.o(.text))
<BR><BR>[Stack]<UL><LI>Max Depth = 8<LI>Call Chain = __aeabi_fmul
</UL>
<BR>[Called By]<UL><LI><a href="#[1d7]">&gt;&gt;</a>&nbsp;&nbsp;&nbsp;SET_REFLESH_OVP_PAGE
<LI><a href="#[22d]">&gt;&gt;</a>&nbsp;&nbsp;&nbsp;para_start_set
<LI><a href="#[f8]">&gt;&gt;</a>&nbsp;&nbsp;&nbsp;func_set
<LI><a href="#[148]">&gt;&gt;</a>&nbsp;&nbsp;&nbsp;HT1621_Test
<LI><a href="#[ea]">&gt;&gt;</a>&nbsp;&nbsp;&nbsp;Cal_Test
<LI><a href="#[22a]">&gt;&gt;</a>&nbsp;&nbsp;&nbsp;func_set_ch3
<LI><a href="#[103]">&gt;&gt;</a>&nbsp;&nbsp;&nbsp;CH3_Measure
<LI><a href="#[5a]">&gt;&gt;</a>&nbsp;&nbsp;&nbsp;uctsk_Measure
<LI><a href="#[f7]">&gt;&gt;</a>&nbsp;&nbsp;&nbsp;CH2_Measure
<LI><a href="#[ef]">&gt;&gt;</a>&nbsp;&nbsp;&nbsp;CH1_Measure
<LI><a href="#[15a]">&gt;&gt;</a>&nbsp;&nbsp;&nbsp;Main_Disp_reflesh
<LI><a href="#[1a8]">&gt;&gt;</a>&nbsp;&nbsp;&nbsp;SET_REFLESH
<LI><a href="#[7c]">&gt;&gt;</a>&nbsp;&nbsp;&nbsp;ReadAll
<LI><a href="#[70]">&gt;&gt;</a>&nbsp;&nbsp;&nbsp;MEASure_POWEr
</UL>

<P><STRONG><a name="[aa]"></a>__aeabi_fdiv</STRONG> (Thumb, 124 bytes, Stack size 8 bytes, fdiv.o(.text))
<BR><BR>[Stack]<UL><LI>Max Depth = 8<LI>Call Chain = __aeabi_fdiv
</UL>
<BR>[Calls]<UL><LI><a href="#[a7]">&gt;&gt;</a>&nbsp;&nbsp;&nbsp;_float_round
</UL>
<BR>[Called By]<UL><LI><a href="#[f8]">&gt;&gt;</a>&nbsp;&nbsp;&nbsp;func_set
<LI><a href="#[ea]">&gt;&gt;</a>&nbsp;&nbsp;&nbsp;Cal_Test
<LI><a href="#[103]">&gt;&gt;</a>&nbsp;&nbsp;&nbsp;CH3_Measure
<LI><a href="#[f7]">&gt;&gt;</a>&nbsp;&nbsp;&nbsp;CH2_Measure
<LI><a href="#[ef]">&gt;&gt;</a>&nbsp;&nbsp;&nbsp;CH1_Measure
</UL>

<P><STRONG><a name="[ab]"></a>__aeabi_dadd</STRONG> (Thumb, 322 bytes, Stack size 48 bytes, dadd.o(.text))
<BR><BR>[Stack]<UL><LI>Max Depth = 88<LI>Call Chain = __aeabi_dadd &rArr; _double_epilogue &rArr; _double_round
</UL>
<BR>[Calls]<UL><LI><a href="#[ad]">&gt;&gt;</a>&nbsp;&nbsp;&nbsp;__aeabi_lasr
<LI><a href="#[ac]">&gt;&gt;</a>&nbsp;&nbsp;&nbsp;__aeabi_llsl
<LI><a href="#[af]">&gt;&gt;</a>&nbsp;&nbsp;&nbsp;_double_round
<LI><a href="#[ae]">&gt;&gt;</a>&nbsp;&nbsp;&nbsp;_double_epilogue
</UL>
<BR>[Called By]<UL><LI><a href="#[235]">&gt;&gt;</a>&nbsp;&nbsp;&nbsp;up_deal
<LI><a href="#[b0]">&gt;&gt;</a>&nbsp;&nbsp;&nbsp;__aeabi_dsub
<LI><a href="#[5d]">&gt;&gt;</a>&nbsp;&nbsp;&nbsp;uctsk_Disp
<LI><a href="#[5a]">&gt;&gt;</a>&nbsp;&nbsp;&nbsp;uctsk_Measure
<LI><a href="#[b1]">&gt;&gt;</a>&nbsp;&nbsp;&nbsp;__aeabi_drsub
<LI><a href="#[20d]">&gt;&gt;</a>&nbsp;&nbsp;&nbsp;_fp_digits
</UL>

<P><STRONG><a name="[b0]"></a>__aeabi_dsub</STRONG> (Thumb, 6 bytes, Stack size 0 bytes, dadd.o(.text))
<BR><BR>[Stack]<UL><LI>Max Depth = 88<LI>Call Chain = __aeabi_dsub &rArr; __aeabi_dadd &rArr; _double_epilogue &rArr; _double_round
</UL>
<BR>[Calls]<UL><LI><a href="#[ab]">&gt;&gt;</a>&nbsp;&nbsp;&nbsp;__aeabi_dadd
</UL>
<BR>[Called By]<UL><LI><a href="#[222]">&gt;&gt;</a>&nbsp;&nbsp;&nbsp;down_deal
<LI><a href="#[5d]">&gt;&gt;</a>&nbsp;&nbsp;&nbsp;uctsk_Disp
</UL>

<P><STRONG><a name="[b1]"></a>__aeabi_drsub</STRONG> (Thumb, 6 bytes, Stack size 0 bytes, dadd.o(.text), UNUSED)
<BR><BR>[Calls]<UL><LI><a href="#[ab]">&gt;&gt;</a>&nbsp;&nbsp;&nbsp;__aeabi_dadd
</UL>

<P><STRONG><a name="[b2]"></a>__aeabi_dmul</STRONG> (Thumb, 228 bytes, Stack size 48 bytes, dmul.o(.text))
<BR><BR>[Stack]<UL><LI>Max Depth = 88<LI>Call Chain = __aeabi_dmul &rArr; _double_epilogue &rArr; _double_round
</UL>
<BR>[Calls]<UL><LI><a href="#[ae]">&gt;&gt;</a>&nbsp;&nbsp;&nbsp;_double_epilogue
</UL>
<BR>[Called By]<UL><LI><a href="#[f8]">&gt;&gt;</a>&nbsp;&nbsp;&nbsp;func_set
<LI><a href="#[22a]">&gt;&gt;</a>&nbsp;&nbsp;&nbsp;func_set_ch3
<LI><a href="#[103]">&gt;&gt;</a>&nbsp;&nbsp;&nbsp;CH3_Measure
<LI><a href="#[5a]">&gt;&gt;</a>&nbsp;&nbsp;&nbsp;uctsk_Measure
<LI><a href="#[f7]">&gt;&gt;</a>&nbsp;&nbsp;&nbsp;CH2_Measure
<LI><a href="#[ef]">&gt;&gt;</a>&nbsp;&nbsp;&nbsp;CH1_Measure
<LI><a href="#[bf]">&gt;&gt;</a>&nbsp;&nbsp;&nbsp;_fp_value
<LI><a href="#[20d]">&gt;&gt;</a>&nbsp;&nbsp;&nbsp;_fp_digits
</UL>

<P><STRONG><a name="[b3]"></a>__aeabi_ddiv</STRONG> (Thumb, 222 bytes, Stack size 32 bytes, ddiv.o(.text))
<BR><BR>[Stack]<UL><LI>Max Depth = 40<LI>Call Chain = __aeabi_ddiv &rArr; _double_round
</UL>
<BR>[Calls]<UL><LI><a href="#[af]">&gt;&gt;</a>&nbsp;&nbsp;&nbsp;_double_round
</UL>
<BR>[Called By]<UL><LI><a href="#[21b]">&gt;&gt;</a>&nbsp;&nbsp;&nbsp;deal_OVP
<LI><a href="#[21a]">&gt;&gt;</a>&nbsp;&nbsp;&nbsp;deal_OCP
<LI><a href="#[f8]">&gt;&gt;</a>&nbsp;&nbsp;&nbsp;func_set
<LI><a href="#[22a]">&gt;&gt;</a>&nbsp;&nbsp;&nbsp;func_set_ch3
<LI><a href="#[bf]">&gt;&gt;</a>&nbsp;&nbsp;&nbsp;_fp_value
<LI><a href="#[20d]">&gt;&gt;</a>&nbsp;&nbsp;&nbsp;_fp_digits
</UL>

<P><STRONG><a name="[b4]"></a>__aeabi_i2f</STRONG> (Thumb, 18 bytes, Stack size 0 bytes, fflti.o(.text))
<BR><BR>[Stack]<UL><LI>Max Depth = 4<LI>Call Chain = __aeabi_i2f &rArr; _float_epilogue
</UL>
<BR>[Calls]<UL><LI><a href="#[a6]">&gt;&gt;</a>&nbsp;&nbsp;&nbsp;_float_epilogue
</UL>
<BR>[Called By]<UL><LI><a href="#[103]">&gt;&gt;</a>&nbsp;&nbsp;&nbsp;CH3_Measure
<LI><a href="#[f7]">&gt;&gt;</a>&nbsp;&nbsp;&nbsp;CH2_Measure
<LI><a href="#[ef]">&gt;&gt;</a>&nbsp;&nbsp;&nbsp;CH1_Measure
</UL>

<P><STRONG><a name="[b5]"></a>__aeabi_ui2f</STRONG> (Thumb, 10 bytes, Stack size 0 bytes, ffltui.o(.text))
<BR><BR>[Stack]<UL><LI>Max Depth = 4<LI>Call Chain = __aeabi_ui2f &rArr; _float_epilogue
</UL>
<BR>[Calls]<UL><LI><a href="#[a6]">&gt;&gt;</a>&nbsp;&nbsp;&nbsp;_float_epilogue
</UL>
<BR>[Called By]<UL><LI><a href="#[f8]">&gt;&gt;</a>&nbsp;&nbsp;&nbsp;func_set
</UL>

<P><STRONG><a name="[229]"></a>__aeabi_f2uiz</STRONG> (Thumb, 40 bytes, Stack size 0 bytes, ffixui.o(.text))
<BR><BR>[Called By]<UL><LI><a href="#[f8]">&gt;&gt;</a>&nbsp;&nbsp;&nbsp;func_set
<LI><a href="#[22a]">&gt;&gt;</a>&nbsp;&nbsp;&nbsp;func_set_ch3
</UL>

<P><STRONG><a name="[eb]"></a>__aeabi_f2d</STRONG> (Thumb, 38 bytes, Stack size 0 bytes, f2d.o(.text))
<BR><BR>[Called By]<UL><LI><a href="#[235]">&gt;&gt;</a>&nbsp;&nbsp;&nbsp;up_deal
<LI><a href="#[222]">&gt;&gt;</a>&nbsp;&nbsp;&nbsp;down_deal
<LI><a href="#[1a6]">&gt;&gt;</a>&nbsp;&nbsp;&nbsp;SetReflsehAll
<LI><a href="#[1ab]">&gt;&gt;</a>&nbsp;&nbsp;&nbsp;PAGE_OVP_MAIN
<LI><a href="#[5d]">&gt;&gt;</a>&nbsp;&nbsp;&nbsp;uctsk_Disp
<LI><a href="#[f8]">&gt;&gt;</a>&nbsp;&nbsp;&nbsp;func_set
<LI><a href="#[215]">&gt;&gt;</a>&nbsp;&nbsp;&nbsp;ch3_test_disp
<LI><a href="#[109]">&gt;&gt;</a>&nbsp;&nbsp;&nbsp;CH3_value_set
<LI><a href="#[22a]">&gt;&gt;</a>&nbsp;&nbsp;&nbsp;func_set_ch3
<LI><a href="#[103]">&gt;&gt;</a>&nbsp;&nbsp;&nbsp;CH3_Measure
<LI><a href="#[5a]">&gt;&gt;</a>&nbsp;&nbsp;&nbsp;uctsk_Measure
<LI><a href="#[f7]">&gt;&gt;</a>&nbsp;&nbsp;&nbsp;CH2_Measure
<LI><a href="#[ef]">&gt;&gt;</a>&nbsp;&nbsp;&nbsp;CH1_Measure
<LI><a href="#[147]">&gt;&gt;</a>&nbsp;&nbsp;&nbsp;HT1621_Disp_volt
<LI><a href="#[11e]">&gt;&gt;</a>&nbsp;&nbsp;&nbsp;HT1621_Disp_power
<LI><a href="#[118]">&gt;&gt;</a>&nbsp;&nbsp;&nbsp;HT1621_Disp_curret
<LI><a href="#[11c]">&gt;&gt;</a>&nbsp;&nbsp;&nbsp;HT1621_Disp_Cal_curret
<LI><a href="#[15a]">&gt;&gt;</a>&nbsp;&nbsp;&nbsp;Main_Disp_reflesh
<LI><a href="#[ee]">&gt;&gt;</a>&nbsp;&nbsp;&nbsp;floattostr
<LI><a href="#[93]">&gt;&gt;</a>&nbsp;&nbsp;&nbsp;Qry_CH3_VOLTage
<LI><a href="#[83]">&gt;&gt;</a>&nbsp;&nbsp;&nbsp;CH2_CURRent
<LI><a href="#[82]">&gt;&gt;</a>&nbsp;&nbsp;&nbsp;CH1_CURRent
</UL>

<P><STRONG><a name="[250]"></a>__aeabi_cdcmpeq</STRONG> (Thumb, 0 bytes, Stack size 0 bytes, cdcmple.o(.text), UNUSED)

<P><STRONG><a name="[f3]"></a>__aeabi_cdcmple</STRONG> (Thumb, 48 bytes, Stack size 0 bytes, cdcmple.o(.text))
<BR><BR>[Called By]<UL><LI><a href="#[235]">&gt;&gt;</a>&nbsp;&nbsp;&nbsp;up_deal
<LI><a href="#[222]">&gt;&gt;</a>&nbsp;&nbsp;&nbsp;down_deal
<LI><a href="#[142]">&gt;&gt;</a>&nbsp;&nbsp;&nbsp;HT1621_Disp_CH3_volt
<LI><a href="#[109]">&gt;&gt;</a>&nbsp;&nbsp;&nbsp;CH3_value_set
<LI><a href="#[f7]">&gt;&gt;</a>&nbsp;&nbsp;&nbsp;CH2_Measure
<LI><a href="#[ef]">&gt;&gt;</a>&nbsp;&nbsp;&nbsp;CH1_Measure
<LI><a href="#[115]">&gt;&gt;</a>&nbsp;&nbsp;&nbsp;HT1621_Disp_Cal_volt
<LI><a href="#[113]">&gt;&gt;</a>&nbsp;&nbsp;&nbsp;HT1621_Cal_curret_set
<LI><a href="#[114]">&gt;&gt;</a>&nbsp;&nbsp;&nbsp;Cal_Volt_Disp
</UL>

<P><STRONG><a name="[ec]"></a>__aeabi_cdrcmple</STRONG> (Thumb, 48 bytes, Stack size 0 bytes, cdrcmple.o(.text))
<BR><BR>[Called By]<UL><LI><a href="#[235]">&gt;&gt;</a>&nbsp;&nbsp;&nbsp;up_deal
<LI><a href="#[222]">&gt;&gt;</a>&nbsp;&nbsp;&nbsp;down_deal
<LI><a href="#[142]">&gt;&gt;</a>&nbsp;&nbsp;&nbsp;HT1621_Disp_CH3_volt
<LI><a href="#[109]">&gt;&gt;</a>&nbsp;&nbsp;&nbsp;CH3_value_set
<LI><a href="#[f7]">&gt;&gt;</a>&nbsp;&nbsp;&nbsp;CH2_Measure
<LI><a href="#[147]">&gt;&gt;</a>&nbsp;&nbsp;&nbsp;HT1621_Disp_volt
<LI><a href="#[11e]">&gt;&gt;</a>&nbsp;&nbsp;&nbsp;HT1621_Disp_power
<LI><a href="#[118]">&gt;&gt;</a>&nbsp;&nbsp;&nbsp;HT1621_Disp_curret
<LI><a href="#[115]">&gt;&gt;</a>&nbsp;&nbsp;&nbsp;HT1621_Disp_Cal_volt
<LI><a href="#[11c]">&gt;&gt;</a>&nbsp;&nbsp;&nbsp;HT1621_Disp_Cal_curret
<LI><a href="#[113]">&gt;&gt;</a>&nbsp;&nbsp;&nbsp;HT1621_Cal_curret_set
<LI><a href="#[83]">&gt;&gt;</a>&nbsp;&nbsp;&nbsp;CH2_CURRent
<LI><a href="#[82]">&gt;&gt;</a>&nbsp;&nbsp;&nbsp;CH1_CURRent
<LI><a href="#[20d]">&gt;&gt;</a>&nbsp;&nbsp;&nbsp;_fp_digits
</UL>

<P><STRONG><a name="[b6]"></a>__aeabi_d2f</STRONG> (Thumb, 56 bytes, Stack size 8 bytes, d2f.o(.text))
<BR><BR>[Stack]<UL><LI>Max Depth = 8<LI>Call Chain = __aeabi_d2f
</UL>
<BR>[Calls]<UL><LI><a href="#[a7]">&gt;&gt;</a>&nbsp;&nbsp;&nbsp;_float_round
</UL>
<BR>[Called By]<UL><LI><a href="#[235]">&gt;&gt;</a>&nbsp;&nbsp;&nbsp;up_deal
<LI><a href="#[222]">&gt;&gt;</a>&nbsp;&nbsp;&nbsp;down_deal
<LI><a href="#[21b]">&gt;&gt;</a>&nbsp;&nbsp;&nbsp;deal_OVP
<LI><a href="#[21a]">&gt;&gt;</a>&nbsp;&nbsp;&nbsp;deal_OCP
<LI><a href="#[1a6]">&gt;&gt;</a>&nbsp;&nbsp;&nbsp;SetReflsehAll
<LI><a href="#[5d]">&gt;&gt;</a>&nbsp;&nbsp;&nbsp;uctsk_Disp
<LI><a href="#[f8]">&gt;&gt;</a>&nbsp;&nbsp;&nbsp;func_set
<LI><a href="#[1ce]">&gt;&gt;</a>&nbsp;&nbsp;&nbsp;Rcl_set
<LI><a href="#[22a]">&gt;&gt;</a>&nbsp;&nbsp;&nbsp;func_set_ch3
<LI><a href="#[103]">&gt;&gt;</a>&nbsp;&nbsp;&nbsp;CH3_Measure
<LI><a href="#[5a]">&gt;&gt;</a>&nbsp;&nbsp;&nbsp;uctsk_Measure
<LI><a href="#[f7]">&gt;&gt;</a>&nbsp;&nbsp;&nbsp;CH2_Measure
<LI><a href="#[ef]">&gt;&gt;</a>&nbsp;&nbsp;&nbsp;CH1_Measure
<LI><a href="#[8e]">&gt;&gt;</a>&nbsp;&nbsp;&nbsp;OVER_VOLTage
<LI><a href="#[8f]">&gt;&gt;</a>&nbsp;&nbsp;&nbsp;OVER_CURRENT
<LI><a href="#[92]">&gt;&gt;</a>&nbsp;&nbsp;&nbsp;CH3_VOLTage
<LI><a href="#[8b]">&gt;&gt;</a>&nbsp;&nbsp;&nbsp;CH2_VOLTage
<LI><a href="#[83]">&gt;&gt;</a>&nbsp;&nbsp;&nbsp;CH2_CURRent
<LI><a href="#[8a]">&gt;&gt;</a>&nbsp;&nbsp;&nbsp;CH1_VOLTage
<LI><a href="#[82]">&gt;&gt;</a>&nbsp;&nbsp;&nbsp;CH1_CURRent
<LI><a href="#[9a]">&gt;&gt;</a>&nbsp;&nbsp;&nbsp;CALibration_VOLTage
<LI><a href="#[9b]">&gt;&gt;</a>&nbsp;&nbsp;&nbsp;CALibration_CURRent
<LI><a href="#[c1]">&gt;&gt;</a>&nbsp;&nbsp;&nbsp;_scanf_really_real
</UL>

<P><STRONG><a name="[251]"></a>__aeabi_cfcmpeq</STRONG> (Thumb, 0 bytes, Stack size 0 bytes, cfcmple.o(.text), UNUSED)

<P><STRONG><a name="[ed]"></a>__aeabi_cfcmple</STRONG> (Thumb, 20 bytes, Stack size 0 bytes, cfcmple.o(.text))
<BR><BR>[Called By]<UL><LI><a href="#[235]">&gt;&gt;</a>&nbsp;&nbsp;&nbsp;up_deal
<LI><a href="#[222]">&gt;&gt;</a>&nbsp;&nbsp;&nbsp;down_deal
<LI><a href="#[5d]">&gt;&gt;</a>&nbsp;&nbsp;&nbsp;uctsk_Disp
<LI><a href="#[1ce]">&gt;&gt;</a>&nbsp;&nbsp;&nbsp;Rcl_set
<LI><a href="#[111]">&gt;&gt;</a>&nbsp;&nbsp;&nbsp;CalParam_deal
<LI><a href="#[103]">&gt;&gt;</a>&nbsp;&nbsp;&nbsp;CH3_Measure
<LI><a href="#[f7]">&gt;&gt;</a>&nbsp;&nbsp;&nbsp;CH2_Measure
<LI><a href="#[ef]">&gt;&gt;</a>&nbsp;&nbsp;&nbsp;CH1_Measure
<LI><a href="#[147]">&gt;&gt;</a>&nbsp;&nbsp;&nbsp;HT1621_Disp_volt
<LI><a href="#[11e]">&gt;&gt;</a>&nbsp;&nbsp;&nbsp;HT1621_Disp_power
<LI><a href="#[118]">&gt;&gt;</a>&nbsp;&nbsp;&nbsp;HT1621_Disp_curret
<LI><a href="#[11c]">&gt;&gt;</a>&nbsp;&nbsp;&nbsp;HT1621_Disp_Cal_curret
<LI><a href="#[1d5]">&gt;&gt;</a>&nbsp;&nbsp;&nbsp;Volt_Disp
<LI><a href="#[92]">&gt;&gt;</a>&nbsp;&nbsp;&nbsp;CH3_VOLTage
<LI><a href="#[8b]">&gt;&gt;</a>&nbsp;&nbsp;&nbsp;CH2_VOLTage
<LI><a href="#[83]">&gt;&gt;</a>&nbsp;&nbsp;&nbsp;CH2_CURRent
<LI><a href="#[8a]">&gt;&gt;</a>&nbsp;&nbsp;&nbsp;CH1_VOLTage
<LI><a href="#[82]">&gt;&gt;</a>&nbsp;&nbsp;&nbsp;CH1_CURRent
</UL>

<P><STRONG><a name="[f0]"></a>__aeabi_cfrcmple</STRONG> (Thumb, 20 bytes, Stack size 0 bytes, cfrcmple.o(.text))
<BR><BR>[Called By]<UL><LI><a href="#[235]">&gt;&gt;</a>&nbsp;&nbsp;&nbsp;up_deal
<LI><a href="#[1ab]">&gt;&gt;</a>&nbsp;&nbsp;&nbsp;PAGE_OVP_MAIN
<LI><a href="#[1a7]">&gt;&gt;</a>&nbsp;&nbsp;&nbsp;PAGE_MAIN
<LI><a href="#[5d]">&gt;&gt;</a>&nbsp;&nbsp;&nbsp;uctsk_Disp
<LI><a href="#[111]">&gt;&gt;</a>&nbsp;&nbsp;&nbsp;CalParam_deal
<LI><a href="#[ea]">&gt;&gt;</a>&nbsp;&nbsp;&nbsp;Cal_Test
<LI><a href="#[103]">&gt;&gt;</a>&nbsp;&nbsp;&nbsp;CH3_Measure
<LI><a href="#[5a]">&gt;&gt;</a>&nbsp;&nbsp;&nbsp;uctsk_Measure
<LI><a href="#[f7]">&gt;&gt;</a>&nbsp;&nbsp;&nbsp;CH2_Measure
<LI><a href="#[ef]">&gt;&gt;</a>&nbsp;&nbsp;&nbsp;CH1_Measure
<LI><a href="#[11e]">&gt;&gt;</a>&nbsp;&nbsp;&nbsp;HT1621_Disp_power
<LI><a href="#[92]">&gt;&gt;</a>&nbsp;&nbsp;&nbsp;CH3_VOLTage
<LI><a href="#[8b]">&gt;&gt;</a>&nbsp;&nbsp;&nbsp;CH2_VOLTage
<LI><a href="#[8a]">&gt;&gt;</a>&nbsp;&nbsp;&nbsp;CH1_VOLTage
</UL>

<P><STRONG><a name="[252]"></a>__aeabi_uidiv</STRONG> (Thumb, 0 bytes, Stack size 12 bytes, uidiv.o(.text), UNUSED)

<P><STRONG><a name="[210]"></a>__aeabi_uidivmod</STRONG> (Thumb, 44 bytes, Stack size 12 bytes, uidiv.o(.text), UNUSED)
<BR><BR>[Called By]<UL><LI><a href="#[20b]">&gt;&gt;</a>&nbsp;&nbsp;&nbsp;_printf_core
</UL>

<P><STRONG><a name="[b7]"></a>__aeabi_uldivmod</STRONG> (Thumb, 98 bytes, Stack size 40 bytes, uldiv.o(.text), UNUSED)
<BR><BR>[Calls]<UL><LI><a href="#[b8]">&gt;&gt;</a>&nbsp;&nbsp;&nbsp;__aeabi_llsr
<LI><a href="#[ac]">&gt;&gt;</a>&nbsp;&nbsp;&nbsp;__aeabi_llsl
</UL>
<BR>[Called By]<UL><LI><a href="#[20b]">&gt;&gt;</a>&nbsp;&nbsp;&nbsp;_printf_core
<LI><a href="#[20d]">&gt;&gt;</a>&nbsp;&nbsp;&nbsp;_fp_digits
</UL>

<P><STRONG><a name="[ac]"></a>__aeabi_llsl</STRONG> (Thumb, 30 bytes, Stack size 0 bytes, llshl.o(.text))
<BR><BR>[Called By]<UL><LI><a href="#[ab]">&gt;&gt;</a>&nbsp;&nbsp;&nbsp;__aeabi_dadd
<LI><a href="#[b7]">&gt;&gt;</a>&nbsp;&nbsp;&nbsp;__aeabi_uldivmod
<LI><a href="#[ae]">&gt;&gt;</a>&nbsp;&nbsp;&nbsp;_double_epilogue
<LI><a href="#[bd]">&gt;&gt;</a>&nbsp;&nbsp;&nbsp;__aeabi_d2ulz
</UL>

<P><STRONG><a name="[253]"></a>_ll_shift_l</STRONG> (Thumb, 0 bytes, Stack size 0 bytes, llshl.o(.text), UNUSED)

<P><STRONG><a name="[ad]"></a>__aeabi_lasr</STRONG> (Thumb, 36 bytes, Stack size 0 bytes, llsshr.o(.text))
<BR><BR>[Called By]<UL><LI><a href="#[ab]">&gt;&gt;</a>&nbsp;&nbsp;&nbsp;__aeabi_dadd
</UL>

<P><STRONG><a name="[254]"></a>_ll_sshift_r</STRONG> (Thumb, 0 bytes, Stack size 0 bytes, llsshr.o(.text), UNUSED)

<P><STRONG><a name="[bb]"></a>__strtod_int</STRONG> (Thumb, 88 bytes, Stack size 40 bytes, strtod.o(.text))
<BR><BR>[Stack]<UL><LI>Max Depth = 200<LI>Call Chain = __strtod_int &rArr; _local_sscanf &rArr; _scanf_real
</UL>
<BR>[Calls]<UL><LI><a href="#[b9]">&gt;&gt;</a>&nbsp;&nbsp;&nbsp;_local_sscanf
</UL>
<BR>[Called By]<UL><LI><a href="#[e8]">&gt;&gt;</a>&nbsp;&nbsp;&nbsp;atof
</UL>

<P><STRONG><a name="[a4]"></a>strtol</STRONG> (Thumb, 112 bytes, Stack size 32 bytes, strtol.o(.text))
<BR><BR>[Stack]<UL><LI>Max Depth = 72<LI>Call Chain = strtol &rArr; _strtoul
</UL>
<BR>[Calls]<UL><LI><a href="#[9e]">&gt;&gt;</a>&nbsp;&nbsp;&nbsp;__rt_ctype_table
<LI><a href="#[bc]">&gt;&gt;</a>&nbsp;&nbsp;&nbsp;_strtoul
<LI><a href="#[a3]">&gt;&gt;</a>&nbsp;&nbsp;&nbsp;__aeabi_errno_addr
</UL>
<BR>[Called By]<UL><LI><a href="#[a2]">&gt;&gt;</a>&nbsp;&nbsp;&nbsp;atoi
</UL>

<P><STRONG><a name="[255]"></a>__I$use$fp</STRONG> (Thumb, 0 bytes, Stack size 0 bytes, iusefp.o(.text), UNUSED)

<P><STRONG><a name="[a7]"></a>_float_round</STRONG> (Thumb, 18 bytes, Stack size 0 bytes, fepilogue.o(.text))
<BR><BR>[Called By]<UL><LI><a href="#[a5]">&gt;&gt;</a>&nbsp;&nbsp;&nbsp;__aeabi_fadd
<LI><a href="#[b6]">&gt;&gt;</a>&nbsp;&nbsp;&nbsp;__aeabi_d2f
<LI><a href="#[aa]">&gt;&gt;</a>&nbsp;&nbsp;&nbsp;__aeabi_fdiv
</UL>

<P><STRONG><a name="[a6]"></a>_float_epilogue</STRONG> (Thumb, 92 bytes, Stack size 4 bytes, fepilogue.o(.text))
<BR><BR>[Stack]<UL><LI>Max Depth = 4<LI>Call Chain = _float_epilogue
</UL>
<BR>[Called By]<UL><LI><a href="#[a5]">&gt;&gt;</a>&nbsp;&nbsp;&nbsp;__aeabi_fadd
<LI><a href="#[b4]">&gt;&gt;</a>&nbsp;&nbsp;&nbsp;__aeabi_i2f
<LI><a href="#[b5]">&gt;&gt;</a>&nbsp;&nbsp;&nbsp;__aeabi_ui2f
</UL>

<P><STRONG><a name="[af]"></a>_double_round</STRONG> (Thumb, 30 bytes, Stack size 8 bytes, depilogue.o(.text))
<BR><BR>[Stack]<UL><LI>Max Depth = 8<LI>Call Chain = _double_round
</UL>
<BR>[Called By]<UL><LI><a href="#[ab]">&gt;&gt;</a>&nbsp;&nbsp;&nbsp;__aeabi_dadd
<LI><a href="#[b3]">&gt;&gt;</a>&nbsp;&nbsp;&nbsp;__aeabi_ddiv
<LI><a href="#[ae]">&gt;&gt;</a>&nbsp;&nbsp;&nbsp;_double_epilogue
</UL>

<P><STRONG><a name="[ae]"></a>_double_epilogue</STRONG> (Thumb, 156 bytes, Stack size 32 bytes, depilogue.o(.text))
<BR><BR>[Stack]<UL><LI>Max Depth = 40<LI>Call Chain = _double_epilogue &rArr; _double_round
</UL>
<BR>[Calls]<UL><LI><a href="#[b8]">&gt;&gt;</a>&nbsp;&nbsp;&nbsp;__aeabi_llsr
<LI><a href="#[ac]">&gt;&gt;</a>&nbsp;&nbsp;&nbsp;__aeabi_llsl
<LI><a href="#[af]">&gt;&gt;</a>&nbsp;&nbsp;&nbsp;_double_round
</UL>
<BR>[Called By]<UL><LI><a href="#[ab]">&gt;&gt;</a>&nbsp;&nbsp;&nbsp;__aeabi_dadd
<LI><a href="#[b2]">&gt;&gt;</a>&nbsp;&nbsp;&nbsp;__aeabi_dmul
<LI><a href="#[c0]">&gt;&gt;</a>&nbsp;&nbsp;&nbsp;__aeabi_ul2d
</UL>

<P><STRONG><a name="[bd]"></a>__aeabi_d2ulz</STRONG> (Thumb, 48 bytes, Stack size 0 bytes, dfixul.o(.text), UNUSED)
<BR><BR>[Calls]<UL><LI><a href="#[b8]">&gt;&gt;</a>&nbsp;&nbsp;&nbsp;__aeabi_llsr
<LI><a href="#[ac]">&gt;&gt;</a>&nbsp;&nbsp;&nbsp;__aeabi_llsl
</UL>
<BR>[Called By]<UL><LI><a href="#[20d]">&gt;&gt;</a>&nbsp;&nbsp;&nbsp;_fp_digits
</UL>

<P><STRONG><a name="[9d]"></a>__scatterload</STRONG> (Thumb, 28 bytes, Stack size 0 bytes, init.o(.text))
<BR><BR>[Calls]<UL><LI><a href="#[be]">&gt;&gt;</a>&nbsp;&nbsp;&nbsp;__main_after_scatterload
</UL>
<BR>[Called By]<UL><LI><a href="#[9c]">&gt;&gt;</a>&nbsp;&nbsp;&nbsp;_main_scatterload
</UL>

<P><STRONG><a name="[256]"></a>__scatterload_rt2</STRONG> (Thumb, 0 bytes, Stack size 0 bytes, init.o(.text), UNUSED)

<P><STRONG><a name="[b8]"></a>__aeabi_llsr</STRONG> (Thumb, 32 bytes, Stack size 0 bytes, llushr.o(.text))
<BR><BR>[Called By]<UL><LI><a href="#[b7]">&gt;&gt;</a>&nbsp;&nbsp;&nbsp;__aeabi_uldivmod
<LI><a href="#[ae]">&gt;&gt;</a>&nbsp;&nbsp;&nbsp;_double_epilogue
<LI><a href="#[bd]">&gt;&gt;</a>&nbsp;&nbsp;&nbsp;__aeabi_d2ulz
</UL>

<P><STRONG><a name="[257]"></a>_ll_ushift_r</STRONG> (Thumb, 0 bytes, Stack size 0 bytes, llushr.o(.text), UNUSED)

<P><STRONG><a name="[ba]"></a>_scanf_real</STRONG> (Thumb, 0 bytes, Stack size 104 bytes, scanf_fp.o(.text))
<BR><BR>[Stack]<UL><LI>Max Depth = 104<LI>Call Chain = _scanf_real
</UL>
<BR>[Called By]<UL><LI><a href="#[b9]">&gt;&gt;</a>&nbsp;&nbsp;&nbsp;_local_sscanf
</UL>

<P><STRONG><a name="[c1]"></a>_scanf_really_real</STRONG> (Thumb, 556 bytes, Stack size 104 bytes, scanf_fp.o(.text), UNUSED)
<BR><BR>[Calls]<UL><LI><a href="#[b6]">&gt;&gt;</a>&nbsp;&nbsp;&nbsp;__aeabi_d2f
<LI><a href="#[c2]">&gt;&gt;</a>&nbsp;&nbsp;&nbsp;_is_digit
<LI><a href="#[bf]">&gt;&gt;</a>&nbsp;&nbsp;&nbsp;_fp_value
</UL>

<P><STRONG><a name="[57]"></a>_sgetc</STRONG> (Thumb, 30 bytes, Stack size 0 bytes, _sgetc.o(.text))
<BR>[Address Reference Count : 1]<UL><LI> strtod.o(.text)
</UL>
<P><STRONG><a name="[58]"></a>_sbackspace</STRONG> (Thumb, 34 bytes, Stack size 0 bytes, _sgetc.o(.text))
<BR>[Address Reference Count : 1]<UL><LI> strtod.o(.text)
</UL>
<P><STRONG><a name="[bc]"></a>_strtoul</STRONG> (Thumb, 158 bytes, Stack size 40 bytes, _strtoul.o(.text))
<BR><BR>[Stack]<UL><LI>Max Depth = 40<LI>Call Chain = _strtoul
</UL>
<BR>[Calls]<UL><LI><a href="#[c3]">&gt;&gt;</a>&nbsp;&nbsp;&nbsp;_chval
<LI><a href="#[a3]">&gt;&gt;</a>&nbsp;&nbsp;&nbsp;__aeabi_errno_addr
</UL>
<BR>[Called By]<UL><LI><a href="#[a4]">&gt;&gt;</a>&nbsp;&nbsp;&nbsp;strtol
</UL>

<P><STRONG><a name="[c3]"></a>_chval</STRONG> (Thumb, 28 bytes, Stack size 0 bytes, _chval.o(.text))
<BR><BR>[Called By]<UL><LI><a href="#[bc]">&gt;&gt;</a>&nbsp;&nbsp;&nbsp;_strtoul
</UL>

<P><STRONG><a name="[c0]"></a>__aeabi_ul2d</STRONG> (Thumb, 24 bytes, Stack size 16 bytes, dfltul.o(.text), UNUSED)
<BR><BR>[Calls]<UL><LI><a href="#[ae]">&gt;&gt;</a>&nbsp;&nbsp;&nbsp;_double_epilogue
</UL>
<BR>[Called By]<UL><LI><a href="#[bf]">&gt;&gt;</a>&nbsp;&nbsp;&nbsp;_fp_value
</UL>

<P><STRONG><a name="[258]"></a>__decompress</STRONG> (Thumb, 0 bytes, Stack size unknown bytes, __dczerorl2.o(.text), UNUSED)

<P><STRONG><a name="[259]"></a>__decompress1</STRONG> (Thumb, 86 bytes, Stack size unknown bytes, __dczerorl2.o(.text), UNUSED)

<P><STRONG><a name="[c4]"></a>AD7562_io</STRONG> (Thumb, 268 bytes, Stack size 16 bytes, touchpanel.o(i.AD7562_io))
<BR><BR>[Stack]<UL><LI>Max Depth = 40<LI>Call Chain = AD7562_io &rArr; GPIO_Init
</UL>
<BR>[Calls]<UL><LI><a href="#[c5]">&gt;&gt;</a>&nbsp;&nbsp;&nbsp;RCC_APB2PeriphClockCmd
<LI><a href="#[c8]">&gt;&gt;</a>&nbsp;&nbsp;&nbsp;GPIO_SetBits
<LI><a href="#[c7]">&gt;&gt;</a>&nbsp;&nbsp;&nbsp;GPIO_ResetBits
<LI><a href="#[c6]">&gt;&gt;</a>&nbsp;&nbsp;&nbsp;GPIO_Init
</UL>
<BR>[Called By]<UL><LI><a href="#[53]">&gt;&gt;</a>&nbsp;&nbsp;&nbsp;main
</UL>

<P><STRONG><a name="[c9]"></a>ADS1118_Get_Voltage</STRONG> (Thumb, 238 bytes, Stack size 40 bytes, touchpanel.o(i.ADS1118_Get_Voltage))
<BR><BR>[Stack]<UL><LI>Max Depth = 64<LI>Call Chain = ADS1118_Get_Voltage &rArr; ADS1118_Read
</UL>
<BR>[Calls]<UL><LI><a href="#[c8]">&gt;&gt;</a>&nbsp;&nbsp;&nbsp;GPIO_SetBits
<LI><a href="#[c7]">&gt;&gt;</a>&nbsp;&nbsp;&nbsp;GPIO_ResetBits
<LI><a href="#[cc]">&gt;&gt;</a>&nbsp;&nbsp;&nbsp;DELAY_MS2
<LI><a href="#[ca]">&gt;&gt;</a>&nbsp;&nbsp;&nbsp;DelayUS_ad
<LI><a href="#[cb]">&gt;&gt;</a>&nbsp;&nbsp;&nbsp;ADS1118_Read
</UL>
<BR>[Called By]<UL><LI><a href="#[ef]">&gt;&gt;</a>&nbsp;&nbsp;&nbsp;CH1_Measure
</UL>

<P><STRONG><a name="[cd]"></a>ADS1118_Get_Voltage_CH2</STRONG> (Thumb, 230 bytes, Stack size 40 bytes, touchpanel.o(i.ADS1118_Get_Voltage_CH2))
<BR><BR>[Stack]<UL><LI>Max Depth = 64<LI>Call Chain = ADS1118_Get_Voltage_CH2 &rArr; ADS1118_Read_CH2
</UL>
<BR>[Calls]<UL><LI><a href="#[c8]">&gt;&gt;</a>&nbsp;&nbsp;&nbsp;GPIO_SetBits
<LI><a href="#[c7]">&gt;&gt;</a>&nbsp;&nbsp;&nbsp;GPIO_ResetBits
<LI><a href="#[cc]">&gt;&gt;</a>&nbsp;&nbsp;&nbsp;DELAY_MS2
<LI><a href="#[ca]">&gt;&gt;</a>&nbsp;&nbsp;&nbsp;DelayUS_ad
<LI><a href="#[ce]">&gt;&gt;</a>&nbsp;&nbsp;&nbsp;ADS1118_Read_CH2
</UL>
<BR>[Called By]<UL><LI><a href="#[f7]">&gt;&gt;</a>&nbsp;&nbsp;&nbsp;CH2_Measure
</UL>

<P><STRONG><a name="[cb]"></a>ADS1118_Read</STRONG> (Thumb, 122 bytes, Stack size 24 bytes, touchpanel.o(i.ADS1118_Read))
<BR><BR>[Stack]<UL><LI>Max Depth = 24<LI>Call Chain = ADS1118_Read
</UL>
<BR>[Calls]<UL><LI><a href="#[c8]">&gt;&gt;</a>&nbsp;&nbsp;&nbsp;GPIO_SetBits
<LI><a href="#[c7]">&gt;&gt;</a>&nbsp;&nbsp;&nbsp;GPIO_ResetBits
<LI><a href="#[cf]">&gt;&gt;</a>&nbsp;&nbsp;&nbsp;GPIO_ReadInputDataBit
<LI><a href="#[cc]">&gt;&gt;</a>&nbsp;&nbsp;&nbsp;DELAY_MS2
</UL>
<BR>[Called By]<UL><LI><a href="#[c9]">&gt;&gt;</a>&nbsp;&nbsp;&nbsp;ADS1118_Get_Voltage
</UL>

<P><STRONG><a name="[ce]"></a>ADS1118_Read_CH2</STRONG> (Thumb, 112 bytes, Stack size 24 bytes, touchpanel.o(i.ADS1118_Read_CH2))
<BR><BR>[Stack]<UL><LI>Max Depth = 24<LI>Call Chain = ADS1118_Read_CH2
</UL>
<BR>[Calls]<UL><LI><a href="#[c8]">&gt;&gt;</a>&nbsp;&nbsp;&nbsp;GPIO_SetBits
<LI><a href="#[c7]">&gt;&gt;</a>&nbsp;&nbsp;&nbsp;GPIO_ResetBits
<LI><a href="#[cf]">&gt;&gt;</a>&nbsp;&nbsp;&nbsp;GPIO_ReadInputDataBit
<LI><a href="#[cc]">&gt;&gt;</a>&nbsp;&nbsp;&nbsp;DELAY_MS2
</UL>
<BR>[Called By]<UL><LI><a href="#[cd]">&gt;&gt;</a>&nbsp;&nbsp;&nbsp;ADS1118_Get_Voltage_CH2
</UL>

<P><STRONG><a name="[d0]"></a>ADS1118_init</STRONG> (Thumb, 76 bytes, Stack size 8 bytes, touchpanel.o(i.ADS1118_init))
<BR><BR>[Stack]<UL><LI>Max Depth = 8<LI>Call Chain = ADS1118_init
</UL>
<BR>[Calls]<UL><LI><a href="#[c8]">&gt;&gt;</a>&nbsp;&nbsp;&nbsp;GPIO_SetBits
<LI><a href="#[c7]">&gt;&gt;</a>&nbsp;&nbsp;&nbsp;GPIO_ResetBits
<LI><a href="#[cc]">&gt;&gt;</a>&nbsp;&nbsp;&nbsp;DELAY_MS2
</UL>
<BR>[Called By]<UL><LI><a href="#[53]">&gt;&gt;</a>&nbsp;&nbsp;&nbsp;main
</UL>

<P><STRONG><a name="[d1]"></a>App_OSViewTaskCreate</STRONG> (Thumb, 58 bytes, Stack size 32 bytes, uctsk_osmeasure.o(i.App_OSViewTaskCreate))
<BR><BR>[Stack]<UL><LI>Max Depth = 184 + Unknown Stack Size
<LI>Call Chain = App_OSViewTaskCreate &rArr; OSTaskCreateExt &rArr; OS_TCBInit &rArr; OSTaskCreateHook &rArr; App_TaskCreateHook &rArr; OSView_TaskCreateHook &rArr; OSView_TimeGetCycles &rArr; OSView_TmrRd
</UL>
<BR>[Calls]<UL><LI><a href="#[d3]">&gt;&gt;</a>&nbsp;&nbsp;&nbsp;OSTaskNameSet
<LI><a href="#[d2]">&gt;&gt;</a>&nbsp;&nbsp;&nbsp;OSTaskCreateExt
</UL>
<BR>[Called By]<UL><LI><a href="#[d4]">&gt;&gt;</a>&nbsp;&nbsp;&nbsp;App_TaskCreate
</UL>

<P><STRONG><a name="[188]"></a>App_TCBInitHook</STRONG> (Thumb, 2 bytes, Stack size 0 bytes, os_apphooks.o(i.App_TCBInitHook))
<BR><BR>[Called By]<UL><LI><a href="#[187]">&gt;&gt;</a>&nbsp;&nbsp;&nbsp;OSTCBInitHook
</UL>

<P><STRONG><a name="[d6]"></a>App_TaskCreateHook</STRONG> (Thumb, 12 bytes, Stack size 8 bytes, os_apphooks.o(i.App_TaskCreateHook))
<BR><BR>[Stack]<UL><LI>Max Depth = 48 + Unknown Stack Size
<LI>Call Chain = App_TaskCreateHook &rArr; OSView_TaskCreateHook &rArr; OSView_TimeGetCycles &rArr; OSView_TmrRd
</UL>
<BR>[Calls]<UL><LI><a href="#[d7]">&gt;&gt;</a>&nbsp;&nbsp;&nbsp;OSView_TaskCreateHook
</UL>
<BR>[Called By]<UL><LI><a href="#[18c]">&gt;&gt;</a>&nbsp;&nbsp;&nbsp;OSTaskCreateHook
</UL>

<P><STRONG><a name="[18e]"></a>App_TaskIdleHook</STRONG> (Thumb, 2 bytes, Stack size 0 bytes, os_apphooks.o(i.App_TaskIdleHook))
<BR><BR>[Called By]<UL><LI><a href="#[18d]">&gt;&gt;</a>&nbsp;&nbsp;&nbsp;OSTaskIdleHook
</UL>

<P><STRONG><a name="[190]"></a>App_TaskStatHook</STRONG> (Thumb, 2 bytes, Stack size 0 bytes, os_apphooks.o(i.App_TaskStatHook))
<BR><BR>[Called By]<UL><LI><a href="#[18f]">&gt;&gt;</a>&nbsp;&nbsp;&nbsp;OSTaskStatHook
</UL>

<P><STRONG><a name="[db]"></a>App_TaskSwHook</STRONG> (Thumb, 8 bytes, Stack size 8 bytes, os_apphooks.o(i.App_TaskSwHook))
<BR><BR>[Stack]<UL><LI>Max Depth = 48 + Unknown Stack Size
<LI>Call Chain = App_TaskSwHook &rArr; OSView_TaskSwHook &rArr; OSView_TimeGetCycles &rArr; OSView_TmrRd
</UL>
<BR>[Calls]<UL><LI><a href="#[dc]">&gt;&gt;</a>&nbsp;&nbsp;&nbsp;OSView_TaskSwHook
</UL>
<BR>[Called By]<UL><LI><a href="#[56]">&gt;&gt;</a>&nbsp;&nbsp;&nbsp;OSTaskSwHook
</UL>

<P><STRONG><a name="[dd]"></a>App_TimeTickHook</STRONG> (Thumb, 8 bytes, Stack size 8 bytes, os_apphooks.o(i.App_TimeTickHook))
<BR><BR>[Stack]<UL><LI>Max Depth = 48 + Unknown Stack Size
<LI>Call Chain = App_TimeTickHook &rArr; OSView_TickHook &rArr; OSView_TimeGetCycles &rArr; OSView_TmrRd
</UL>
<BR>[Calls]<UL><LI><a href="#[de]">&gt;&gt;</a>&nbsp;&nbsp;&nbsp;OSView_TickHook
</UL>
<BR>[Called By]<UL><LI><a href="#[194]">&gt;&gt;</a>&nbsp;&nbsp;&nbsp;OSTimeTickHook
</UL>

<P><STRONG><a name="[d5]"></a>App_UCGUI_TaskCreate</STRONG> (Thumb, 154 bytes, Stack size 8 bytes, uctsk_task.o(i.App_UCGUI_TaskCreate))
<BR><BR>[Stack]<UL><LI>Max Depth = 152 + Unknown Stack Size
<LI>Call Chain = App_UCGUI_TaskCreate &rArr; OSTaskCreate &rArr; OS_TCBInit &rArr; OSTaskCreateHook &rArr; App_TaskCreateHook &rArr; OSView_TaskCreateHook &rArr; OSView_TimeGetCycles &rArr; OSView_TmrRd
</UL>
<BR>[Calls]<UL><LI><a href="#[df]">&gt;&gt;</a>&nbsp;&nbsp;&nbsp;OSTaskCreate
<LI><a href="#[d3]">&gt;&gt;</a>&nbsp;&nbsp;&nbsp;OSTaskNameSet
</UL>
<BR>[Called By]<UL><LI><a href="#[d4]">&gt;&gt;</a>&nbsp;&nbsp;&nbsp;App_TaskCreate
</UL>

<P><STRONG><a name="[e0]"></a>BEEP_RING</STRONG> (Thumb, 42 bytes, Stack size 8 bytes, main.o(i.BEEP_RING))
<BR><BR>[Stack]<UL><LI>Max Depth = 8<LI>Call Chain = BEEP_RING
</UL>
<BR>[Calls]<UL><LI><a href="#[c8]">&gt;&gt;</a>&nbsp;&nbsp;&nbsp;GPIO_SetBits
<LI><a href="#[c7]">&gt;&gt;</a>&nbsp;&nbsp;&nbsp;GPIO_ResetBits
<LI><a href="#[e1]">&gt;&gt;</a>&nbsp;&nbsp;&nbsp;DELAY_MS1
</UL>
<BR>[Called By]<UL><LI><a href="#[235]">&gt;&gt;</a>&nbsp;&nbsp;&nbsp;up_deal
<LI><a href="#[222]">&gt;&gt;</a>&nbsp;&nbsp;&nbsp;down_deal
<LI><a href="#[5d]">&gt;&gt;</a>&nbsp;&nbsp;&nbsp;uctsk_Disp
<LI><a href="#[1ad]">&gt;&gt;</a>&nbsp;&nbsp;&nbsp;PowerOn_Test
<LI><a href="#[1a0]">&gt;&gt;</a>&nbsp;&nbsp;&nbsp;OutPutOff
</UL>

<P><STRONG><a name="[e2]"></a>BEEP_RING1</STRONG> (Thumb, 32 bytes, Stack size 8 bytes, main.o(i.BEEP_RING1))
<BR><BR>[Stack]<UL><LI>Max Depth = 8<LI>Call Chain = BEEP_RING1
</UL>
<BR>[Calls]<UL><LI><a href="#[c8]">&gt;&gt;</a>&nbsp;&nbsp;&nbsp;GPIO_SetBits
<LI><a href="#[c7]">&gt;&gt;</a>&nbsp;&nbsp;&nbsp;GPIO_ResetBits
<LI><a href="#[e1]">&gt;&gt;</a>&nbsp;&nbsp;&nbsp;DELAY_MS1
</UL>
<BR>[Called By]<UL><LI><a href="#[21b]">&gt;&gt;</a>&nbsp;&nbsp;&nbsp;deal_OVP
<LI><a href="#[21a]">&gt;&gt;</a>&nbsp;&nbsp;&nbsp;deal_OCP
<LI><a href="#[224]">&gt;&gt;</a>&nbsp;&nbsp;&nbsp;enter_cal_page
<LI><a href="#[5d]">&gt;&gt;</a>&nbsp;&nbsp;&nbsp;uctsk_Disp
</UL>

<P><STRONG><a name="[e3]"></a>BKP_DeInit</STRONG> (Thumb, 16 bytes, Stack size 8 bytes, stm32f10x_bkp.o(i.BKP_DeInit))
<BR><BR>[Stack]<UL><LI>Max Depth = 8<LI>Call Chain = BKP_DeInit
</UL>
<BR>[Calls]<UL><LI><a href="#[e4]">&gt;&gt;</a>&nbsp;&nbsp;&nbsp;RCC_BackupResetCmd
</UL>
<BR>[Called By]<UL><LI><a href="#[1bd]">&gt;&gt;</a>&nbsp;&nbsp;&nbsp;RTC_Configuration
</UL>

<P><STRONG><a name="[1c9]"></a>BKP_ReadBackupRegister</STRONG> (Thumb, 24 bytes, Stack size 8 bytes, stm32f10x_bkp.o(i.BKP_ReadBackupRegister))
<BR><BR>[Stack]<UL><LI>Max Depth = 8<LI>Call Chain = BKP_ReadBackupRegister
</UL>
<BR>[Called By]<UL><LI><a href="#[1c8]">&gt;&gt;</a>&nbsp;&nbsp;&nbsp;RTC_Init
</UL>

<P><STRONG><a name="[1ca]"></a>BKP_WriteBackupRegister</STRONG> (Thumb, 22 bytes, Stack size 8 bytes, stm32f10x_bkp.o(i.BKP_WriteBackupRegister))
<BR><BR>[Stack]<UL><LI>Max Depth = 8<LI>Call Chain = BKP_WriteBackupRegister
</UL>
<BR>[Called By]<UL><LI><a href="#[1c8]">&gt;&gt;</a>&nbsp;&nbsp;&nbsp;RTC_Init
</UL>

<P><STRONG><a name="[11]"></a>BusFault_Handler</STRONG> (Thumb, 4 bytes, Stack size 0 bytes, stm32f10x_it.o(i.BusFault_Handler))
<BR>[Address Reference Count : 1]<UL><LI> startup_stm32f10x_hd.o(RESET)
</UL>
<P><STRONG><a name="[1e4]"></a>ByteSwap</STRONG> (Thumb, 12 bytes, Stack size 0 bytes, usb_regs.o(i.ByteSwap))
<BR><BR>[Called By]<UL><LI><a href="#[10d]">&gt;&gt;</a>&nbsp;&nbsp;&nbsp;Setup0_Process
</UL>

<P><STRONG><a name="[9b]"></a>CALibration_CURRent</STRONG> (Thumb, 404 bytes, Stack size 40 bytes, scpi.o(i.CALibration_CURRent))
<BR><BR>[Stack]<UL><LI>Max Depth = 264<LI>Call Chain = CALibration_CURRent &rArr; atof &rArr; __strtod_int &rArr; _local_sscanf &rArr; _scanf_real
</UL>
<BR>[Calls]<UL><LI><a href="#[b6]">&gt;&gt;</a>&nbsp;&nbsp;&nbsp;__aeabi_d2f
<LI><a href="#[ea]">&gt;&gt;</a>&nbsp;&nbsp;&nbsp;Cal_Test
<LI><a href="#[e7]">&gt;&gt;</a>&nbsp;&nbsp;&nbsp;check_para
<LI><a href="#[e6]">&gt;&gt;</a>&nbsp;&nbsp;&nbsp;check_int_para
<LI><a href="#[e9]">&gt;&gt;</a>&nbsp;&nbsp;&nbsp;strnmatch
<LI><a href="#[e5]">&gt;&gt;</a>&nbsp;&nbsp;&nbsp;strlen
<LI><a href="#[e8]">&gt;&gt;</a>&nbsp;&nbsp;&nbsp;atof
<LI><a href="#[a2]">&gt;&gt;</a>&nbsp;&nbsp;&nbsp;atoi
</UL>
<BR>[Address Reference Count : 1]<UL><LI> scpi.o(.constdata)
</UL>
<P><STRONG><a name="[9a]"></a>CALibration_VOLTage</STRONG> (Thumb, 534 bytes, Stack size 40 bytes, scpi.o(i.CALibration_VOLTage))
<BR><BR>[Stack]<UL><LI>Max Depth = 264<LI>Call Chain = CALibration_VOLTage &rArr; atof &rArr; __strtod_int &rArr; _local_sscanf &rArr; _scanf_real
</UL>
<BR>[Calls]<UL><LI><a href="#[b6]">&gt;&gt;</a>&nbsp;&nbsp;&nbsp;__aeabi_d2f
<LI><a href="#[ea]">&gt;&gt;</a>&nbsp;&nbsp;&nbsp;Cal_Test
<LI><a href="#[e7]">&gt;&gt;</a>&nbsp;&nbsp;&nbsp;check_para
<LI><a href="#[e6]">&gt;&gt;</a>&nbsp;&nbsp;&nbsp;check_int_para
<LI><a href="#[e9]">&gt;&gt;</a>&nbsp;&nbsp;&nbsp;strnmatch
<LI><a href="#[e5]">&gt;&gt;</a>&nbsp;&nbsp;&nbsp;strlen
<LI><a href="#[e8]">&gt;&gt;</a>&nbsp;&nbsp;&nbsp;atof
<LI><a href="#[a2]">&gt;&gt;</a>&nbsp;&nbsp;&nbsp;atoi
</UL>
<BR>[Address Reference Count : 1]<UL><LI> scpi.o(.constdata)
</UL>
<P><STRONG><a name="[82]"></a>CH1_CURRent</STRONG> (Thumb, 198 bytes, Stack size 32 bytes, scpi.o(i.CH1_CURRent))
<BR><BR>[Stack]<UL><LI>Max Depth = 256<LI>Call Chain = CH1_CURRent &rArr; atof &rArr; __strtod_int &rArr; _local_sscanf &rArr; _scanf_real
</UL>
<BR>[Calls]<UL><LI><a href="#[b6]">&gt;&gt;</a>&nbsp;&nbsp;&nbsp;__aeabi_d2f
[...]
</UL>
<P><STRONG><a name="[60]"></a>uctsk_Encode_key1</STRONG> (Thumb, 210 bytes, Stack size 0 bytes, uctsk_task.o(i.uctsk_Encode_key1))
<BR><BR>[Stack]<UL><LI>Max Depth = 24 + Unknown Stack Size
<LI>Call Chain = uctsk_Encode_key1 &rArr; OSTimeDly &rArr; OS_Sched
</UL>
<BR>[Calls]<UL><LI><a href="#[186]">&gt;&gt;</a>&nbsp;&nbsp;&nbsp;OSTimeDly
<LI><a href="#[cf]">&gt;&gt;</a>&nbsp;&nbsp;&nbsp;GPIO_ReadInputDataBit
</UL>
<BR>[Address Reference Count : 1]<UL><LI> uctsk_task.o(i.App_UCGUI_TaskCreate)
</UL>
<P><STRONG><a name="[5c]"></a>uctsk_Led</STRONG> (Thumb, 294 bytes, Stack size 0 bytes, uctsk_task.o(i.uctsk_Led))
<BR><BR>[Stack]<UL><LI>Max Depth = 48 + Unknown Stack Size
<LI>Call Chain = uctsk_Led &rArr; OSTimeDlyHMSM &rArr; OSTimeDly &rArr; OS_Sched
</UL>
<BR>[Calls]<UL><LI><a href="#[192]">&gt;&gt;</a>&nbsp;&nbsp;&nbsp;OSTimeDlyHMSM
</UL>
<BR>[Address Reference Count : 1]<UL><LI> uctsk_task.o(i.App_UCGUI_TaskCreate)
</UL>
<P><STRONG><a name="[5b]"></a>uctsk_Main</STRONG> (Thumb, 758 bytes, Stack size 0 bytes, uctsk_task.o(i.uctsk_Main))
<BR><BR>[Stack]<UL><LI>Max Depth = 72 + Unknown Stack Size
<LI>Call Chain = uctsk_Main &rArr; OSSemPost &rArr; OS_EventTaskRdy &rArr; OS_EventTaskRemoveMulti
</UL>
<BR>[Calls]<UL><LI><a href="#[186]">&gt;&gt;</a>&nbsp;&nbsp;&nbsp;OSTimeDly
<LI><a href="#[182]">&gt;&gt;</a>&nbsp;&nbsp;&nbsp;OSSemPost
<LI><a href="#[21e]">&gt;&gt;</a>&nbsp;&nbsp;&nbsp;deal_real_disp
<LI><a href="#[c7]">&gt;&gt;</a>&nbsp;&nbsp;&nbsp;GPIO_ResetBits
<LI><a href="#[cf]">&gt;&gt;</a>&nbsp;&nbsp;&nbsp;GPIO_ReadInputDataBit
<LI><a href="#[22b]">&gt;&gt;</a>&nbsp;&nbsp;&nbsp;key_scan
</UL>
<BR>[Address Reference Count : 1]<UL><LI> uctsk_task.o(i.App_UCGUI_TaskCreate)
</UL>
<P><STRONG><a name="[5e]"></a>uctsk_Scpi</STRONG> (Thumb, 24 bytes, Stack size 0 bytes, uctsk_task.o(i.uctsk_Scpi))
<BR><BR>[Stack]<UL><LI>Max Depth = 104 + Unknown Stack Size
<LI>Call Chain = uctsk_Scpi &rArr; usbtmc_scheduler &rArr; parseDeviceCommand &rArr; strnmatch
</UL>
<BR>[Calls]<UL><LI><a href="#[236]">&gt;&gt;</a>&nbsp;&nbsp;&nbsp;usbtmc_scheduler
<LI><a href="#[21f]">&gt;&gt;</a>&nbsp;&nbsp;&nbsp;deal_scpi_usart_main
<LI><a href="#[192]">&gt;&gt;</a>&nbsp;&nbsp;&nbsp;OSTimeDlyHMSM
</UL>
<BR>[Address Reference Count : 1]<UL><LI> uctsk_task.o(i.App_UCGUI_TaskCreate)
</UL>
<P><STRONG><a name="[1bd]"></a>RTC_Configuration</STRONG> (Thumb, 70 bytes, Stack size 8 bytes, rtc_time.o(i.RTC_Configuration))
<BR><BR>[Stack]<UL><LI>Max Depth = 16<LI>Call Chain = RTC_Configuration &rArr; BKP_DeInit
</UL>
<BR>[Calls]<UL><LI><a href="#[1c2]">&gt;&gt;</a>&nbsp;&nbsp;&nbsp;RTC_WaitForSynchro
<LI><a href="#[1c3]">&gt;&gt;</a>&nbsp;&nbsp;&nbsp;RTC_WaitForLastTask
<LI><a href="#[1c5]">&gt;&gt;</a>&nbsp;&nbsp;&nbsp;RTC_SetPrescaler
<LI><a href="#[1c4]">&gt;&gt;</a>&nbsp;&nbsp;&nbsp;RTC_ITConfig
<LI><a href="#[1c0]">&gt;&gt;</a>&nbsp;&nbsp;&nbsp;RCC_RTCCLKConfig
<LI><a href="#[1c1]">&gt;&gt;</a>&nbsp;&nbsp;&nbsp;RCC_RTCCLKCmd
<LI><a href="#[1bf]">&gt;&gt;</a>&nbsp;&nbsp;&nbsp;PWR_BackupAccessCmd
<LI><a href="#[e3]">&gt;&gt;</a>&nbsp;&nbsp;&nbsp;BKP_DeInit
<LI><a href="#[1be]">&gt;&gt;</a>&nbsp;&nbsp;&nbsp;RCC_APB1PeriphClockCmd
</UL>
<BR>[Called By]<UL><LI><a href="#[1c8]">&gt;&gt;</a>&nbsp;&nbsp;&nbsp;RTC_Init
</UL>

<P><STRONG><a name="[112]"></a>Cal_Curr_Disp</STRONG> (Thumb, 26 bytes, Stack size 24 bytes, mainpage.o(i.Cal_Curr_Disp))
<BR><BR>[Stack]<UL><LI>Max Depth = 104<LI>Call Chain = Cal_Curr_Disp &rArr; HT1621_Cal_curret_set &rArr; WriteAll_1621Byte_CH2 &rArr; SendDataBit_1621
</UL>
<BR>[Calls]<UL><LI><a href="#[113]">&gt;&gt;</a>&nbsp;&nbsp;&nbsp;HT1621_Cal_curret_set
</UL>
<BR>[Called By]<UL><LI><a href="#[1a6]">&gt;&gt;</a>&nbsp;&nbsp;&nbsp;SetReflsehAll
<LI><a href="#[1a4]">&gt;&gt;</a>&nbsp;&nbsp;&nbsp;SET_REFLESH_SET_PAGE
<LI><a href="#[1d6]">&gt;&gt;</a>&nbsp;&nbsp;&nbsp;SET_REFLESH_CAL_PAGE
</UL>

<P><STRONG><a name="[117]"></a>Curr_Disp</STRONG> (Thumb, 18 bytes, Stack size 16 bytes, mainpage.o(i.Curr_Disp))
<BR><BR>[Stack]<UL><LI>Max Depth = 104<LI>Call Chain = Curr_Disp &rArr; HT1621_Disp_curret &rArr; floattostr &rArr; __2sprintf
</UL>
<BR>[Calls]<UL><LI><a href="#[118]">&gt;&gt;</a>&nbsp;&nbsp;&nbsp;HT1621_Disp_curret
</UL>
<BR>[Called By]<UL><LI><a href="#[1a6]">&gt;&gt;</a>&nbsp;&nbsp;&nbsp;SetReflsehAll
<LI><a href="#[1a4]">&gt;&gt;</a>&nbsp;&nbsp;&nbsp;SET_REFLESH_SET_PAGE
<LI><a href="#[1d7]">&gt;&gt;</a>&nbsp;&nbsp;&nbsp;SET_REFLESH_OVP_PAGE
<LI><a href="#[1a8]">&gt;&gt;</a>&nbsp;&nbsp;&nbsp;SET_REFLESH
<LI><a href="#[116]">&gt;&gt;</a>&nbsp;&nbsp;&nbsp;Curr_Cur_Change
</UL>

<P><STRONG><a name="[1d5]"></a>Volt_Disp</STRONG> (Thumb, 26 bytes, Stack size 16 bytes, mainpage.o(i.Volt_Disp))
<BR><BR>[Stack]<UL><LI>Max Depth = 104<LI>Call Chain = Volt_Disp &rArr; HT1621_Disp_volt &rArr; floattostr &rArr; __2sprintf
</UL>
<BR>[Calls]<UL><LI><a href="#[ed]">&gt;&gt;</a>&nbsp;&nbsp;&nbsp;__aeabi_cfcmple
<LI><a href="#[147]">&gt;&gt;</a>&nbsp;&nbsp;&nbsp;HT1621_Disp_volt
</UL>
<BR>[Called By]<UL><LI><a href="#[1a6]">&gt;&gt;</a>&nbsp;&nbsp;&nbsp;SetReflsehAll
<LI><a href="#[1a4]">&gt;&gt;</a>&nbsp;&nbsp;&nbsp;SET_REFLESH_SET_PAGE
<LI><a href="#[1d7]">&gt;&gt;</a>&nbsp;&nbsp;&nbsp;SET_REFLESH_OVP_PAGE
<LI><a href="#[15b]">&gt;&gt;</a>&nbsp;&nbsp;&nbsp;Volt_Cur_Change
<LI><a href="#[1a8]">&gt;&gt;</a>&nbsp;&nbsp;&nbsp;SET_REFLESH
</UL>

<P><STRONG><a name="[ef]"></a>CH1_Measure</STRONG> (Thumb, 438 bytes, Stack size 40 bytes, uctsk_osmeasure.o(i.CH1_Measure))
<BR><BR>[Stack]<UL><LI>Max Depth = 264 + Unknown Stack Size
<LI>Call Chain = CH1_Measure &rArr; atof &rArr; __strtod_int &rArr; _local_sscanf &rArr; _scanf_real
</UL>
<BR>[Calls]<UL><LI><a href="#[f1]">&gt;&gt;</a>&nbsp;&nbsp;&nbsp;OS_CPU_SR_Save
<LI><a href="#[f4]">&gt;&gt;</a>&nbsp;&nbsp;&nbsp;OS_CPU_SR_Restore
<LI><a href="#[a5]">&gt;&gt;</a>&nbsp;&nbsp;&nbsp;__aeabi_fadd
<LI><a href="#[b6]">&gt;&gt;</a>&nbsp;&nbsp;&nbsp;__aeabi_d2f
<LI><a href="#[ed]">&gt;&gt;</a>&nbsp;&nbsp;&nbsp;__aeabi_cfcmple
<LI><a href="#[f2]">&gt;&gt;</a>&nbsp;&nbsp;&nbsp;__aeabi_fmul
<LI><a href="#[aa]">&gt;&gt;</a>&nbsp;&nbsp;&nbsp;__aeabi_fdiv
<LI><a href="#[eb]">&gt;&gt;</a>&nbsp;&nbsp;&nbsp;__aeabi_f2d
<LI><a href="#[f0]">&gt;&gt;</a>&nbsp;&nbsp;&nbsp;__aeabi_cfrcmple
<LI><a href="#[f3]">&gt;&gt;</a>&nbsp;&nbsp;&nbsp;__aeabi_cdcmple
<LI><a href="#[b4]">&gt;&gt;</a>&nbsp;&nbsp;&nbsp;__aeabi_i2f
<LI><a href="#[b2]">&gt;&gt;</a>&nbsp;&nbsp;&nbsp;__aeabi_dmul
<LI><a href="#[c9]">&gt;&gt;</a>&nbsp;&nbsp;&nbsp;ADS1118_Get_Voltage
<LI><a href="#[ee]">&gt;&gt;</a>&nbsp;&nbsp;&nbsp;floattostr
<LI><a href="#[e8]">&gt;&gt;</a>&nbsp;&nbsp;&nbsp;atof
</UL>
<BR>[Called By]<UL><LI><a href="#[5a]">&gt;&gt;</a>&nbsp;&nbsp;&nbsp;uctsk_Measure
</UL>

<P><STRONG><a name="[f7]"></a>CH2_Measure</STRONG> (Thumb, 758 bytes, Stack size 48 bytes, uctsk_osmeasure.o(i.CH2_Measure))
<BR><BR>[Stack]<UL><LI>Max Depth = 272 + Unknown Stack Size
<LI>Call Chain = CH2_Measure &rArr; atof &rArr; __strtod_int &rArr; _local_sscanf &rArr; _scanf_real
</UL>
<BR>[Calls]<UL><LI><a href="#[f1]">&gt;&gt;</a>&nbsp;&nbsp;&nbsp;OS_CPU_SR_Save
<LI><a href="#[f4]">&gt;&gt;</a>&nbsp;&nbsp;&nbsp;OS_CPU_SR_Restore
<LI><a href="#[a5]">&gt;&gt;</a>&nbsp;&nbsp;&nbsp;__aeabi_fadd
<LI><a href="#[b6]">&gt;&gt;</a>&nbsp;&nbsp;&nbsp;__aeabi_d2f
<LI><a href="#[ed]">&gt;&gt;</a>&nbsp;&nbsp;&nbsp;__aeabi_cfcmple
<LI><a href="#[f8]">&gt;&gt;</a>&nbsp;&nbsp;&nbsp;func_set
<LI><a href="#[f2]">&gt;&gt;</a>&nbsp;&nbsp;&nbsp;__aeabi_fmul
<LI><a href="#[aa]">&gt;&gt;</a>&nbsp;&nbsp;&nbsp;__aeabi_fdiv
<LI><a href="#[eb]">&gt;&gt;</a>&nbsp;&nbsp;&nbsp;__aeabi_f2d
<LI><a href="#[f0]">&gt;&gt;</a>&nbsp;&nbsp;&nbsp;__aeabi_cfrcmple
<LI><a href="#[ec]">&gt;&gt;</a>&nbsp;&nbsp;&nbsp;__aeabi_cdrcmple
<LI><a href="#[f3]">&gt;&gt;</a>&nbsp;&nbsp;&nbsp;__aeabi_cdcmple
<LI><a href="#[cc]">&gt;&gt;</a>&nbsp;&nbsp;&nbsp;DELAY_MS2
<LI><a href="#[b4]">&gt;&gt;</a>&nbsp;&nbsp;&nbsp;__aeabi_i2f
<LI><a href="#[b2]">&gt;&gt;</a>&nbsp;&nbsp;&nbsp;__aeabi_dmul
<LI><a href="#[cd]">&gt;&gt;</a>&nbsp;&nbsp;&nbsp;ADS1118_Get_Voltage_CH2
<LI><a href="#[ee]">&gt;&gt;</a>&nbsp;&nbsp;&nbsp;floattostr
<LI><a href="#[e8]">&gt;&gt;</a>&nbsp;&nbsp;&nbsp;atof
</UL>
<BR>[Called By]<UL><LI><a href="#[5a]">&gt;&gt;</a>&nbsp;&nbsp;&nbsp;uctsk_Measure
</UL>

<P><STRONG><a name="[5a]"></a>uctsk_Measure</STRONG> (Thumb, 900 bytes, Stack size 48 bytes, uctsk_osmeasure.o(i.uctsk_Measure))
<BR><BR>[Stack]<UL><LI>Max Depth = 320 + Unknown Stack Size
<LI>Call Chain = uctsk_Measure &rArr; CH2_Measure &rArr; atof &rArr; __strtod_int &rArr; _local_sscanf &rArr; _scanf_real
</UL>
<BR>[Calls]<UL><LI><a href="#[1d4]">&gt;&gt;</a>&nbsp;&nbsp;&nbsp;set_store
<LI><a href="#[a5]">&gt;&gt;</a>&nbsp;&nbsp;&nbsp;__aeabi_fadd
<LI><a href="#[ab]">&gt;&gt;</a>&nbsp;&nbsp;&nbsp;__aeabi_dadd
<LI><a href="#[b6]">&gt;&gt;</a>&nbsp;&nbsp;&nbsp;__aeabi_d2f
<LI><a href="#[f8]">&gt;&gt;</a>&nbsp;&nbsp;&nbsp;func_set
<LI><a href="#[f2]">&gt;&gt;</a>&nbsp;&nbsp;&nbsp;__aeabi_fmul
<LI><a href="#[eb]">&gt;&gt;</a>&nbsp;&nbsp;&nbsp;__aeabi_f2d
<LI><a href="#[f0]">&gt;&gt;</a>&nbsp;&nbsp;&nbsp;__aeabi_cfrcmple
<LI><a href="#[cc]">&gt;&gt;</a>&nbsp;&nbsp;&nbsp;DELAY_MS2
<LI><a href="#[22a]">&gt;&gt;</a>&nbsp;&nbsp;&nbsp;func_set_ch3
<LI><a href="#[b2]">&gt;&gt;</a>&nbsp;&nbsp;&nbsp;__aeabi_dmul
<LI><a href="#[103]">&gt;&gt;</a>&nbsp;&nbsp;&nbsp;CH3_Measure
<LI><a href="#[f7]">&gt;&gt;</a>&nbsp;&nbsp;&nbsp;CH2_Measure
<LI><a href="#[ef]">&gt;&gt;</a>&nbsp;&nbsp;&nbsp;CH1_Measure
<LI><a href="#[1d3]">&gt;&gt;</a>&nbsp;&nbsp;&nbsp;__aeabi_memcpy4
</UL>
<BR>[Address Reference Count : 1]<UL><LI> uctsk_osmeasure.o(i.App_OSViewTaskCreate)
</UL>
<P><STRONG><a name="[1e0]"></a>SetSysClock</STRONG> (Thumb, 8 bytes, Stack size 8 bytes, system_stm32f10x.o(i.SetSysClock))
<BR><BR>[Stack]<UL><LI>Max Depth = 20<LI>Call Chain = SetSysClock &rArr; SetSysClockTo72
</UL>
<BR>[Calls]<UL><LI><a href="#[1e1]">&gt;&gt;</a>&nbsp;&nbsp;&nbsp;SetSysClockTo72
</UL>
<BR>[Called By]<UL><LI><a href="#[54]">&gt;&gt;</a>&nbsp;&nbsp;&nbsp;SystemInit
</UL>

<P><STRONG><a name="[1e1]"></a>SetSysClockTo72</STRONG> (Thumb, 214 bytes, Stack size 12 bytes, system_stm32f10x.o(i.SetSysClockTo72))
<BR><BR>[Stack]<UL><LI>Max Depth = 12<LI>Call Chain = SetSysClockTo72
</UL>
<BR>[Called By]<UL><LI><a href="#[1e0]">&gt;&gt;</a>&nbsp;&nbsp;&nbsp;SetSysClock
</UL>

<P><STRONG><a name="[16e]"></a>OS_InitEventList</STRONG> (Thumb, 84 bytes, Stack size 16 bytes, os_core.o(i.OS_InitEventList))
<BR><BR>[Stack]<UL><LI>Max Depth = 16<LI>Call Chain = OS_InitEventList
</UL>
<BR>[Calls]<UL><LI><a href="#[196]">&gt;&gt;</a>&nbsp;&nbsp;&nbsp;OS_MemClr
</UL>
<BR>[Called By]<UL><LI><a href="#[169]">&gt;&gt;</a>&nbsp;&nbsp;&nbsp;OSInit
</UL>

<P><STRONG><a name="[16b]"></a>OS_InitMisc</STRONG> (Thumb, 44 bytes, Stack size 0 bytes, os_core.o(i.OS_InitMisc))
<BR><BR>[Called By]<UL><LI><a href="#[169]">&gt;&gt;</a>&nbsp;&nbsp;&nbsp;OSInit
</UL>

<P><STRONG><a name="[16c]"></a>OS_InitRdyList</STRONG> (Thumb, 44 bytes, Stack size 0 bytes, os_core.o(i.OS_InitRdyList))
<BR><BR>[Called By]<UL><LI><a href="#[169]">&gt;&gt;</a>&nbsp;&nbsp;&nbsp;OSInit
</UL>

<P><STRONG><a name="[16d]"></a>OS_InitTCBList</STRONG> (Thumb, 106 bytes, Stack size 16 bytes, os_core.o(i.OS_InitTCBList))
<BR><BR>[Stack]<UL><LI>Max Depth = 16<LI>Call Chain = OS_InitTCBList
</UL>
<BR>[Calls]<UL><LI><a href="#[196]">&gt;&gt;</a>&nbsp;&nbsp;&nbsp;OS_MemClr
</UL>
<BR>[Called By]<UL><LI><a href="#[169]">&gt;&gt;</a>&nbsp;&nbsp;&nbsp;OSInit
</UL>

<P><STRONG><a name="[172]"></a>OS_InitTaskIdle</STRONG> (Thumb, 52 bytes, Stack size 32 bytes, os_core.o(i.OS_InitTaskIdle))
<BR><BR>[Stack]<UL><LI>Max Depth = 184 + Unknown Stack Size
<LI>Call Chain = OS_InitTaskIdle &rArr; OSTaskCreateExt &rArr; OS_TCBInit &rArr; OSTaskCreateHook &rArr; App_TaskCreateHook &rArr; OSView_TaskCreateHook &rArr; OSView_TimeGetCycles &rArr; OSView_TmrRd
</UL>
<BR>[Calls]<UL><LI><a href="#[d3]">&gt;&gt;</a>&nbsp;&nbsp;&nbsp;OSTaskNameSet
<LI><a href="#[d2]">&gt;&gt;</a>&nbsp;&nbsp;&nbsp;OSTaskCreateExt
</UL>
<BR>[Called By]<UL><LI><a href="#[169]">&gt;&gt;</a>&nbsp;&nbsp;&nbsp;OSInit
</UL>

<P><STRONG><a name="[173]"></a>OS_InitTaskStat</STRONG> (Thumb, 52 bytes, Stack size 32 bytes, os_core.o(i.OS_InitTaskStat))
<BR><BR>[Stack]<UL><LI>Max Depth = 184 + Unknown Stack Size
<LI>Call Chain = OS_InitTaskStat &rArr; OSTaskCreateExt &rArr; OS_TCBInit &rArr; OSTaskCreateHook &rArr; App_TaskCreateHook &rArr; OSView_TaskCreateHook &rArr; OSView_TimeGetCycles &rArr; OSView_TmrRd
</UL>
<BR>[Calls]<UL><LI><a href="#[d3]">&gt;&gt;</a>&nbsp;&nbsp;&nbsp;OSTaskNameSet
<LI><a href="#[d2]">&gt;&gt;</a>&nbsp;&nbsp;&nbsp;OSTaskCreateExt
</UL>
<BR>[Called By]<UL><LI><a href="#[169]">&gt;&gt;</a>&nbsp;&nbsp;&nbsp;OSInit
</UL>

<P><STRONG><a name="[178]"></a>OS_SchedNew</STRONG> (Thumb, 26 bytes, Stack size 0 bytes, os_core.o(i.OS_SchedNew))
<BR><BR>[Called By]<UL><LI><a href="#[177]">&gt;&gt;</a>&nbsp;&nbsp;&nbsp;OSIntExit
<LI><a href="#[184]">&gt;&gt;</a>&nbsp;&nbsp;&nbsp;OSStart
<LI><a href="#[17c]">&gt;&gt;</a>&nbsp;&nbsp;&nbsp;OS_Sched
</UL>

<P><STRONG><a name="[197]"></a>OSTmr_InitTask</STRONG> (Thumb, 52 bytes, Stack size 32 bytes, os_tmr.o(i.OSTmr_InitTask))
<BR><BR>[Stack]<UL><LI>Max Depth = 184 + Unknown Stack Size
<LI>Call Chain = OSTmr_InitTask &rArr; OSTaskCreateExt &rArr; OS_TCBInit &rArr; OSTaskCreateHook &rArr; App_TaskCreateHook &rArr; OSView_TaskCreateHook &rArr; OSView_TimeGetCycles &rArr; OSView_TmrRd
</UL>
<BR>[Calls]<UL><LI><a href="#[d3]">&gt;&gt;</a>&nbsp;&nbsp;&nbsp;OSTaskNameSet
<LI><a href="#[d2]">&gt;&gt;</a>&nbsp;&nbsp;&nbsp;OSTaskCreateExt
</UL>
<BR>[Called By]<UL><LI><a href="#[174]">&gt;&gt;</a>&nbsp;&nbsp;&nbsp;OSTmr_Init
</UL>

<P><STRONG><a name="[199]"></a>OSTmr_Link</STRONG> (Thumb, 100 bytes, Stack size 16 bytes, os_tmr.o(i.OSTmr_Link))
<BR><BR>[Stack]<UL><LI>Max Depth = 16<LI>Call Chain = OSTmr_Link
</UL>
<BR>[Called By]<UL><LI><a href="#[64]">&gt;&gt;</a>&nbsp;&nbsp;&nbsp;OSTmr_Task
</UL>

<P><STRONG><a name="[64]"></a>OSTmr_Task</STRONG> (Thumb, 114 bytes, Stack size 8 bytes, os_tmr.o(i.OSTmr_Task))
<BR><BR>[Stack]<UL><LI>Max Depth = 40 + Unknown Stack Size
<LI>Call Chain = OSTmr_Task &rArr; OSSemPend &rArr; OS_Sched
</UL>
<BR>[Calls]<UL><LI><a href="#[17b]">&gt;&gt;</a>&nbsp;&nbsp;&nbsp;OSSchedUnlock
<LI><a href="#[17a]">&gt;&gt;</a>&nbsp;&nbsp;&nbsp;OSSchedLock
<LI><a href="#[198]">&gt;&gt;</a>&nbsp;&nbsp;&nbsp;OSTmr_Unlink
<LI><a href="#[199]">&gt;&gt;</a>&nbsp;&nbsp;&nbsp;OSTmr_Link
<LI><a href="#[17f]">&gt;&gt;</a>&nbsp;&nbsp;&nbsp;OSSemPend
</UL>
<BR>[Address Reference Count : 1]<UL><LI> os_tmr.o(i.OSTmr_InitTask)
</UL>
<P><STRONG><a name="[198]"></a>OSTmr_Unlink</STRONG> (Thumb, 62 bytes, Stack size 12 bytes, os_tmr.o(i.OSTmr_Unlink))
<BR><BR>[Stack]<UL><LI>Max Depth = 12<LI>Call Chain = OSTmr_Unlink
</UL>
<BR>[Called By]<UL><LI><a href="#[64]">&gt;&gt;</a>&nbsp;&nbsp;&nbsp;OSTmr_Task
</UL>

<P><STRONG><a name="[127]"></a>DataStageIn</STRONG> (Thumb, 126 bytes, Stack size 32 bytes, usb_core.o(i.DataStageIn))
<BR><BR>[Stack]<UL><LI>Max Depth = 52<LI>Call Chain = DataStageIn &rArr; UserToPMABufferCopy
</UL>
<BR>[Calls]<UL><LI><a href="#[129]">&gt;&gt;</a>&nbsp;&nbsp;&nbsp;UserToPMABufferCopy
<LI><a href="#[12a]">&gt;&gt;</a>&nbsp;&nbsp;&nbsp;SetEPTxCount
<LI><a href="#[128]">&gt;&gt;</a>&nbsp;&nbsp;&nbsp;GetEPTxAddr
</UL>
<BR>[Called By]<UL><LI><a href="#[10c]">&gt;&gt;</a>&nbsp;&nbsp;&nbsp;In0_Process
<LI><a href="#[12e]">&gt;&gt;</a>&nbsp;&nbsp;&nbsp;Data_Setup0
</UL>

<P><STRONG><a name="[12b]"></a>DataStageOut</STRONG> (Thumb, 166 bytes, Stack size 24 bytes, usb_core.o(i.DataStageOut))
<BR><BR>[Stack]<UL><LI>Max Depth = 44<LI>Call Chain = DataStageOut &rArr; PMAToUserBufferCopy
</UL>
<BR>[Calls]<UL><LI><a href="#[12d]">&gt;&gt;</a>&nbsp;&nbsp;&nbsp;PMAToUserBufferCopy
<LI><a href="#[12c]">&gt;&gt;</a>&nbsp;&nbsp;&nbsp;GetEPRxAddr
<LI><a href="#[12a]">&gt;&gt;</a>&nbsp;&nbsp;&nbsp;SetEPTxCount
</UL>
<BR>[Called By]<UL><LI><a href="#[10e]">&gt;&gt;</a>&nbsp;&nbsp;&nbsp;Out0_Process
</UL>

<P><STRONG><a name="[12e]"></a>Data_Setup0</STRONG> (Thumb, 550 bytes, Stack size 40 bytes, usb_core.o(i.Data_Setup0))
<BR><BR>[Stack]<UL><LI>Max Depth = 92<LI>Call Chain = Data_Setup0 &rArr; DataStageIn &rArr; UserToPMABufferCopy
</UL>
<BR>[Calls]<UL><LI><a href="#[127]">&gt;&gt;</a>&nbsp;&nbsp;&nbsp;DataStageIn
</UL>
<BR>[Called By]<UL><LI><a href="#[10d]">&gt;&gt;</a>&nbsp;&nbsp;&nbsp;Setup0_Process
</UL>

<P><STRONG><a name="[162]"></a>NoData_Setup0</STRONG> (Thumb, 302 bytes, Stack size 16 bytes, usb_core.o(i.NoData_Setup0))
<BR><BR>[Stack]<UL><LI>Max Depth = 56<LI>Call Chain = NoData_Setup0 &rArr; Standard_ClearFeature &rArr; SetEPTxStatus
</UL>
<BR>[Calls]<UL><LI><a href="#[166]">&gt;&gt;</a>&nbsp;&nbsp;&nbsp;Standard_SetInterface
<LI><a href="#[167]">&gt;&gt;</a>&nbsp;&nbsp;&nbsp;Standard_SetEndPointFeature
<LI><a href="#[164]">&gt;&gt;</a>&nbsp;&nbsp;&nbsp;Standard_SetDeviceFeature
<LI><a href="#[163]">&gt;&gt;</a>&nbsp;&nbsp;&nbsp;Standard_SetConfiguration
<LI><a href="#[165]">&gt;&gt;</a>&nbsp;&nbsp;&nbsp;Standard_ClearFeature
</UL>
<BR>[Called By]<UL><LI><a href="#[10d]">&gt;&gt;</a>&nbsp;&nbsp;&nbsp;Setup0_Process
</UL>

<P><STRONG><a name="[20d]"></a>_fp_digits</STRONG> (Thumb, 334 bytes, Stack size 56 bytes, printfa.o(i._fp_digits), UNUSED)
<BR><BR>[Calls]<UL><LI><a href="#[ab]">&gt;&gt;</a>&nbsp;&nbsp;&nbsp;__aeabi_dadd
<LI><a href="#[ec]">&gt;&gt;</a>&nbsp;&nbsp;&nbsp;__aeabi_cdrcmple
<LI><a href="#[b2]">&gt;&gt;</a>&nbsp;&nbsp;&nbsp;__aeabi_dmul
<LI><a href="#[b3]">&gt;&gt;</a>&nbsp;&nbsp;&nbsp;__aeabi_ddiv
<LI><a href="#[b7]">&gt;&gt;</a>&nbsp;&nbsp;&nbsp;__aeabi_uldivmod
<LI><a href="#[bd]">&gt;&gt;</a>&nbsp;&nbsp;&nbsp;__aeabi_d2ulz
</UL>
<BR>[Called By]<UL><LI><a href="#[20b]">&gt;&gt;</a>&nbsp;&nbsp;&nbsp;_printf_core
</UL>

<P><STRONG><a name="[20b]"></a>_printf_core</STRONG> (Thumb, 1744 bytes, Stack size 136 bytes, printfa.o(i._printf_core), UNUSED)
<BR><BR>[Calls]<UL><LI><a href="#[b7]">&gt;&gt;</a>&nbsp;&nbsp;&nbsp;__aeabi_uldivmod
<LI><a href="#[210]">&gt;&gt;</a>&nbsp;&nbsp;&nbsp;__aeabi_uidivmod
<LI><a href="#[20e]">&gt;&gt;</a>&nbsp;&nbsp;&nbsp;_printf_pre_padding
<LI><a href="#[20f]">&gt;&gt;</a>&nbsp;&nbsp;&nbsp;_printf_post_padding
<LI><a href="#[20d]">&gt;&gt;</a>&nbsp;&nbsp;&nbsp;_fp_digits
</UL>
<BR>[Called By]<UL><LI><a href="#[20c]">&gt;&gt;</a>&nbsp;&nbsp;&nbsp;__0sprintf
<LI><a href="#[20a]">&gt;&gt;</a>&nbsp;&nbsp;&nbsp;__0printf
</UL>

<P><STRONG><a name="[20f]"></a>_printf_post_padding</STRONG> (Thumb, 36 bytes, Stack size 24 bytes, printfa.o(i._printf_post_padding), UNUSED)
<BR><BR>[Called By]<UL><LI><a href="#[20b]">&gt;&gt;</a>&nbsp;&nbsp;&nbsp;_printf_core
</UL>

<P><STRONG><a name="[20e]"></a>_printf_pre_padding</STRONG> (Thumb, 46 bytes, Stack size 24 bytes, printfa.o(i._printf_pre_padding), UNUSED)
<BR><BR>[Called By]<UL><LI><a href="#[20b]">&gt;&gt;</a>&nbsp;&nbsp;&nbsp;_printf_core
</UL>

<P><STRONG><a name="[6b]"></a>_sputc</STRONG> (Thumb, 10 bytes, Stack size 0 bytes, printfa.o(i._sputc))
<BR><BR>[Called By]<UL><LI><a href="#[20c]">&gt;&gt;</a>&nbsp;&nbsp;&nbsp;__0sprintf
</UL>
<BR>[Address Reference Count : 1]<UL><LI> printfa.o(i.__0sprintf)
</UL>
<P><STRONG><a name="[b9]"></a>_local_sscanf</STRONG> (Thumb, 54 bytes, Stack size 56 bytes, strtod.o(.text))
<BR><BR>[Stack]<UL><LI>Max Depth = 160<LI>Call Chain = _local_sscanf &rArr; _scanf_real
</UL>
<BR>[Calls]<UL><LI><a href="#[ba]">&gt;&gt;</a>&nbsp;&nbsp;&nbsp;_scanf_real
</UL>
<BR>[Called By]<UL><LI><a href="#[bb]">&gt;&gt;</a>&nbsp;&nbsp;&nbsp;__strtod_int
</UL>

<P><STRONG><a name="[bf]"></a>_fp_value</STRONG> (Thumb, 256 bytes, Stack size 56 bytes, scanf_fp.o(.text), UNUSED)
<BR><BR>[Calls]<UL><LI><a href="#[b2]">&gt;&gt;</a>&nbsp;&nbsp;&nbsp;__aeabi_dmul
<LI><a href="#[b3]">&gt;&gt;</a>&nbsp;&nbsp;&nbsp;__aeabi_ddiv
<LI><a href="#[c0]">&gt;&gt;</a>&nbsp;&nbsp;&nbsp;__aeabi_ul2d
</UL>
<BR>[Called By]<UL><LI><a href="#[c1]">&gt;&gt;</a>&nbsp;&nbsp;&nbsp;_scanf_really_real
</UL>
<P>
<H3>
Undefined Global Symbols
</H3><HR></body></html>
